--------- beginning of main
W/OpenGLRenderer( 1193): Incorrectly called buildLayer on View: ShortcutAndWidgetContainer, destroying layer...
W/OpenGLRenderer( 1193): Incorrectly called buildLayer on View: ShortcutAndWidgetContainer, destroying layer...
D/AndroidRuntime(24435): >>>>>> START com.android.internal.os.RuntimeInit uid 2000 <<<<<<
D/AndroidRuntime(24435): CheckJNI is OFF
D/AndroidRuntime(24435): Calling main entry com.android.commands.am.Am
--------- beginning of system
I/ActivityManager(  598): START u0 {act=android.intent.action.VIEW dat=file:///storage//sdcard0//tzeench//fuzzed.jpg typ=image/* flg=0x10000000 cmp=com.android.gallery3d/.app.GalleryActivity} from uid 2000 on display 0
V/WindowManager(  598): addAppToken: AppWindowToken{1f4aff92 token=Token{1a2b811d ActivityRecord{31c35f4 u0 com.android.gallery3d/.app.GalleryActivity t9}}} to stack=1 task=9 at 273
D/AndroidRuntime(24435): Shutting down VM
V/StateManager(24298): startState class com.android.gallery3d.app.SinglePhotoPage
V/WindowManager(  598): Adding window Window{189582de u0 com.android.gallery3d/com.android.gallery3d.app.GalleryActivity} at 9 of 13 (after Window{57519f5 u0 com.android.gallery3d/com.android.gallery3d.app.GalleryActivity})
I/Adreno-EGL(24298): <qeglDrvAPI_eglInitialize:410>: EGL 1.4 QUALCOMM build: AU_LINUX_ANDROID_LA.AF.1.1.04.04.03.164.081_msm8960_LA.AF.1.1__release_AU ()
I/Adreno-EGL(24298): OpenGL ES Shader Compiler Version: E031.25.01.03
I/Adreno-EGL(24298): Build Date: 11/02/14 Sun
I/Adreno-EGL(24298): Local Branch: mybranch5454281
I/Adreno-EGL(24298): Remote Branch: quic/l_LNX.LA.3.6
I/Adreno-EGL(24298): Local Patches: NONE
I/Adreno-EGL(24298): Reconstruct Branch: AU_LINUX_ANDROID_LA.AF.1.1.04.04.03.164.081 + db92d1e + cb8de02 +  NOTHING
I/OpenGLRenderer(24298): Initialized EGL, version 1.4
V/WindowManager(  598): Adding window Window{26644f8c u0 SurfaceView} at 9 of 14 (before Window{189582de u0 com.android.gallery3d/com.android.gallery3d.app.GalleryActivity})
I/GLRootView(24298): onSurfaceChanged: 1080x1845, gl10: com.google.android.gles_jni.GLImpl@a37eb36
I/GLRootView(24298): layout content pane 1080x1845 (compensation 0)
I/ActivityManager(  598): Displayed com.android.gallery3d/.app.GalleryActivity: +226ms
E/Sensors (  598): Acc old sensor_state 2176, new sensor_state : 2177 en : 1
I/Timeline(24298): Timeline: Activity_idle id: android.os.BinderProxy@77804d1 time:3689825
F/libc    (24298): Fatal signal 7 (SIGBUS), code 2, fault addr 0xa30fd000 in tid 24350 (thread-pool-1)
I/DEBUG   (  230): property debug.db.uid not set; NOT waiting for gdb.
I/DEBUG   (  230): HINT: adb shell setprop debug.db.uid 100000
I/DEBUG   (  230): HINT: adb forward tcp:5039 tcp:5039
I/DEBUG   (  230): *** *** *** *** *** *** *** *** *** *** *** *** *** *** *** ***
I/DEBUG   (  230): Build fingerprint: 'samsung/jfltexx/jflte:5.0.1/LRX22C/I9505XXUHOB7:user/release-keys'
I/DEBUG   (  230): Revision: '11'
I/DEBUG   (  230): ABI: 'arm'
I/DEBUG   (  230): pid: 24298, tid: 24350, name: thread-pool-1  >>> com.android.gallery3d <<<
I/DEBUG   (  230): signal 7 (SIGBUS), code 2 (BUS_ADRERR), fault addr 0xa30fd000
I/DEBUG   (  230):     r0 b4992b70  r1 a30fcdfa  r2 00000400  r3 00000000
I/DEBUG   (  230):     r4 b4b06590  r5 00000400  r6 aee6eb50  r7 b4992e30
I/DEBUG   (  230):     r8 21e2a6f1  r9 aeafb3d0  sl a30fd000  fp 00000000
I/DEBUG   (  230):     ip 00000001  sp aeafb338  lr 00000280  pc b6e400b4  cpsr 20010030
I/DEBUG   (  230): 
I/DEBUG   (  230): backtrace:
I/DEBUG   (  230):     #00 pc 000110b4  /system/lib/libc.so (__memcpy_base+219)
I/DEBUG   (  230):     #01 pc 0000027c  <unknown>
I/Timeline(  598): Timeline: Activity_windows_visible id: ActivityRecord{31c35f4 u0 com.android.gallery3d/.app.GalleryActivity t9} time:3690518
I/DEBUG   (  230): 
I/DEBUG   (  230): Tombstone written to: /data/tombstones/tombstone_08
W/ActivityManager(  598):   Force finishing activity 1 com.android.gallery3d/.app.GalleryActivity
I/BootReceiver(  598): Copying /data/tombstones/tombstone_08 to DropBox (SYSTEM_TOMBSTONE)
E/Sensors (  598): Acc old sensor_state 2177, new sensor_state : 2176 en : 0
I/WindowState(  598): WIN DEATH: Window{189582de u0 com.android.gallery3d/com.android.gallery3d.app.GalleryActivity}
I/WindowState(  598): WIN DEATH: Window{26644f8c u0 SurfaceView}
I/WindowState(  598): WIN DEATH: Window{57519f5 u0 com.android.gallery3d/com.android.gallery3d.app.GalleryActivity}
W/WindowManager(  598): Force-removing child win Window{198b1dfb u0 SurfaceView} from container Window{57519f5 u0 com.android.gallery3d/com.android.gallery3d.app.GalleryActivity}
W/WindowManager(  598): Failed looking up window
W/WindowManager(  598): java.lang.IllegalArgumentException: Requested window android.os.BinderProxy@942e38a does not exist
W/WindowManager(  598): 	at com.android.server.wm.WindowManagerService.windowForClientLocked(WindowManagerService.java:8758)
W/WindowManager(  598): 	at com.android.server.wm.WindowManagerService.windowForClientLocked(WindowManagerService.java:8749)
W/WindowManager(  598): 	at com.android.server.wm.WindowState$DeathRecipient.binderDied(WindowState.java:1140)
W/WindowManager(  598): 	at android.os.BinderProxy.sendDeathNotice(Binder.java:551)
I/WindowState(  598): WIN DEATH: null
I/Zygote  (  241): Process 24298 exited due to signal (7)
I/ActivityManager(  598): Process com.android.gallery3d (pid 24298) has died
V/WindowManager(  598): Adding window Window{387e4ac1 u0 Starting com.android.gallery3d} at 7 of 14 (before Window{26644f8c u0 SurfaceView EXITING})
I/ActivityManager(  598): Start proc 24474:com.android.gallery3d/u0a37 for activity com.android.gallery3d/.app.GalleryActivity
I/art     (  598): Background partial concurrent mark sweep GC freed 42714(1867KB) AllocSpace objects, 22(17MB) LOS objects, 28% free, 40MB/56MB, paused 2.441ms total 169.708ms
W/ResourcesManager(24474): Asset path '/system/framework/com.google.android.media.effects.jar' does not exist or contains no resources.
V/StateManager(24474): restoreFromState
V/StateManager(24474): restoreFromState class com.android.gallery3d.app.SinglePhotoPage
E/Gallery2/DrmHelper(24474): Could not get drm file path
D/OpenGLRenderer(24474): Use EGL_SWAP_BEHAVIOR_PRESERVED: true
D/Atlas   (24474): Validating map...
V/WindowManager(  598): Adding window Window{1b772933 u0 com.android.gallery3d/com.android.gallery3d.app.GalleryActivity} at 7 of 13 (before Window{387e4ac1 u0 Starting com.android.gallery3d})
I/Adreno-EGL(24474): <qeglDrvAPI_eglInitialize:410>: EGL 1.4 QUALCOMM build: AU_LINUX_ANDROID_LA.AF.1.1.04.04.03.164.081_msm8960_LA.AF.1.1__release_AU ()
I/Adreno-EGL(24474): OpenGL ES Shader Compiler Version: E031.25.01.03
I/Adreno-EGL(24474): Build Date: 11/02/14 Sun
I/Adreno-EGL(24474): Local Branch: mybranch5454281
I/Adreno-EGL(24474): Remote Branch: quic/l_LNX.LA.3.6
I/Adreno-EGL(24474): Local Patches: NONE
I/Adreno-EGL(24474): Reconstruct Branch: AU_LINUX_ANDROID_LA.AF.1.1.04.04.03.164.081 + db92d1e + cb8de02 +  NOTHING
I/OpenGLRenderer(24474): Initialized EGL, version 1.4
D/OpenGLRenderer(24474): Enabling debug mode 0
V/WindowManager(  598): Adding window Window{3ecaaa69 u0 SurfaceView} at 7 of 14 (before Window{1b772933 u0 com.android.gallery3d/com.android.gallery3d.app.GalleryActivity})
I/GLRootView(24474): onSurfaceChanged: 1080x1845, gl10: com.google.android.gles_jni.GLImpl@1bb0198b
I/ActivityManager(  598): Displayed com.android.gallery3d/.app.GalleryActivity: +491ms
E/Sensors (  598): Acc old sensor_state 2176, new sensor_state : 2177 en : 1
I/Timeline(  598): Timeline: Activity_windows_visible id: ActivityRecord{35320fa6 u0 com.android.gallery3d/.app.GalleryActivity t9} time:3691357
I/Timeline(24474): Timeline: Activity_idle id: android.os.BinderProxy@3f32a27c time:3691387
D/lights  (  598): set_light_leds: type=0, color=0x00ffff6000, fM=0, fOnMS=0, fOffMs=0.
D/lights  (  598): write_leds: color=0x00ff6000, delay_on=0, delay_off=0, blink="0x00ff6000 0 0".
I/GLRootView(24474): layout content pane 1080x1845 (compensation 0)
D/PhotoView(24474): compensation = 0, CameraRelativeFrame = Rect(0, 0 - 0, 0), mCameraRect = Rect(0, 0 - 0, 0)
D/lights  (  598): set_light_leds: type=0, color=0x00ffff6000, fM=0, fOnMS=0, fOffMs=0.
D/lights  (  598): write_leds: color=0x00ff6000, delay_on=0, delay_off=0, blink="0x00ff6000 0 0".
