--------- beginning of main
W/InputDispatcher(  598): Attempted to unregister already unregistered input channel '2214d0bb com.android.gallery3d/com.android.gallery3d.app.GalleryActivity (server)'
W/InputDispatcher(  598): Attempted to unregister already unregistered input channel '772ef10 com.android.gallery3d/com.android.gallery3d.app.GalleryActivity (server)'
--------- beginning of system
I/WindowState(  598): WIN DEATH: Window{2214d0bb u0 com.android.gallery3d/com.android.gallery3d.app.GalleryActivity}
I/WindowState(  598): WIN DEATH: Window{772ef10 u0 com.android.gallery3d/com.android.gallery3d.app.GalleryActivity}
W/WindowManager(  598): Force-removing child win Window{2defc40e u0 SurfaceView} from container Window{772ef10 u0 com.android.gallery3d/com.android.gallery3d.app.GalleryActivity}
W/InputDispatcher(  598): Attempted to unregister already unregistered input channel 'b49a079 com.android.gallery3d/com.android.gallery3d.app.GalleryActivity (server)'
I/WindowState(  598): WIN DEATH: Window{b49a079 u0 com.android.gallery3d/com.android.gallery3d.app.GalleryActivity}
W/WindowManager(  598): Force-removing child win Window{3e29b21f u0 SurfaceView} from container Window{b49a079 u0 com.android.gallery3d/com.android.gallery3d.app.GalleryActivity}
W/WindowManager(  598): Failed looking up window
W/WindowManager(  598): java.lang.IllegalArgumentException: Requested window android.os.BinderProxy@13d461be does not exist
W/WindowManager(  598): 	at com.android.server.wm.WindowManagerService.windowForClientLocked(WindowManagerService.java:8758)
W/WindowManager(  598): 	at com.android.server.wm.WindowManagerService.windowForClientLocked(WindowManagerService.java:8749)
W/WindowManager(  598): 	at com.android.server.wm.WindowState$DeathRecipient.binderDied(WindowState.java:1140)
W/WindowManager(  598): 	at android.os.BinderProxy.sendDeathNotice(Binder.java:551)
I/WindowState(  598): WIN DEATH: null
I/WindowState(  598): WIN DEATH: Window{3740c516 u0 SurfaceView}
W/WindowManager(  598): Failed looking up window
W/WindowManager(  598): java.lang.IllegalArgumentException: Requested window android.os.BinderProxy@2fd27ebf does not exist
W/WindowManager(  598): 	at com.android.server.wm.WindowManagerService.windowForClientLocked(WindowManagerService.java:8758)
W/WindowManager(  598): 	at com.android.server.wm.WindowManagerService.windowForClientLocked(WindowManagerService.java:8749)
W/WindowManager(  598): 	at com.android.server.wm.WindowState$DeathRecipient.binderDied(WindowState.java:1140)
W/WindowManager(  598): 	at android.os.BinderProxy.sendDeathNotice(Binder.java:551)
I/WindowState(  598): WIN DEATH: null
I/WindowState(  598): WIN DEATH: Window{21a4ac4c u0 SurfaceView}
W/InputDispatcher(  598): Attempted to unregister already unregistered input channel 'a144ab8 com.android.gallery3d/com.android.gallery3d.app.GalleryActivity (server)'
I/WindowState(  598): WIN DEATH: Window{a144ab8 u0 com.android.gallery3d/com.android.gallery3d.app.GalleryActivity}
W/InputDispatcher(  598): Attempted to unregister already unregistered input channel '28778dec com.android.gallery3d/com.android.gallery3d.app.GalleryActivity (server)'
W/InputDispatcher(  598): Attempted to unregister already unregistered input channel '1f4df0e7 com.android.gallery3d/com.android.gallery3d.app.GalleryActivity (server)'
I/WindowState(  598): WIN DEATH: Window{39a4ff2b u0 SurfaceView}
I/WindowState(  598): WIN DEATH: Window{28778dec u0 com.android.gallery3d/com.android.gallery3d.app.GalleryActivity}
I/WindowState(  598): WIN DEATH: Window{1f4df0e7 u0 com.android.gallery3d/com.android.gallery3d.app.GalleryActivity}
W/WindowManager(  598): Force-removing child win Window{decdb3d u0 SurfaceView} from container Window{1f4df0e7 u0 com.android.gallery3d/com.android.gallery3d.app.GalleryActivity}
W/InputDispatcher(  598): Attempted to unregister already unregistered input channel '296eb8e2 com.android.gallery3d/com.android.gallery3d.app.GalleryActivity (server)'
W/WindowManager(  598): Failed looking up window
W/WindowManager(  598): java.lang.IllegalArgumentException: Requested window android.os.BinderProxy@d402494 does not exist
W/WindowManager(  598): 	at com.android.server.wm.WindowManagerService.windowForClientLocked(WindowManagerService.java:8758)
W/WindowManager(  598): 	at com.android.server.wm.WindowManagerService.windowForClientLocked(WindowManagerService.java:8749)
W/WindowManager(  598): 	at com.android.server.wm.WindowState$DeathRecipient.binderDied(WindowState.java:1140)
W/WindowManager(  598): 	at android.os.BinderProxy.sendDeathNotice(Binder.java:551)
I/WindowState(  598): WIN DEATH: null
I/WindowState(  598): WIN DEATH: Window{296eb8e2 u0 com.android.gallery3d/com.android.gallery3d.app.GalleryActivity}
W/WindowManager(  598): Force-removing child win Window{3081df30 u0 SurfaceView} from container Window{296eb8e2 u0 com.android.gallery3d/com.android.gallery3d.app.GalleryActivity}
W/InputDispatcher(  598): Attempted to unregister already unregistered input channel '264f9abc com.android.gallery3d/com.android.gallery3d.app.GalleryActivity (server)'
W/WindowManager(  598): Failed looking up window
W/WindowManager(  598): java.lang.IllegalArgumentException: Requested window android.os.BinderProxy@145c473 does not exist
W/WindowManager(  598): 	at com.android.server.wm.WindowManagerService.windowForClientLocked(WindowManagerService.java:8758)
W/WindowManager(  598): 	at com.android.server.wm.WindowManagerService.windowForClientLocked(WindowManagerService.java:8749)
W/WindowManager(  598): 	at com.android.server.wm.WindowState$DeathRecipient.binderDied(WindowState.java:1140)
W/WindowManager(  598): 	at android.os.BinderProxy.sendDeathNotice(Binder.java:551)
I/WindowState(  598): WIN DEATH: null
I/WindowState(  598): WIN DEATH: Window{264f9abc u0 com.android.gallery3d/com.android.gallery3d.app.GalleryActivity}
W/WindowManager(  598): Force-removing child win Window{108fa59a u0 SurfaceView} from container Window{264f9abc u0 com.android.gallery3d/com.android.gallery3d.app.GalleryActivity}
W/InputDispatcher(  598): Attempted to unregister already unregistered input channel '221676d8 com.android.gallery3d/com.android.gallery3d.app.GalleryActivity (server)'
W/InputDispatcher(  598): Attempted to unregister already unregistered input channel '291fe19e com.android.gallery3d/com.android.gallery3d.app.GalleryActivity (server)'
I/WindowState(  598): WIN DEATH: Window{221676d8 u0 com.android.gallery3d/com.android.gallery3d.app.GalleryActivity}
W/WindowManager(  598): Failed looking up window
W/WindowManager(  598): java.lang.IllegalArgumentException: Requested window android.os.BinderProxy@2726da09 does not exist
W/WindowManager(  598): 	at com.android.server.wm.WindowManagerService.windowForClientLocked(WindowManagerService.java:8758)
W/WindowManager(  598): 	at com.android.server.wm.WindowManagerService.windowForClientLocked(WindowManagerService.java:8749)
W/WindowManager(  598): 	at com.android.server.wm.WindowState$DeathRecipient.binderDied(WindowState.java:1140)
W/WindowManager(  598): 	at android.os.BinderProxy.sendDeathNotice(Binder.java:551)
I/WindowState(  598): WIN DEATH: null
I/WindowState(  598): WIN DEATH: Window{291fe19e u0 com.android.gallery3d/com.android.gallery3d.app.GalleryActivity}
W/InputDispatcher(  598): Attempted to unregister already unregistered input channel 'bb5eba5 com.android.gallery3d/com.android.gallery3d.app.GalleryActivity (server)'
W/InputDispatcher(  598): Attempted to unregister already unregistered input channel 'edced05 com.android.gallery3d/com.android.gallery3d.app.GalleryActivity (server)'
I/WindowState(  598): WIN DEATH: Window{bb5eba5 u0 com.android.gallery3d/com.android.gallery3d.app.GalleryActivity}
I/WindowState(  598): WIN DEATH: Window{edced05 u0 com.android.gallery3d/com.android.gallery3d.app.GalleryActivity}
W/WindowManager(  598): Force-removing child win Window{1a384f8b u0 SurfaceView} from container Window{edced05 u0 com.android.gallery3d/com.android.gallery3d.app.GalleryActivity}
W/WindowManager(  598): Failed looking up window
W/WindowManager(  598): java.lang.IllegalArgumentException: Requested window android.os.BinderProxy@3b26a15a does not exist
W/WindowManager(  598): 	at com.android.server.wm.WindowManagerService.windowForClientLocked(WindowManagerService.java:8758)
W/WindowManager(  598): 	at com.android.server.wm.WindowManagerService.windowForClientLocked(WindowManagerService.java:8749)
W/WindowManager(  598): 	at com.android.server.wm.WindowState$DeathRecipient.binderDied(WindowState.java:1140)
W/WindowManager(  598): 	at android.os.BinderProxy.sendDeathNotice(Binder.java:551)
I/WindowState(  598): WIN DEATH: null
W/InputDispatcher(  598): Attempted to unregister already unregistered input channel '38b09747 com.android.gallery3d/com.android.gallery3d.app.GalleryActivity (server)'
W/InputDispatcher(  598): Attempted to unregister already unregistered input channel '20abb98 com.android.gallery3d/com.android.gallery3d.app.GalleryActivity (server)'
I/WindowState(  598): WIN DEATH: Window{336befbf u0 SurfaceView}
I/WindowState(  598): WIN DEATH: Window{38b09747 u0 com.android.gallery3d/com.android.gallery3d.app.GalleryActivity}
W/WindowManager(  598): Force-removing child win Window{1838d89d u0 SurfaceView} from container Window{38b09747 u0 com.android.gallery3d/com.android.gallery3d.app.GalleryActivity}
I/WindowState(  598): WIN DEATH: Window{20abb98 u0 com.android.gallery3d/com.android.gallery3d.app.GalleryActivity}
W/WindowManager(  598): Force-removing child win Window{54c77d6 u0 SurfaceView} from container Window{20abb98 u0 com.android.gallery3d/com.android.gallery3d.app.GalleryActivity}
W/InputDispatcher(  598): Attempted to unregister already unregistered input channel 'c9f8234 com.android.gallery3d/com.android.gallery3d.app.GalleryActivity (server)'
W/InputDispatcher(  598): Attempted to unregister already unregistered input channel '3dcdfd19 com.android.gallery3d/com.android.gallery3d.app.GalleryActivity (server)'
W/WindowManager(  598): Failed looking up window
W/WindowManager(  598): java.lang.IllegalArgumentException: Requested window android.os.BinderProxy@134a5ff1 does not exist
W/WindowManager(  598): 	at com.android.server.wm.WindowManagerService.windowForClientLocked(WindowManagerService.java:8758)
W/WindowManager(  598): 	at com.android.server.wm.WindowManagerService.windowForClientLocked(WindowManagerService.java:8749)
W/WindowManager(  598): 	at com.android.server.wm.WindowState$DeathRecipient.binderDied(WindowState.java:1140)
W/WindowManager(  598): 	at android.os.BinderProxy.sendDeathNotice(Binder.java:551)
I/WindowState(  598): WIN DEATH: null
W/WindowManager(  598): Failed looking up window
W/WindowManager(  598): java.lang.IllegalArgumentException: Requested window android.os.BinderProxy@39323b74 does not exist
W/WindowManager(  598): 	at com.android.server.wm.WindowManagerService.windowForClientLocked(WindowManagerService.java:8758)
W/WindowManager(  598): 	at com.android.server.wm.WindowManagerService.windowForClientLocked(WindowManagerService.java:8749)
W/WindowManager(  598): 	at com.android.server.wm.WindowState$DeathRecipient.binderDied(WindowState.java:1140)
W/WindowManager(  598): 	at android.os.BinderProxy.sendDeathNotice(Binder.java:551)
I/WindowState(  598): WIN DEATH: null
I/WindowState(  598): WIN DEATH: Window{c9f8234 u0 com.android.gallery3d/com.android.gallery3d.app.GalleryActivity}
W/WindowManager(  598): Force-removing child win Window{283c5d2 u0 SurfaceView} from container Window{c9f8234 u0 com.android.gallery3d/com.android.gallery3d.app.GalleryActivity}
I/WindowState(  598): WIN DEATH: Window{3dcdfd19 u0 com.android.gallery3d/com.android.gallery3d.app.GalleryActivity}
W/InputDispatcher(  598): Attempted to unregister already unregistered input channel '257912c2 com.android.gallery3d/com.android.gallery3d.app.GalleryActivity (server)'
W/InputDispatcher(  598): Attempted to unregister already unregistered input channel 'fbd33b6 com.android.gallery3d/com.android.gallery3d.app.GalleryActivity (server)'
I/WindowState(  598): WIN DEATH: Window{2a917c10 u0 SurfaceView}
I/WindowState(  598): WIN DEATH: Window{257912c2 u0 com.android.gallery3d/com.android.gallery3d.app.GalleryActivity}
I/WindowState(  598): WIN DEATH: Window{fbd33b6 u0 com.android.gallery3d/com.android.gallery3d.app.GalleryActivity}
W/WindowManager(  598): Force-removing child win Window{3ebdc824 u0 SurfaceView} from container Window{fbd33b6 u0 com.android.gallery3d/com.android.gallery3d.app.GalleryActivity}
W/WindowManager(  598): Failed looking up window
W/WindowManager(  598): java.lang.IllegalArgumentException: Requested window android.os.BinderProxy@e14a8b7 does not exist
W/WindowManager(  598): 	at com.android.server.wm.WindowManagerService.windowForClientLocked(WindowManagerService.java:8758)
W/WindowManager(  598): 	at com.android.server.wm.WindowManagerService.windowForClientLocked(WindowManagerService.java:8749)
W/WindowManager(  598): 	at com.android.server.wm.WindowState$DeathRecipient.binderDied(WindowState.java:1140)
W/WindowManager(  598): 	at android.os.BinderProxy.sendDeathNotice(Binder.java:551)
I/WindowState(  598): WIN DEATH: null
W/WindowManager(  598): Failed looking up window
W/WindowManager(  598): java.lang.IllegalArgumentException: Requested window android.os.BinderProxy@21ce785d does not exist
W/WindowManager(  598): 	at com.android.server.wm.WindowManagerService.windowForClientLocked(WindowManagerService.java:8758)
W/WindowManager(  598): 	at com.android.server.wm.WindowManagerService.windowForClientLocked(WindowManagerService.java:8749)
W/WindowManager(  598): 	at com.android.server.wm.WindowState$DeathRecipient.binderDied(WindowState.java:1140)
W/WindowManager(  598): 	at android.os.BinderProxy.sendDeathNotice(Binder.java:551)
I/WindowState(  598): WIN DEATH: null
E/Sensors (  598): Acc old sensor_state 2177, new sensor_state : 2176 en : 0
I/ActivityManager(  598): Process com.android.gallery3d (pid 2406) has died
W/ActivityManager(  598): Force removing ActivityRecord{ac95ce6 u0 com.android.gallery3d/.app.GalleryActivity t9}: app died, no saved state
I/Choreographer(  792): Skipped 40 frames!  The application may be doing too much work on its main thread.
I/Finsky  ( 1708): [1] com.google.android.finsky.utils.df.onTrimMemory(25): Memory trim requested to level 5
I/Timeline( 1193): Timeline: Activity_idle id: android.os.BinderProxy@3be70c time:3121086
W/InputMethodManagerService(  598): Got RemoteException sending setActive(false) notification to pid 2406 uid 10037
D/AndroidRuntime( 6564): >>>>>> START com.android.internal.os.RuntimeInit uid 2000 <<<<<<
D/AndroidRuntime( 6564): CheckJNI is OFF
D/AndroidRuntime( 6564): Calling main entry com.android.commands.am.Am
I/ActivityManager(  598): START u0 {act=android.intent.action.VIEW dat=file:///storage//sdcard0//tzeench//fuzzed.jpg typ=image/* flg=0x10000000 cmp=com.android.gallery3d/.app.GalleryActivity} from uid 2000 on display 0
V/WindowManager(  598): addAppToken: AppWindowToken{c0e0b22 token=Token{9cc40ed ActivityRecord{1aebd304 u0 com.android.gallery3d/.app.GalleryActivity t9}}} to stack=1 task=9 at 90
D/AndroidRuntime( 6564): Shutting down VM
V/WindowManager(  598): Adding window Window{30f9dc7a u0 Starting com.android.gallery3d} at 4 of 7 (after Window{6adf9f4 u0 Starting com.android.gallery3d})
I/ActivityManager(  598): Start proc 6581:com.android.gallery3d/u0a37 for activity com.android.gallery3d/.app.GalleryActivity
W/ResourcesManager( 6581): Asset path '/system/framework/com.google.android.media.effects.jar' does not exist or contains no resources.
V/StateManager( 6581): startState class com.android.gallery3d.app.SinglePhotoPage
E/Gallery2/DrmHelper( 6581): Could not get drm file path
D/OpenGLRenderer( 6581): Use EGL_SWAP_BEHAVIOR_PRESERVED: true
D/Atlas   ( 6581): Validating map...
V/WindowManager(  598): Adding window Window{1bd58ff u0 com.android.gallery3d/com.android.gallery3d.app.GalleryActivity} at 4 of 8 (before Window{30f9dc7a u0 Starting com.android.gallery3d})
I/Adreno-EGL( 6581): <qeglDrvAPI_eglInitialize:410>: EGL 1.4 QUALCOMM build: AU_LINUX_ANDROID_LA.AF.1.1.04.04.03.164.081_msm8960_LA.AF.1.1__release_AU ()
I/Adreno-EGL( 6581): OpenGL ES Shader Compiler Version: E031.25.01.03
I/Adreno-EGL( 6581): Build Date: 11/02/14 Sun
I/Adreno-EGL( 6581): Local Branch: mybranch5454281
I/Adreno-EGL( 6581): Remote Branch: quic/l_LNX.LA.3.6
I/Adreno-EGL( 6581): Local Patches: NONE
I/Adreno-EGL( 6581): Reconstruct Branch: AU_LINUX_ANDROID_LA.AF.1.1.04.04.03.164.081 + db92d1e + cb8de02 +  NOTHING
I/OpenGLRenderer( 6581): Initialized EGL, version 1.4
D/OpenGLRenderer( 6581): Enabling debug mode 0
V/WindowManager(  598): Adding window Window{16cfd15 u0 SurfaceView} at 4 of 9 (before Window{1bd58ff u0 com.android.gallery3d/com.android.gallery3d.app.GalleryActivity})
I/GLRootView( 6581): onSurfaceChanged: 1080x1845, gl10: com.google.android.gles_jni.GLImpl@1b8a5b13
I/GLRootView( 6581): layout content pane 1080x1845 (compensation 0)
I/ActivityManager(  598): Displayed com.android.gallery3d/.app.GalleryActivity: +455ms
E/Sensors (  598): Acc old sensor_state 2176, new sensor_state : 2177 en : 1
I/Timeline( 6581): Timeline: Activity_idle id: android.os.BinderProxy@2b7edb4d time:3121794
I/GLRootView( 6581): layout content pane 1080x1845 (compensation 0)
D/PhotoView( 6581): compensation = 0, CameraRelativeFrame = Rect(0, 0 - 0, 0), mCameraRect = Rect(0, 0 - 0, 0)
I/Timeline(  598): Timeline: Activity_windows_visible id: ActivityRecord{1aebd304 u0 com.android.gallery3d/.app.GalleryActivity t9} time:3122088
D/lights  (  598): set_light_leds: type=0, color=0x00ffff6000, fM=0, fOnMS=0, fOffMs=0.
D/lights  (  598): write_leds: color=0x00ff6000, delay_on=0, delay_off=0, blink="0x00ff6000 0 0".
D/lights  (  598): set_light_leds: type=0, color=0x00ffff6000, fM=0, fOnMS=0, fOffMs=0.
D/lights  (  598): write_leds: color=0x00ff6000, delay_on=0, delay_off=0, blink="0x00ff6000 0 0".
