--------- beginning of main
W/ResourceType(  792): No package identifier when getting value for resource number 0x00000000
W/PackageManager(  792): Failure retrieving resources for com.android.gallery3d: Resource ID #0x0
D/AndroidRuntime(20047): >>>>>> START com.android.internal.os.RuntimeInit uid 2000 <<<<<<
D/AndroidRuntime(20047): CheckJNI is OFF
D/AndroidRuntime(20047): Calling main entry com.android.commands.am.Am
--------- beginning of system
I/ActivityManager(  598): START u0 {act=android.intent.action.VIEW dat=file:///storage//sdcard0//tzeench//fuzzed.jpg typ=image/* flg=0x10000000 cmp=com.android.gallery3d/.app.GalleryActivity} from uid 2000 on display 0
V/WindowManager(  598): addAppToken: AppWindowToken{28d1ebe1 token=Token{2e6a4148 ActivityRecord{33587feb u0 com.android.gallery3d/.app.GalleryActivity t9}}} to stack=1 task=9 at 233
D/AndroidRuntime(20047): Shutting down VM
V/StateManager(19126): startState class com.android.gallery3d.app.SinglePhotoPage
V/WindowManager(  598): Adding window Window{25a0651d u0 com.android.gallery3d/com.android.gallery3d.app.GalleryActivity} at 26 of 30 (after Window{196a8256 u0 com.android.gallery3d/com.android.gallery3d.app.GalleryActivity})
I/Adreno-EGL(19126): <qeglDrvAPI_eglInitialize:410>: EGL 1.4 QUALCOMM build: AU_LINUX_ANDROID_LA.AF.1.1.04.04.03.164.081_msm8960_LA.AF.1.1__release_AU ()
I/Adreno-EGL(19126): OpenGL ES Shader Compiler Version: E031.25.01.03
I/Adreno-EGL(19126): Build Date: 11/02/14 Sun
I/Adreno-EGL(19126): Local Branch: mybranch5454281
I/Adreno-EGL(19126): Remote Branch: quic/l_LNX.LA.3.6
I/Adreno-EGL(19126): Local Patches: NONE
I/Adreno-EGL(19126): Reconstruct Branch: AU_LINUX_ANDROID_LA.AF.1.1.04.04.03.164.081 + db92d1e + cb8de02 +  NOTHING
I/OpenGLRenderer(19126): Initialized EGL, version 1.4
V/WindowManager(  598): Adding window Window{35d30163 u0 SurfaceView} at 26 of 31 (before Window{25a0651d u0 com.android.gallery3d/com.android.gallery3d.app.GalleryActivity})
I/GLRootView(19126): onSurfaceChanged: 1080x1845, gl10: com.google.android.gles_jni.GLImpl@3359f29f
I/GLRootView(19126): layout content pane 1080x1845 (compensation 0)
E/Sensors (  598): Acc old sensor_state 2176, new sensor_state : 2177 en : 1
I/ActivityManager(  598): Displayed com.android.gallery3d/.app.GalleryActivity: +249ms
I/Timeline(19126): Timeline: Activity_idle id: android.os.BinderProxy@3793543e time:3549507
F/libc    (19126): Fatal signal 7 (SIGBUS), code 2, fault addr 0x9bd69000 in tid 19164 (thread-pool-2)
I/DEBUG   (  230): property debug.db.uid not set; NOT waiting for gdb.
I/DEBUG   (  230): HINT: adb shell setprop debug.db.uid 100000
I/DEBUG   (  230): HINT: adb forward tcp:5039 tcp:5039
I/DEBUG   (  230): *** *** *** *** *** *** *** *** *** *** *** *** *** *** *** ***
I/DEBUG   (  230): Build fingerprint: 'samsung/jfltexx/jflte:5.0.1/LRX22C/I9505XXUHOB7:user/release-keys'
I/DEBUG   (  230): Revision: '11'
I/DEBUG   (  230): ABI: 'arm'
I/DEBUG   (  230): pid: 19126, tid: 19164, name: thread-pool-2  >>> com.android.gallery3d <<<
I/DEBUG   (  230): signal 7 (SIGBUS), code 2 (BUS_ADRERR), fault addr 0x9bd69000
I/DEBUG   (  230):     r0 aeda4470  r1 9bd68ddc  r2 00000400  r3 00000000
I/DEBUG   (  230):     r4 aeed1510  r5 00000400  r6 9e3790e8  r7 aeda4730
I/DEBUG   (  230):     r8 66a4dca6  r9 a10b94f8  sl 9bd69000  fp 00000003
I/DEBUG   (  230):     ip 00000001  sp a10b9460  lr 00000280  pc b6e400b4  cpsr 200f0030
I/DEBUG   (  230): 
I/DEBUG   (  230): backtrace:
I/DEBUG   (  230):     #00 pc 000110b4  /system/lib/libc.so (__memcpy_base+219)
I/DEBUG   (  230):     #01 pc 0000027c  <unknown>
I/Timeline(  598): Timeline: Activity_windows_visible id: ActivityRecord{33587feb u0 com.android.gallery3d/.app.GalleryActivity t9} time:3550201
I/DEBUG   (  230): 
I/DEBUG   (  230): Tombstone written to: /data/tombstones/tombstone_07
I/BootReceiver(  598): Copying /data/tombstones/tombstone_07 to DropBox (SYSTEM_TOMBSTONE)
W/ActivityManager(  598): Process com.android.gallery3d has crashed too many times: killing!
W/ActivityManager(  598):   Force finishing activity 4 com.android.gallery3d/.app.GalleryActivity
W/ActivityManager(  598):   Force finishing activity 4 com.android.gallery3d/.app.GalleryActivity
W/ActivityManager(  598):   Force finishing activity 4 com.android.gallery3d/.app.GalleryActivity
W/ActivityManager(  598):   Force finishing activity 4 com.android.gallery3d/.app.GalleryActivity
E/JavaBinder(  598): !!! FAILED BINDER TRANSACTION !!!
E/JavaBinder(  598): !!! FAILED BINDER TRANSACTION !!!
E/JavaBinder(  598): !!! FAILED BINDER TRANSACTION !!!
W/ActivityManager(  598):   Force finishing activity 4 com.android.gallery3d/.app.GalleryActivity
W/ActivityManager(  598):   Force finishing activity 4 com.android.gallery3d/.app.GalleryActivity
I/ActivityManager(  598): Restarting because process died: ActivityRecord{9794755 u0 com.android.gallery3d/.app.GalleryActivity t9}
W/WindowManager(  598): view not successfully added to wm, removing view
W/ActivityManager(  598): Exception when starting activity com.android.gallery3d/.app.GalleryActivity
W/ActivityManager(  598): android.os.TransactionTooLargeException
W/ActivityManager(  598): 	at android.os.BinderProxy.transactNative(Native Method)
W/ActivityManager(  598): 	at android.os.BinderProxy.transact(Binder.java:496)
W/ActivityManager(  598): 	at android.app.ApplicationThreadProxy.scheduleLaunchActivity(ApplicationThreadNative.java:797)
W/ActivityManager(  598): 	at com.android.server.am.ActivityStackSupervisor.realStartActivityLocked(ActivityStackSupervisor.java:1206)
W/ActivityManager(  598): 	at com.android.server.am.ActivityStackSupervisor.startSpecificActivityLocked(ActivityStackSupervisor.java:1306)
W/ActivityManager(  598): 	at com.android.server.am.ActivityStack.resumeTopActivityInnerLocked(ActivityStack.java:1887)
W/ActivityManager(  598): 	at com.android.server.am.ActivityStack.resumeTopActivityLocked(ActivityStack.java:1477)
W/ActivityManager(  598): 	at com.android.server.am.ActivityStackSupervisor.resumeTopActivitiesLocked(ActivityStackSupervisor.java:2507)
W/ActivityManager(  598): 	at com.android.server.am.ActivityStackSupervisor.resumeTopActivitiesLocked(ActivityStackSupervisor.java:2496)
W/ActivityManager(  598): 	at com.android.server.am.ActivityStack.finishCurrentActivityLocked(ActivityStack.java:2899)
W/ActivityManager(  598): 	at com.android.server.am.ActivityStack.handleAppCrashLocked(ActivityStack.java:4081)
W/ActivityManager(  598): 	at com.android.server.am.ActivityStackSupervisor.handleAppCrashLocked(ActivityStackSupervisor.java:2922)
W/ActivityManager(  598): 	at com.android.server.am.ActivityManagerService.handleAppCrashLocked(ActivityManagerService.java:11769)
W/ActivityManager(  598): 	at com.android.server.am.ActivityManagerService.makeAppCrashingLocked(ActivityManagerService.java:11667)
W/ActivityManager(  598): 	at com.android.server.am.ActivityManagerService.crashApplication(ActivityManagerService.java:12376)
W/ActivityManager(  598): 	at com.android.server.am.ActivityManagerService.handleApplicationCrashInner(ActivityManagerService.java:11887)
W/ActivityManager(  598): 	at com.android.server.am.NativeCrashListener$NativeCrashReporter.run(NativeCrashListener.java:86)
I/WindowState(  598): WIN DEATH: Window{416a75 u0 com.android.gallery3d/com.android.gallery3d.app.GalleryActivity}
W/WindowManager(  598): Force-removing child win Window{10c5227b u0 SurfaceView} from container Window{416a75 u0 com.android.gallery3d/com.android.gallery3d.app.GalleryActivity}
W/InputDispatcher(  598): channel '2b144b20 com.android.gallery3d/com.android.gallery3d.app.GalleryActivity (server)' ~ Consumer closed input channel or an error occurred.  events=0x9
E/InputDispatcher(  598): channel '2b144b20 com.android.gallery3d/com.android.gallery3d.app.GalleryActivity (server)' ~ Channel is unrecoverably broken and will be disposed!
W/InputDispatcher(  598): channel 'f1734e com.android.gallery3d/com.android.gallery3d.app.GalleryActivity (server)' ~ Consumer closed input channel or an error occurred.  events=0x9
E/InputDispatcher(  598): channel 'f1734e com.android.gallery3d/com.android.gallery3d.app.GalleryActivity (server)' ~ Channel is unrecoverably broken and will be disposed!
W/InputDispatcher(  598): channel '45a17c8 com.android.gallery3d/com.android.gallery3d.app.GalleryActivity (server)' ~ Consumer closed input channel or an error occurred.  events=0x9
E/InputDispatcher(  598): channel '45a17c8 com.android.gallery3d/com.android.gallery3d.app.GalleryActivity (server)' ~ Channel is unrecoverably broken and will be disposed!
W/InputDispatcher(  598): channel 'c5f6137 com.android.gallery3d/com.android.gallery3d.app.GalleryActivity (server)' ~ Consumer closed input channel or an error occurred.  events=0x9
E/InputDispatcher(  598): channel 'c5f6137 com.android.gallery3d/com.android.gallery3d.app.GalleryActivity (server)' ~ Channel is unrecoverably broken and will be disposed!
W/InputDispatcher(  598): channel '7f12572 com.android.gallery3d/com.android.gallery3d.app.GalleryActivity (server)' ~ Consumer closed input channel or an error occurred.  events=0x9
E/InputDispatcher(  598): channel '7f12572 com.android.gallery3d/com.android.gallery3d.app.GalleryActivity (server)' ~ Channel is unrecoverably broken and will be disposed!
W/InputDispatcher(  598): channel '2e5a92e9 com.android.gallery3d/com.android.gallery3d.app.GalleryActivity (server)' ~ Consumer closed input channel or an error occurred.  events=0x9
E/InputDispatcher(  598): channel '2e5a92e9 com.android.gallery3d/com.android.gallery3d.app.GalleryActivity (server)' ~ Channel is unrecoverably broken and will be disposed!
W/InputDispatcher(  598): channel 'f956acc com.android.gallery3d/com.android.gallery3d.app.GalleryActivity (server)' ~ Consumer closed input channel or an error occurred.  events=0x9
E/InputDispatcher(  598): channel 'f956acc com.android.gallery3d/com.android.gallery3d.app.GalleryActivity (server)' ~ Channel is unrecoverably broken and will be disposed!
W/InputDispatcher(  598): channel '18a2200b com.android.gallery3d/com.android.gallery3d.app.GalleryActivity (server)' ~ Consumer closed input channel or an error occurred.  events=0x9
E/InputDispatcher(  598): channel '18a2200b com.android.gallery3d/com.android.gallery3d.app.GalleryActivity (server)' ~ Channel is unrecoverably broken and will be disposed!
W/InputDispatcher(  598): channel '196a8256 com.android.gallery3d/com.android.gallery3d.app.GalleryActivity (server)' ~ Consumer closed input channel or an error occurred.  events=0x9
E/InputDispatcher(  598): channel '196a8256 com.android.gallery3d/com.android.gallery3d.app.GalleryActivity (server)' ~ Channel is unrecoverably broken and will be disposed!
W/InputDispatcher(  598): Attempted to unregister already unregistered input channel '45a17c8 com.android.gallery3d/com.android.gallery3d.app.GalleryActivity (server)'
W/WindowManager(  598): Failed looking up window
W/WindowManager(  598): java.lang.IllegalArgumentException: Requested window android.os.BinderProxy@15c82a0a does not exist
W/WindowManager(  598): 	at com.android.server.wm.WindowManagerService.windowForClientLocked(WindowManagerService.java:8758)
W/WindowManager(  598): 	at com.android.server.wm.WindowManagerService.windowForClientLocked(WindowManagerService.java:8749)
W/WindowManager(  598): 	at com.android.server.wm.WindowState$DeathRecipient.binderDied(WindowState.java:1140)
W/WindowManager(  598): 	at android.os.BinderProxy.sendDeathNotice(Binder.java:551)
I/WindowState(  598): WIN DEATH: null
I/WindowState(  598): WIN DEATH: Window{45a17c8 u0 com.android.gallery3d/com.android.gallery3d.app.GalleryActivity}
W/WindowManager(  598): Force-removing child win Window{2bae2786 u0 SurfaceView} from container Window{45a17c8 u0 com.android.gallery3d/com.android.gallery3d.app.GalleryActivity}
W/InputDispatcher(  598): Attempted to unregister already unregistered input channel 'c5f6137 com.android.gallery3d/com.android.gallery3d.app.GalleryActivity (server)'
W/WindowManager(  598): Failed looking up window
W/WindowManager(  598): java.lang.IllegalArgumentException: Requested window android.os.BinderProxy@3a4b4061 does not exist
W/WindowManager(  598): 	at com.android.server.wm.WindowManagerService.windowForClientLocked(WindowManagerService.java:8758)
W/WindowManager(  598): 	at com.android.server.wm.WindowManagerService.windowForClientLocked(WindowManagerService.java:8749)
W/WindowManager(  598): 	at com.android.server.wm.WindowState$DeathRecipient.binderDied(WindowState.java:1140)
W/WindowManager(  598): 	at android.os.BinderProxy.sendDeathNotice(Binder.java:551)
I/WindowState(  598): WIN DEATH: null
I/WindowState(  598): WIN DEATH: Window{c5f6137 u0 com.android.gallery3d/com.android.gallery3d.app.GalleryActivity}
W/WindowManager(  598): Force-removing child win Window{3a440c0d u0 SurfaceView} from container Window{c5f6137 u0 com.android.gallery3d/com.android.gallery3d.app.GalleryActivity}
I/Zygote  (  241): Process 19126 exited due to signal (7)
W/InputDispatcher(  598): Attempted to unregister already unregistered input channel '2b144b20 com.android.gallery3d/com.android.gallery3d.app.GalleryActivity (server)'
W/WindowManager(  598): Failed looking up window
W/WindowManager(  598): java.lang.IllegalArgumentException: Requested window android.os.BinderProxy@3bc556a4 does not exist
W/WindowManager(  598): 	at com.android.server.wm.WindowManagerService.windowForClientLocked(WindowManagerService.java:8758)
W/WindowManager(  598): 	at com.android.server.wm.WindowManagerService.windowForClientLocked(WindowManagerService.java:8749)
W/WindowManager(  598): 	at com.android.server.wm.WindowState$DeathRecipient.binderDied(WindowState.java:1140)
W/WindowManager(  598): 	at android.os.BinderProxy.sendDeathNotice(Binder.java:551)
I/WindowState(  598): WIN DEATH: null
I/WindowState(  598): WIN DEATH: Window{2b144b20 u0 com.android.gallery3d/com.android.gallery3d.app.GalleryActivity}
W/WindowManager(  598): Force-removing child win Window{3ea0269e u0 SurfaceView} from container Window{2b144b20 u0 com.android.gallery3d/com.android.gallery3d.app.GalleryActivity}
I/WindowState(  598): WIN DEATH: Window{3c6f0640 u0 SurfaceView}
W/InputDispatcher(  598): Attempted to unregister already unregistered input channel '2e5a92e9 com.android.gallery3d/com.android.gallery3d.app.GalleryActivity (server)'
E/Sensors (  598): Acc old sensor_state 2177, new sensor_state : 2176 en : 0
W/InputDispatcher(  598): Attempted to unregister already unregistered input channel 'f956acc com.android.gallery3d/com.android.gallery3d.app.GalleryActivity (server)'
I/WindowState(  598): WIN DEATH: Window{2e5a92e9 u0 com.android.gallery3d/com.android.gallery3d.app.GalleryActivity}
W/WindowManager(  598): Force-removing child win Window{1cd4820f u0 SurfaceView} from container Window{2e5a92e9 u0 com.android.gallery3d/com.android.gallery3d.app.GalleryActivity}
W/WindowManager(  598): Failed looking up window
W/WindowManager(  598): java.lang.IllegalArgumentException: Requested window android.os.BinderProxy@1e89bb6e does not exist
W/WindowManager(  598): 	at com.android.server.wm.WindowManagerService.windowForClientLocked(WindowManagerService.java:8758)
W/WindowManager(  598): 	at com.android.server.wm.WindowManagerService.windowForClientLocked(WindowManagerService.java:8749)
W/WindowManager(  598): 	at com.android.server.wm.WindowState$DeathRecipient.binderDied(WindowState.java:1140)
W/WindowManager(  598): 	at android.os.BinderProxy.sendDeathNotice(Binder.java:551)
I/WindowState(  598): WIN DEATH: null
I/WindowState(  598): WIN DEATH: Window{f956acc u0 com.android.gallery3d/com.android.gallery3d.app.GalleryActivity}
W/WindowManager(  598): Force-removing child win Window{77b9c2a u0 SurfaceView} from container Window{f956acc u0 com.android.gallery3d/com.android.gallery3d.app.GalleryActivity}
W/InputDispatcher(  598): Attempted to unregister already unregistered input channel '18a2200b com.android.gallery3d/com.android.gallery3d.app.GalleryActivity (server)'
W/WindowManager(  598): Failed looking up window
W/WindowManager(  598): java.lang.IllegalArgumentException: Requested window android.os.BinderProxy@ef0d115 does not exist
W/WindowManager(  598): 	at com.android.server.wm.WindowManagerService.windowForClientLocked(WindowManagerService.java:8758)
W/WindowManager(  598): 	at com.android.server.wm.WindowManagerService.windowForClientLocked(WindowManagerService.java:8749)
W/WindowManager(  598): 	at com.android.server.wm.WindowState$DeathRecipient.binderDied(WindowState.java:1140)
W/WindowManager(  598): 	at android.os.BinderProxy.sendDeathNotice(Binder.java:551)
I/WindowState(  598): WIN DEATH: null
I/WindowState(  598): WIN DEATH: Window{18a2200b u0 com.android.gallery3d/com.android.gallery3d.app.GalleryActivity}
W/WindowManager(  598): Force-removing child win Window{1297d901 u0 SurfaceView} from container Window{18a2200b u0 com.android.gallery3d/com.android.gallery3d.app.GalleryActivity}
W/InputDispatcher(  598): Attempted to unregister already unregistered input channel '196a8256 com.android.gallery3d/com.android.gallery3d.app.GalleryActivity (server)'
W/InputDispatcher(  598): Attempted to unregister already unregistered input channel '7f12572 com.android.gallery3d/com.android.gallery3d.app.GalleryActivity (server)'
W/InputDispatcher(  598): Attempted to unregister already unregistered input channel 'f1734e com.android.gallery3d/com.android.gallery3d.app.GalleryActivity (server)'
W/WindowManager(  598): Failed looking up window
W/WindowManager(  598): java.lang.IllegalArgumentException: Requested window android.os.BinderProxy@364d2ee8 does not exist
W/WindowManager(  598): 	at com.android.server.wm.WindowManagerService.windowForClientLocked(WindowManagerService.java:8758)
W/WindowManager(  598): 	at com.android.server.wm.WindowManagerService.windowForClientLocked(WindowManagerService.java:8749)
W/WindowManager(  598): 	at com.android.server.wm.WindowState$DeathRecipient.binderDied(WindowState.java:1140)
W/WindowManager(  598): 	at android.os.BinderProxy.sendDeathNotice(Binder.java:551)
I/WindowState(  598): WIN DEATH: null
I/WindowState(  598): WIN DEATH: Window{196a8256 u0 com.android.gallery3d/com.android.gallery3d.app.GalleryActivity}
W/WindowManager(  598): Force-removing child win Window{395f47c4 u0 SurfaceView} from container Window{196a8256 u0 com.android.gallery3d/com.android.gallery3d.app.GalleryActivity}
W/WindowManager(  598): Failed looking up window
W/WindowManager(  598): java.lang.IllegalArgumentException: Requested window android.os.BinderProxy@2a93e2d7 does not exist
W/WindowManager(  598): 	at com.android.server.wm.WindowManagerService.windowForClientLocked(WindowManagerService.java:8758)
W/WindowManager(  598): 	at com.android.server.wm.WindowManagerService.windowForClientLocked(WindowManagerService.java:8749)
W/WindowManager(  598): 	at com.android.server.wm.WindowState$DeathRecipient.binderDied(WindowState.java:1140)
W/WindowManager(  598): 	at android.os.BinderProxy.sendDeathNotice(Binder.java:551)
I/WindowState(  598): WIN DEATH: null
I/WindowState(  598): WIN DEATH: Window{7f12572 u0 com.android.gallery3d/com.android.gallery3d.app.GalleryActivity}
I/WindowState(  598): WIN DEATH: Window{f1734e u0 com.android.gallery3d/com.android.gallery3d.app.GalleryActivity}
W/WindowManager(  598): Force-removing child win Window{99d4d7c u0 SurfaceView} from container Window{f1734e u0 com.android.gallery3d/com.android.gallery3d.app.GalleryActivity}
W/WindowManager(  598): Failed looking up window
W/WindowManager(  598): java.lang.IllegalArgumentException: Requested window android.os.BinderProxy@34440c6f does not exist
W/WindowManager(  598): 	at com.android.server.wm.WindowManagerService.windowForClientLocked(WindowManagerService.java:8758)
W/WindowManager(  598): 	at com.android.server.wm.WindowManagerService.windowForClientLocked(WindowManagerService.java:8749)
W/WindowManager(  598): 	at com.android.server.wm.WindowState$DeathRecipient.binderDied(WindowState.java:1140)
W/WindowManager(  598): 	at android.os.BinderProxy.sendDeathNotice(Binder.java:551)
I/WindowState(  598): WIN DEATH: null
I/ActivityManager(  598): Start proc 20077:com.android.gallery3d/u0a37 for activity com.android.gallery3d/.app.GalleryActivity
I/ActivityManager(  598): Killing 20077:com.android.gallery3d/u0a37 (adj 0): crash
V/WindowManager(  598): Adding window Window{2a4db38e u0 Starting com.android.gallery3d} at 6 of 10 (after Window{236edc8a u0 Starting com.android.gallery3d})
I/ActivityManager(  598): Start proc 20085:com.android.gallery3d/u0a37 for activity com.android.gallery3d/.app.GalleryActivity
W/ActivityManager(  598): Spurious death for ProcessRecord{33fad1a2 0:com.android.gallery3d/u0a37}, curProc for 19126: null
W/ResourcesManager(20085): Asset path '/system/framework/com.google.android.media.effects.jar' does not exist or contains no resources.
V/StateManager(20085): restoreFromState
V/StateManager(20085): restoreFromState class com.android.gallery3d.app.SinglePhotoPage
E/Gallery2/DrmHelper(20085): Could not get drm file path
D/OpenGLRenderer(20085): Use EGL_SWAP_BEHAVIOR_PRESERVED: true
D/Atlas   (20085): Validating map...
V/WindowManager(  598): Adding window Window{21ea186d u0 com.android.gallery3d/com.android.gallery3d.app.GalleryActivity} at 6 of 11 (before Window{2a4db38e u0 Starting com.android.gallery3d})
I/Adreno-EGL(20085): <qeglDrvAPI_eglInitialize:410>: EGL 1.4 QUALCOMM build: AU_LINUX_ANDROID_LA.AF.1.1.04.04.03.164.081_msm8960_LA.AF.1.1__release_AU ()
I/Adreno-EGL(20085): OpenGL ES Shader Compiler Version: E031.25.01.03
I/Adreno-EGL(20085): Build Date: 11/02/14 Sun
I/Adreno-EGL(20085): Local Branch: mybranch5454281
I/Adreno-EGL(20085): Remote Branch: quic/l_LNX.LA.3.6
I/Adreno-EGL(20085): Local Patches: NONE
I/Adreno-EGL(20085): Reconstruct Branch: AU_LINUX_ANDROID_LA.AF.1.1.04.04.03.164.081 + db92d1e + cb8de02 +  NOTHING
I/OpenGLRenderer(20085): Initialized EGL, version 1.4
D/OpenGLRenderer(20085): Enabling debug mode 0
V/WindowManager(  598): Adding window Window{1e8bad33 u0 SurfaceView} at 6 of 12 (before Window{21ea186d u0 com.android.gallery3d/com.android.gallery3d.app.GalleryActivity})
I/GLRootView(20085): onSurfaceChanged: 1080x1845, gl10: com.google.android.gles_jni.GLImpl@1bb0198b
I/GLRootView(20085): layout content pane 1080x1845 (compensation 0)
I/ActivityManager(  598): Displayed com.android.gallery3d/.app.GalleryActivity: +705ms
I/Timeline(  598): Timeline: Activity_windows_visible id: ActivityRecord{9794755 u0 com.android.gallery3d/.app.GalleryActivity t9} time:3551502
E/Sensors (  598): Acc old sensor_state 2176, new sensor_state : 2177 en : 1
I/GLRootView(20085): layout content pane 1080x1845 (compensation 0)
D/PhotoView(20085): compensation = 0, CameraRelativeFrame = Rect(0, 0 - 0, 0), mCameraRect = Rect(0, 0 - 0, 0)
I/Timeline(20085): Timeline: Activity_idle id: android.os.BinderProxy@3f32a27c time:3551980
D/lights  (  598): set_light_leds: type=0, color=0x00ffff6000, fM=0, fOnMS=0, fOffMs=0.
D/lights  (  598): write_leds: color=0x00ff6000, delay_on=0, delay_off=0, blink="0x00ff6000 0 0".
