--------- beginning of main
I/Timeline(  598): Timeline: Activity_windows_visible id: ActivityRecord{7c136ba u0 com.cyanogenmod.trebuchet/com.android.launcher3.Launcher t1} time:6148821
I/MediaFocusControl(  598):  AudioFocus  abandonAudioFocus() from android.media.AudioManager@32385724
W/OpenGLRenderer( 1193): Incorrectly called buildLayer on View: ShortcutAndWidgetContainer, destroying layer...
W/OpenGLRenderer( 1193): Incorrectly called buildLayer on View: ShortcutAndWidgetContainer, destroying layer...
D/AndroidRuntime( 2620): >>>>>> START com.android.internal.os.RuntimeInit uid 2000 <<<<<<
D/AndroidRuntime( 2620): CheckJNI is OFF
D/AndroidRuntime( 2620): Calling main entry com.android.commands.am.Am
--------- beginning of system
I/ActivityManager(  598): START u0 {act=android.intent.action.VIEW dat=file:///storage//sdcard0//tzeench//fuzzed.mp4 typ=video/* flg=0x10000000 cmp=com.android.gallery3d/.app.MovieActivity} from uid 2000 on display 0
V/WindowManager(  598): addAppToken: AppWindowToken{1d8ae741 token=Token{32868e28 ActivityRecord{1af4744b u0 com.android.gallery3d/.app.MovieActivity t12}}} to stack=1 task=12 at 89
D/AndroidRuntime( 2620): Shutting down VM
D/CodeauroraVideoView(25720): setVideoURI uri = file:///storage//sdcard0//tzeench//fuzzed.mp4
E/MediaPlayer-JNI(25720): QCMediaPlayer mediaplayer NOT present
E/Gallery2/DrmHelper(25720): Could not get drm file path
I/MediaFocusControl(  598):  AudioFocus  requestAudioFocus() from android.media.AudioManager@3f50a4fa req=2flags=0x0
V/WindowManager(  598): Adding window Window{2ea5e396 u0 com.android.gallery3d/com.android.gallery3d.app.MovieActivity} at 259 of 262 (after Window{3c556537 u0 com.android.gallery3d/com.android.gallery3d.app.MovieActivity})
F/libc    ( 2620): Fatal signal 11 (SIGSEGV), code 1, fault addr 0xb459e710 in tid 2655 (Binder_1)
I/DEBUG   (  230): property debug.db.uid not set; NOT waiting for gdb.
I/DEBUG   (  230): HINT: adb shell setprop debug.db.uid 100000
I/DEBUG   (  230): HINT: adb forward tcp:5039 tcp:5039
V/WindowManager(  598): Adding window Window{31baab04 u0 SurfaceView} at 259 of 263 (before Window{2ea5e396 u0 com.android.gallery3d/com.android.gallery3d.app.MovieActivity})
E/DEBUG   (  230): unexpected waitpid response: n=2655, status=00000000
E/DEBUG   (  230): tid exited before attach completed: tid 2655
E/MediaPlayer-JNI(25720): QCMediaPlayer mediaplayer NOT present
W/ALooperRoster(  233): failed to post message. Target handler 0 still registered, but object gone.
D/ExtendedUtils(  233): Try creating ExtendedExtractor
E/MM_OSAL (  233): FileSource::FileSource
E/MM_OSAL (  233): MM_Thread_CreateEx::set thread Prio to 0
E/MM_OSAL (  233): MM_Thread_CreateEx::thread 0xb589af80 created with stack 1040384 bytes
E/MM_OSAL (  233): FileSource::FileSource m_bEveryThingOK 1
E/MM_OSAL (  233): atom_size 3723432960, atom_type 0 @ offset 0
E/MM_OSAL (  233): Mpeg4File::mp4ParseStatus VIDEO_FMT_FAILURE
E/MM_OSAL (  233): Mpeg4File::peekMetaDataSize fragment_size_peek_cb failed 
E/MM_OSAL (  233): Mpeg4File::parseFirstFragment InitVideofmt failure
E/MM_OSAL (  233): m_pVideoFileHandle creation failed
E/MMParserExtractor(  233):  FileSourceWrapper::New returned NULL 
E/MMParserExtractor(  233): MMParserExtractor::countTracks readMetaData failed 
E/MMParserExtractor(  233):   
D/ExtendedUtils(  233): using default extractor inspite of having a new extractor
I/FFmpegExtractor(  233): android-source:0xb5982560
E/FFmpegExtractor(  233): android-source:0xb5982560: avformat_open_input failed, err:Invalid data found when processing input
W/FFmpegExtractor(  233): sniff through BetterSniffFFMPEG failed, try LegacySniffFFMPEG
E/FFmpegExtractor(  233): android-source:0xb5982560|file:/storage/emulated/legacy/tzeench/fuzzed.mp4: avformat_open_input failed, err:Invalid data found when processing input
D/FFmpegExtractor(  233): SniffFFMPEG failed to sniff this source
D/ExtendedUtils(  233): Try creating ExtendedExtractor
E/MM_OSAL (  233): FileSource::FileSource
E/MM_OSAL (  233): MM_Thread_CreateEx::set thread Prio to 0
E/MM_OSAL (  233): MM_Thread_CreateEx::thread 0xb589af80 created with stack 1040384 bytes
E/MM_OSAL (  233): FileSource::FileSource m_bEveryThingOK 1
E/MM_OSAL (  233): atom_size 3723432960, atom_type 0 @ offset 0
E/MM_OSAL (  233): Mpeg4File::mp4ParseStatus VIDEO_FMT_FAILURE
E/MM_OSAL (  233): Mpeg4File::peekMetaDataSize fragment_size_peek_cb failed 
E/MM_OSAL (  233): Mpeg4File::parseFirstFragment InitVideofmt failure
E/MM_OSAL (  233): m_pVideoFileHandle creation failed
E/MMParserExtractor(  233):  FileSourceWrapper::New returned NULL 
E/MMParserExtractor(  233): MMParserExtractor::countTracks readMetaData failed 
E/MMParserExtractor(  233):   
D/ExtendedUtils(  233): using default extractor inspite of having a new extractor
E/GenericSource(  233): Failed to init from data source!
E/MediaPlayer(25720): error (1, -2147483648)
E/MediaPlayer(25720): Error (1,-2147483648)
D/CodeauroraVideoView(25720): Error: 1,-2147483648
I/ActivityManager(  598): Displayed com.android.gallery3d/.app.MovieActivity: +545ms
V/WindowManager(  598): not Base app: Adding window Window{2f9a569c u0 com.android.gallery3d/com.android.gallery3d.app.MovieActivity} at 261 of 264
D/lights  (  598): set_light_leds: type=0, color=0x00ffff6000, fM=0, fOnMS=0, fOffMs=0.
D/lights  (  598): write_leds: color=0x00ff6000, delay_on=0, delay_off=0, blink="0x00ff6000 0 0".
I/Timeline(25720): Timeline: Activity_idle id: android.os.BinderProxy@324264a1 time:6150191
I/Timeline(  598): Timeline: Activity_windows_visible id: ActivityRecord{1af4744b u0 com.android.gallery3d/.app.MovieActivity t12} time:6150662
