--------- beginning of main
D/AndroidRuntime(23971): >>>>>> START com.android.internal.os.RuntimeInit uid 2000 <<<<<<
D/AndroidRuntime(23971): CheckJNI is OFF
D/AndroidRuntime(23971): Calling main entry com.android.commands.am.Am
E/Sensors (  599): Acc old sensor_state 2177, new sensor_state : 2176 en : 0
--------- beginning of system
I/ActivityManager(  599): START u0 {act=android.intent.action.VIEW dat=file:///storage//sdcard0//tzeench//fuzzed.jpg typ=image/* flg=0x10000000 cmp=com.android.gallery3d/.app.GalleryActivity} from uid 2000 on display 0
V/WindowManager(  599): addAppToken: AppWindowToken{108af941 token=Token{2413a828 ActivityRecord{387db64b u0 com.android.gallery3d/.app.GalleryActivity t3641}}} to stack=1 task=3641 at 2
D/AndroidRuntime(23971): Shutting down VM
V/StateManager(23859): startState class com.android.gallery3d.app.SinglePhotoPage
V/WindowManager(  599): Adding window Window{26cce87d u0 com.android.gallery3d/com.android.gallery3d.app.GalleryActivity} at 5 of 9 (after Window{2500005b u0 com.android.gallery3d/com.android.gallery3d.app.GalleryActivity})
V/WindowManager(  599): Adding window Window{1adca3c3 u0 SurfaceView} at 5 of 10 (before Window{26cce87d u0 com.android.gallery3d/com.android.gallery3d.app.GalleryActivity})
I/GLRootView(23859): onSurfaceChanged: 1080x1845, gl10: com.google.android.gles_jni.GLImpl@12829fb9
I/GLRootView(23859): layout content pane 1080x1845 (compensation 0)
E/Sensors (  599): Acc old sensor_state 2176, new sensor_state : 2177 en : 1
I/ActivityManager(  599): Displayed com.android.gallery3d/.app.GalleryActivity: +192ms
I/Timeline(23859): Timeline: Activity_idle id: android.os.BinderProxy@21edaa03 time:13966107
F/libc    (23859): Fatal signal 7 (SIGBUS), code 2, fault addr 0xa071f000 in tid 23886 (thread-pool-1)
I/DEBUG   (  232): property debug.db.uid not set; NOT waiting for gdb.
I/DEBUG   (  232): HINT: adb shell setprop debug.db.uid 100000
I/DEBUG   (  232): HINT: adb forward tcp:5039 tcp:5039
I/DEBUG   (  232): *** *** *** *** *** *** *** *** *** *** *** *** *** *** *** ***
I/DEBUG   (  232): Build fingerprint: 'samsung/jfltexx/jflte:5.0.1/LRX22C/I9505XXUHOB7:user/release-keys'
I/DEBUG   (  232): Revision: '11'
I/DEBUG   (  232): ABI: 'arm'
I/DEBUG   (  232): pid: 23859, tid: 23886, name: thread-pool-1  >>> com.android.gallery3d <<<
I/DEBUG   (  232): signal 7 (SIGBUS), code 2 (BUS_ADRERR), fault addr 0xa071f000
I/DEBUG   (  232):     r0 aedb9df0  r1 a071efe6  r2 00000400  r3 00000000
I/DEBUG   (  232):     r4 aec2c2b0  r5 00000400  r6 aedeb8f8  r7 aedb9e30
I/DEBUG   (  232):     r8 5ef7eebd  r9 af1ed648  sl aedb9e38  fp 00000006
I/DEBUG   (  232):     ip 00000001  sp af1ed5d0  lr 00000280  pc b6e740d2  cpsr 20070030
I/DEBUG   (  232): 
I/DEBUG   (  232): backtrace:
I/DEBUG   (  232):     #00 pc 000110d2  /system/lib/libc.so (__memcpy_base+249)
I/DEBUG   (  232):     #01 pc 0000027c  <unknown>
I/Timeline(  599): Timeline: Activity_windows_visible id: ActivityRecord{387db64b u0 com.android.gallery3d/.app.GalleryActivity t3641} time:13966434
I/DEBUG   (  232): 
I/DEBUG   (  232): Tombstone written to: /data/tombstones/tombstone_04
I/BootReceiver(  599): Copying /data/tombstones/tombstone_04 to DropBox (SYSTEM_TOMBSTONE)
W/ActivityManager(  599):   Force finishing activity 1 com.android.gallery3d/.app.GalleryActivity
E/Sensors (  599): Acc old sensor_state 2177, new sensor_state : 2176 en : 0
W/InputDispatcher(  599): channel '2500005b com.android.gallery3d/com.android.gallery3d.app.GalleryActivity (server)' ~ Consumer closed input channel or an error occurred.  events=0x9
E/InputDispatcher(  599): channel '2500005b com.android.gallery3d/com.android.gallery3d.app.GalleryActivity (server)' ~ Channel is unrecoverably broken and will be disposed!
I/WindowState(  599): WIN DEATH: Window{26cce87d u0 com.android.gallery3d/com.android.gallery3d.app.GalleryActivity}
I/WindowState(  599): WIN DEATH: Window{1adca3c3 u0 SurfaceView}
W/InputDispatcher(  599): Attempted to unregister already unregistered input channel '2500005b com.android.gallery3d/com.android.gallery3d.app.GalleryActivity (server)'
I/WindowState(  599): WIN DEATH: Window{2500005b u0 com.android.gallery3d/com.android.gallery3d.app.GalleryActivity}
W/WindowManager(  599): Force-removing child win Window{30a8f9d1 u0 SurfaceView} from container Window{2500005b u0 com.android.gallery3d/com.android.gallery3d.app.GalleryActivity}
W/WindowManager(  599): Failed looking up window
W/WindowManager(  599): java.lang.IllegalArgumentException: Requested window android.os.BinderProxy@227e10f8 does not exist
W/WindowManager(  599): 	at com.android.server.wm.WindowManagerService.windowForClientLocked(WindowManagerService.java:8758)
W/WindowManager(  599): 	at com.android.server.wm.WindowManagerService.windowForClientLocked(WindowManagerService.java:8749)
W/WindowManager(  599): 	at com.android.server.wm.WindowState$DeathRecipient.binderDied(WindowState.java:1140)
W/WindowManager(  599): 	at android.os.BinderProxy.sendDeathNotice(Binder.java:551)
I/WindowState(  599): WIN DEATH: null
I/Zygote  (  243): Process 23859 exited due to signal (7)
I/ActivityManager(  599): Process com.android.gallery3d (pid 23859) has died
W/ActivityManager(  599): Force removing ActivityRecord{2189bc03 u0 com.android.gallery3d/.app.GalleryActivity t3641}: app died, no saved state
V/WindowManager(  599): Adding window Window{2a5a2c21 u0 Starting com.android.gallery3d} at 3 of 10 (before Window{1adca3c3 u0 SurfaceView EXITING})
I/ActivityManager(  599): Start proc 24000:com.android.gallery3d/u0a37 for activity com.android.gallery3d/.app.GalleryActivity
I/art     (  243): Explicit concurrent mark sweep GC freed 709(30KB) AllocSpace objects, 0(0B) LOS objects, 40% free, 16MB/26MB, paused 335us total 26.702ms
I/art     (  243): Explicit concurrent mark sweep GC freed 5(160B) AllocSpace objects, 0(0B) LOS objects, 40% free, 16MB/26MB, paused 366us total 22.613ms
W/ResourcesManager(24000): Asset path '/system/framework/com.google.android.media.effects.jar' does not exist or contains no resources.
I/art     (  243): Explicit concurrent mark sweep GC freed 5(160B) AllocSpace objects, 0(0B) LOS objects, 40% free, 16MB/26MB, paused 854us total 26.062ms
V/StateManager(24000): restoreFromState
V/StateManager(24000): restoreFromState class com.android.gallery3d.app.SinglePhotoPage
E/Gallery2/DrmHelper(24000): Could not get drm file path
D/OpenGLRenderer(24000): Use EGL_SWAP_BEHAVIOR_PRESERVED: true
D/Atlas   (24000): Validating map...
V/WindowManager(  599): Adding window Window{3a3f5793 u0 com.android.gallery3d/com.android.gallery3d.app.GalleryActivity} at 3 of 9 (before Window{2a5a2c21 u0 Starting com.android.gallery3d})
I/Adreno-EGL(24000): <qeglDrvAPI_eglInitialize:410>: EGL 1.4 QUALCOMM build: AU_LINUX_ANDROID_LA.AF.1.1.04.04.03.164.081_msm8960_LA.AF.1.1__release_AU ()
I/Adreno-EGL(24000): OpenGL ES Shader Compiler Version: E031.25.01.03
I/Adreno-EGL(24000): Build Date: 11/02/14 Sun
I/Adreno-EGL(24000): Local Branch: mybranch5454281
I/Adreno-EGL(24000): Remote Branch: quic/l_LNX.LA.3.6
I/Adreno-EGL(24000): Local Patches: NONE
I/Adreno-EGL(24000): Reconstruct Branch: AU_LINUX_ANDROID_LA.AF.1.1.04.04.03.164.081 + db92d1e + cb8de02 +  NOTHING
I/OpenGLRenderer(24000): Initialized EGL, version 1.4
D/OpenGLRenderer(24000): Enabling debug mode 0
V/WindowManager(  599): Adding window Window{238b6fc9 u0 SurfaceView} at 3 of 10 (before Window{3a3f5793 u0 com.android.gallery3d/com.android.gallery3d.app.GalleryActivity})
E/Sensors (  599): Acc old sensor_state 2176, new sensor_state : 2177 en : 1
I/GLRootView(24000): onSurfaceChanged: 1080x1845, gl10: com.google.android.gles_jni.GLImpl@3cccc51
I/ActivityManager(  599): Displayed com.android.gallery3d/.app.GalleryActivity: +487ms
I/Timeline(  599): Timeline: Activity_windows_visible id: ActivityRecord{181a324 u0 com.android.gallery3d/.app.GalleryActivity t3641} time:13967506
I/GLRootView(24000): layout content pane 1080x1845 (compensation 0)
D/PhotoView(24000): compensation = 0, CameraRelativeFrame = Rect(0, 0 - 0, 0), mCameraRect = Rect(0, 0 - 0, 0)
I/Timeline(24000): Timeline: Activity_idle id: android.os.BinderProxy@1dfdb5bf time:13967801
V/IgBitmapFactory(19477): decode image
D/lights  (  599): set_light_leds: type=0, color=0x00ffff6000, fM=0, fOnMS=0, fOffMs=0.
D/lights  (  599): write_leds: color=0x00ff6000, delay_on=0, delay_off=0, blink="0x00ff6000 0 0".
D/ZenLog  (  599): intercepted: 0|com.instagram.android|64278|newstab|228662600_like|10084,none
V/NotificationService(  599): pkg=com.instagram.android canInterrupt=false intercept=true
W/ResourcesManager(  813): Asset path '/system/framework/com.google.android.maps.jar' does not exist or contains no resources.
W/ResourcesManager( 1026): Asset path '/system/framework/com.google.android.maps.jar' does not exist or contains no resources.
