--------- beginning of main
W/OpenGLRenderer( 1193): Incorrectly called buildLayer on View: ShortcutAndWidgetContainer, destroying layer...
W/OpenGLRenderer( 1193): Incorrectly called buildLayer on View: ShortcutAndWidgetContainer, destroying layer...
D/AndroidRuntime(30151): >>>>>> START com.android.internal.os.RuntimeInit uid 2000 <<<<<<
D/AndroidRuntime(30151): CheckJNI is OFF
D/AndroidRuntime(30151): Calling main entry com.android.commands.am.Am
--------- beginning of system
I/ActivityManager(  598): START u0 {act=android.intent.action.VIEW dat=file:///storage//sdcard0//tzeench//fuzzed.jpg typ=image/* flg=0x10000000 cmp=com.android.gallery3d/.app.GalleryActivity} from uid 2000 on display 0
V/WindowManager(  598): addAppToken: AppWindowToken{f6671a7 token=Token{3de5ca66 ActivityRecord{30a222c1 u0 com.android.gallery3d/.app.GalleryActivity t9}}} to stack=1 task=9 at 2
D/AndroidRuntime(30151): Shutting down VM
V/StateManager(28695): startState class com.android.gallery3d.app.SinglePhotoPage
V/WindowManager(  598): Adding window Window{1a7e8143 u0 com.android.gallery3d/com.android.gallery3d.app.GalleryActivity} at 7 of 10 (after Window{3c76ecb7 u0 com.android.gallery3d/com.android.gallery3d.app.GalleryActivity})
V/WindowManager(  598): Adding window Window{1de768f9 u0 SurfaceView} at 7 of 11 (before Window{1a7e8143 u0 com.android.gallery3d/com.android.gallery3d.app.GalleryActivity})
I/ActivityManager(  598): Displayed com.android.gallery3d/.app.GalleryActivity: +146ms
I/GLRootView(28695): onSurfaceChanged: 1080x1845, gl10: com.google.android.gles_jni.GLImpl@28d15fb4
E/Sensors (  598): Acc old sensor_state 2176, new sensor_state : 2177 en : 1
I/Timeline(28695): Timeline: Activity_idle id: android.os.BinderProxy@124f7cc6 time:2864306
F/libc    (28695): Fatal signal 7 (SIGBUS), code 2, fault addr 0xa0b8f000 in tid 28716 (thread-pool-0)
I/DEBUG   (  230): property debug.db.uid not set; NOT waiting for gdb.
I/DEBUG   (  230): HINT: adb shell setprop debug.db.uid 100000
I/DEBUG   (  230): HINT: adb forward tcp:5039 tcp:5039
I/DEBUG   (  230): *** *** *** *** *** *** *** *** *** *** *** *** *** *** *** ***
I/DEBUG   (  230): Build fingerprint: 'samsung/jfltexx/jflte:5.0.1/LRX22C/I9505XXUHOB7:user/release-keys'
I/DEBUG   (  230): Revision: '11'
I/DEBUG   (  230): ABI: 'arm'
I/DEBUG   (  230): pid: 28695, tid: 28716, name: thread-pool-0  >>> com.android.gallery3d <<<
I/DEBUG   (  230): signal 7 (SIGBUS), code 2 (BUS_ADRERR), fault addr 0xa0b8f000
I/DEBUG   (  230):     r0 a1b6d7f0  r1 a0b8efed  r2 00000400  r3 00000000
I/DEBUG   (  230):     r4 a19bb290  r5 00000400  r6 a19c24c0  r7 a1b6d830
I/DEBUG   (  230):     r8 7d15cf19  r9 af2273d0  sl 00000001  fp 00000006
I/DEBUG   (  230):     ip 00000001  sp af227340  lr 00000280  pc b6e400d2  cpsr 20010030
I/DEBUG   (  230): 
I/DEBUG   (  230): backtrace:
I/DEBUG   (  230):     #00 pc 000110d2  /system/lib/libc.so (__memcpy_base+249)
I/DEBUG   (  230):     #01 pc 0000027c  <unknown>
I/Timeline(  598): Timeline: Activity_windows_visible id: ActivityRecord{30a222c1 u0 com.android.gallery3d/.app.GalleryActivity t9} time:2865001
I/DEBUG   (  230): 
I/DEBUG   (  230): Tombstone written to: /data/tombstones/tombstone_05
W/ActivityManager(  598):   Force finishing activity 1 com.android.gallery3d/.app.GalleryActivity
I/BootReceiver(  598): Copying /data/tombstones/tombstone_05 to DropBox (SYSTEM_TOMBSTONE)
E/Sensors (  598): Acc old sensor_state 2177, new sensor_state : 2176 en : 0
W/InputDispatcher(  598): channel '1a7dc226 com.android.gallery3d/com.android.gallery3d.app.GalleryActivity (server)' ~ Consumer closed input channel or an error occurred.  events=0x9
E/InputDispatcher(  598): channel '1a7dc226 com.android.gallery3d/com.android.gallery3d.app.GalleryActivity (server)' ~ Channel is unrecoverably broken and will be disposed!
W/InputDispatcher(  598): channel '3c76ecb7 com.android.gallery3d/com.android.gallery3d.app.GalleryActivity (server)' ~ Consumer closed input channel or an error occurred.  events=0x9
E/InputDispatcher(  598): channel '3c76ecb7 com.android.gallery3d/com.android.gallery3d.app.GalleryActivity (server)' ~ Channel is unrecoverably broken and will be disposed!
W/InputDispatcher(  598): channel '1a7e8143 com.android.gallery3d/com.android.gallery3d.app.GalleryActivity (server)' ~ Consumer closed input channel or an error occurred.  events=0x9
E/InputDispatcher(  598): channel '1a7e8143 com.android.gallery3d/com.android.gallery3d.app.GalleryActivity (server)' ~ Channel is unrecoverably broken and will be disposed!
W/InputDispatcher(  598): Attempted to unregister already unregistered input channel '1a7dc226 com.android.gallery3d/com.android.gallery3d.app.GalleryActivity (server)'
I/OpenGLRenderer(  598): Initialized EGL, version 1.4
I/WindowState(  598): WIN DEATH: Window{1a7dc226 u0 com.android.gallery3d/com.android.gallery3d.app.GalleryActivity}
W/WindowManager(  598): Force-removing child win Window{479414 u0 SurfaceView} from container Window{1a7dc226 u0 com.android.gallery3d/com.android.gallery3d.app.GalleryActivity}
I/ActivityManager(  598): Process com.android.gallery3d (pid 28695) has died
W/WindowManager(  598): Failed looking up window
W/WindowManager(  598): java.lang.IllegalArgumentException: Requested window android.os.BinderProxy@28176e67 does not exist
W/WindowManager(  598): 	at com.android.server.wm.WindowManagerService.windowForClientLocked(WindowManagerService.java:8758)
W/WindowManager(  598): 	at com.android.server.wm.WindowManagerService.windowForClientLocked(WindowManagerService.java:8749)
W/WindowManager(  598): 	at com.android.server.wm.WindowState$DeathRecipient.binderDied(WindowState.java:1140)
W/WindowManager(  598): 	at android.os.BinderProxy.sendDeathNotice(Binder.java:551)
I/WindowState(  598): WIN DEATH: null
I/WindowState(  598): WIN DEATH: Window{24d7438d u0 SurfaceView}
I/WindowState(  598): WIN DEATH: Window{1de768f9 u0 SurfaceView}
W/InputDispatcher(  598): Attempted to unregister already unregistered input channel '1a7e8143 com.android.gallery3d/com.android.gallery3d.app.GalleryActivity (server)'
I/Zygote  (  241): Process 28695 exited due to signal (7)
W/InputDispatcher(  598): Attempted to unregister already unregistered input channel '3c76ecb7 com.android.gallery3d/com.android.gallery3d.app.GalleryActivity (server)'
I/WindowState(  598): WIN DEATH: Window{1a7e8143 u0 com.android.gallery3d/com.android.gallery3d.app.GalleryActivity}
I/WindowState(  598): WIN DEATH: Window{3c76ecb7 u0 com.android.gallery3d/com.android.gallery3d.app.GalleryActivity}
V/WindowManager(  598): Adding window Window{b6b6add u0 Starting com.android.gallery3d} at 3 of 9 (before Window{1de768f9 u0 SurfaceView EXITING})
I/ActivityManager(  598): Start proc 30176:com.android.gallery3d/u0a37 for activity com.android.gallery3d/.app.GalleryActivity
W/ResourcesManager(30176): Asset path '/system/framework/com.google.android.media.effects.jar' does not exist or contains no resources.
V/StateManager(30176): restoreFromState
I/Finsky  ( 1708): [1] com.google.android.finsky.utils.df.onTrimMemory(25): Memory trim requested to level 5
V/StateManager(30176): restoreFromState class com.android.gallery3d.app.SinglePhotoPage
E/Gallery2/DrmHelper(30176): Could not get drm file path
D/OpenGLRenderer(30176): Use EGL_SWAP_BEHAVIOR_PRESERVED: true
D/Atlas   (30176): Validating map...
V/WindowManager(  598): Adding window Window{d6f5105 u0 com.android.gallery3d/com.android.gallery3d.app.GalleryActivity} at 3 of 8 (before Window{b6b6add u0 Starting com.android.gallery3d})
E/Sensors (  598): Acc old sensor_state 2176, new sensor_state : 2177 en : 1
I/Adreno-EGL(30176): <qeglDrvAPI_eglInitialize:410>: EGL 1.4 QUALCOMM build: AU_LINUX_ANDROID_LA.AF.1.1.04.04.03.164.081_msm8960_LA.AF.1.1__release_AU ()
I/Adreno-EGL(30176): OpenGL ES Shader Compiler Version: E031.25.01.03
I/Adreno-EGL(30176): Build Date: 11/02/14 Sun
I/Adreno-EGL(30176): Local Branch: mybranch5454281
I/Adreno-EGL(30176): Remote Branch: quic/l_LNX.LA.3.6
I/Adreno-EGL(30176): Local Patches: NONE
I/Adreno-EGL(30176): Reconstruct Branch: AU_LINUX_ANDROID_LA.AF.1.1.04.04.03.164.081 + db92d1e + cb8de02 +  NOTHING
I/OpenGLRenderer(30176): Initialized EGL, version 1.4
D/OpenGLRenderer(30176): Enabling debug mode 0
V/WindowManager(  598): Adding window Window{1c6b538b u0 SurfaceView} at 3 of 9 (before Window{d6f5105 u0 com.android.gallery3d/com.android.gallery3d.app.GalleryActivity})
I/GLRootView(30176): onSurfaceChanged: 1080x1845, gl10: com.google.android.gles_jni.GLImpl@6274b26
I/GLRootView(30176): layout content pane 1080x1845 (compensation 0)
D/PhotoView(30176): compensation = 0, CameraRelativeFrame = Rect(0, 0 - 0, 0), mCameraRect = Rect(0, 0 - 0, 0)
I/ActivityManager(  598): Displayed com.android.gallery3d/.app.GalleryActivity: +689ms
I/Timeline(  598): Timeline: Activity_windows_visible id: ActivityRecord{3b8b0ed5 u0 com.android.gallery3d/.app.GalleryActivity t9} time:2866145
I/Timeline(30176): Timeline: Activity_idle id: android.os.BinderProxy@3f32a27c time:2866354
D/lights  (  598): set_light_leds: type=0, color=0x00ffff6000, fM=0, fOnMS=0, fOffMs=0.
D/lights  (  598): write_leds: color=0x00ff6000, delay_on=0, delay_off=0, blink="0x00ff6000 0 0".
W/InputMethodManagerService(  598): Got RemoteException sending setActive(false) notification to pid 28695 uid 10037
