W/WindowManager(  598): Token{483ae82 null} already running, starting window not displayed. Unable to add window -- token Token{483ae82 null} is not valid; is your activity running?
W/WindowManager(  598): view not successfully added to wm, removing view
W/WindowManager(  598): Token{3dcfef39 null} already running, starting window not displayed. Unable to add window -- token Token{3dcfef39 null} is not valid; is your activity running?
W/WindowManager(  598): view not successfully added to wm, removing view
W/WindowManager(  598): Attempted to add application window with unknown token Token{483ae82 null}.  Aborting.
W/WindowManager(  598): Exception when adding starting window
W/WindowManager(  598): java.lang.IllegalArgumentException: View=com.android.internal.policy.impl.PhoneWindow$DecorView{2bb0236 V.E..... R.....ID 0,0-0,0} not attached to window manager
W/WindowManager(  598): 	at android.view.WindowManagerGlobal.findViewLocked(WindowManagerGlobal.java:396)
W/WindowManager(  598): 	at android.view.WindowManagerGlobal.removeView(WindowManagerGlobal.java:322)
W/WindowManager(  598): 	at android.view.WindowManagerImpl.removeViewImmediate(WindowManagerImpl.java:116)
W/WindowManager(  598): 	at com.android.internal.policy.impl.PhoneWindowManager.addStartingWindow(PhoneWindowManager.java:2655)
W/WindowManager(  598): 	at com.android.server.wm.WindowManagerService$H.handleMessage(WindowManagerService.java:7901)
W/WindowManager(  598): 	at android.os.Handler.dispatchMessage(Handler.java:102)
W/WindowManager(  598): 	at android.os.Looper.loop(Looper.java:135)
W/WindowManager(  598): 	at android.os.HandlerThread.run(HandlerThread.java:61)
W/WindowManager(  598): 	at com.android.server.ServiceThread.run(ServiceThread.java:46)
W/WindowManager(  598): Attempted to add application window with unknown token Token{3dcfef39 null}.  Aborting.
W/WindowManager(  598): Exception when adding starting window
W/WindowManager(  598): java.lang.IllegalArgumentException: View=com.android.internal.policy.impl.PhoneWindow$DecorView{1539f009 V.E..... R.....ID 0,0-0,0} not attached to window manager
W/WindowManager(  598): 	at android.view.WindowManagerGlobal.findViewLocked(WindowManagerGlobal.java:396)
W/WindowManager(  598): 	at android.view.WindowManagerGlobal.removeView(WindowManagerGlobal.java:322)
W/WindowManager(  598): 	at android.view.WindowManagerImpl.removeViewImmediate(WindowManagerImpl.java:116)
W/WindowManager(  598): 	at com.android.internal.policy.impl.PhoneWindowManager.addStartingWindow(PhoneWindowManager.java:2655)
W/WindowManager(  598): 	at com.android.server.wm.WindowManagerService$H.handleMessage(WindowManagerService.java:7901)
W/WindowManager(  598): 	at android.os.Handler.dispatchMessage(Handler.java:102)
W/WindowManager(  598): 	at android.os.Looper.loop(Looper.java:135)
W/WindowManager(  598): 	at android.os.HandlerThread.run(HandlerThread.java:61)
W/WindowManager(  598): 	at com.android.server.ServiceThread.run(ServiceThread.java:46)
W/WindowManager(  598): Token{233cb35c null} already running, starting window not displayed. Unable to add window -- token Token{233cb35c null} is not valid; is your activity running?
W/WindowManager(  598): view not successfully added to wm, removing view
W/WindowManager(  598): Attempted to add application window with unknown token Token{233cb35c null}.  Aborting.
W/WindowManager(  598): Exception when adding starting window
W/WindowManager(  598): java.lang.IllegalArgumentException: View=com.android.internal.policy.impl.PhoneWindow$DecorView{167efe28 V.E..... R.....ID 0,0-0,0} not attached to window manager
W/WindowManager(  598): 	at android.view.WindowManagerGlobal.findViewLocked(WindowManagerGlobal.java:396)
W/WindowManager(  598): 	at android.view.WindowManagerGlobal.removeView(WindowManagerGlobal.java:322)
W/WindowManager(  598): 	at android.view.WindowManagerImpl.removeViewImmediate(WindowManagerImpl.java:116)
W/WindowManager(  598): 	at com.android.internal.policy.impl.PhoneWindowManager.addStartingWindow(PhoneWindowManager.java:2655)
W/WindowManager(  598): 	at com.android.server.wm.WindowManagerService$H.handleMessage(WindowManagerService.java:7901)
W/WindowManager(  598): 	at android.os.Handler.dispatchMessage(Handler.java:102)
W/WindowManager(  598): 	at android.os.Looper.loop(Looper.java:135)
W/WindowManager(  598): 	at android.os.HandlerThread.run(HandlerThread.java:61)
W/WindowManager(  598): 	at com.android.server.ServiceThread.run(ServiceThread.java:46)
W/WindowManager(  598): Token{36c941db null} already running, starting window not displayed. Unable to add window -- token Token{36c941db null} is not valid; is your activity running?
W/WindowManager(  598): view not successfully added to wm, removing view
W/WindowManager(  598): Token{38fc4e66 null} already running, starting window not displayed. Unable to add window -- token Token{38fc4e66 null} is not valid; is your activity running?
W/WindowManager(  598): view not successfully added to wm, removing view
W/WindowManager(  598): Attempted to add application window with unknown token Token{36c941db null}.  Aborting.
W/WindowManager(  598): Exception when adding starting window
W/WindowManager(  598): java.lang.IllegalArgumentException: View=com.android.internal.policy.impl.PhoneWindow$DecorView{31d751c3 V.E..... R.....ID 0,0-0,0} not attached to window manager
W/WindowManager(  598): 	at android.view.WindowManagerGlobal.findViewLocked(WindowManagerGlobal.java:396)
W/WindowManager(  598): 	at android.view.WindowManagerGlobal.removeView(WindowManagerGlobal.java:322)
W/WindowManager(  598): 	at android.view.WindowManagerImpl.removeViewImmediate(WindowManagerImpl.java:116)
W/WindowManager(  598): 	at com.android.internal.policy.impl.PhoneWindowManager.addStartingWindow(PhoneWindowManager.java:2655)
W/WindowManager(  598): 	at com.android.server.wm.WindowManagerService$H.handleMessage(WindowManagerService.java:7901)
W/WindowManager(  598): 	at android.os.Handler.dispatchMessage(Handler.java:102)
W/WindowManager(  598): 	at android.os.Looper.loop(Looper.java:135)
W/WindowManager(  598): 	at android.os.HandlerThread.run(HandlerThread.java:61)
W/WindowManager(  598): 	at com.android.server.ServiceThread.run(ServiceThread.java:46)
W/WindowManager(  598): Attempted to add application window with unknown token Token{38fc4e66 null}.  Aborting.
W/WindowManager(  598): Exception when adding starting window
W/WindowManager(  598): java.lang.IllegalArgumentException: View=com.android.internal.policy.impl.PhoneWindow$DecorView{5c334ca V.E..... R.....ID 0,0-0,0} not attached to window manager
W/WindowManager(  598): 	at android.view.WindowManagerGlobal.findViewLocked(WindowManagerGlobal.java:396)
W/WindowManager(  598): 	at android.view.WindowManagerGlobal.removeView(WindowManagerGlobal.java:322)
W/WindowManager(  598): 	at android.view.WindowManagerImpl.removeViewImmediate(WindowManagerImpl.java:116)
W/WindowManager(  598): 	at com.android.internal.policy.impl.PhoneWindowManager.addStartingWindow(PhoneWindowManager.java:2655)
W/WindowManager(  598): 	at com.android.server.wm.WindowManagerService$H.handleMessage(WindowManagerService.java:7901)
W/WindowManager(  598): 	at android.os.Handler.dispatchMessage(Handler.java:102)
W/WindowManager(  598): 	at android.os.Looper.loop(Looper.java:135)
W/WindowManager(  598): 	at android.os.HandlerThread.run(HandlerThread.java:61)
W/WindowManager(  598): 	at com.android.server.ServiceThread.run(ServiceThread.java:46)
V/StateManager(28680): startState class com.android.gallery3d.app.SinglePhotoPage
W/WindowManager(  598): Token{2399e06d null} already running, starting window not displayed. Unable to add window -- token Token{2399e06d null} is not valid; is your activity running?
W/WindowManager(  598): view not successfully added to wm, removing view
W/WindowManager(  598): Attempted to add application window with unknown token Token{2399e06d null}.  Aborting.
W/WindowManager(  598): Exception when adding starting window
W/WindowManager(  598): java.lang.IllegalArgumentException: View=com.android.internal.policy.impl.PhoneWindow$DecorView{216ce8ed V.E..... R.....ID 0,0-0,0} not attached to window manager
W/WindowManager(  598): 	at android.view.WindowManagerGlobal.findViewLocked(WindowManagerGlobal.java:396)
W/WindowManager(  598): 	at android.view.WindowManagerGlobal.removeView(WindowManagerGlobal.java:322)
W/WindowManager(  598): 	at android.view.WindowManagerImpl.removeViewImmediate(WindowManagerImpl.java:116)
W/WindowManager(  598): 	at com.android.internal.policy.impl.PhoneWindowManager.addStartingWindow(PhoneWindowManager.java:2655)
W/WindowManager(  598): 	at com.android.server.wm.WindowManagerService$H.handleMessage(WindowManagerService.java:7901)
W/WindowManager(  598): 	at android.os.Handler.dispatchMessage(Handler.java:102)
W/WindowManager(  598): 	at android.os.Looper.loop(Looper.java:135)
W/WindowManager(  598): 	at android.os.HandlerThread.run(HandlerThread.java:61)
W/WindowManager(  598): 	at com.android.server.ServiceThread.run(ServiceThread.java:46)
W/WindowManager(  598): Token{231e6620 null} already running, starting window not displayed. Unable to add window -- token Token{231e6620 null} is not valid; is your activity running?
W/WindowManager(  598): view not successfully added to wm, removing view
W/WindowManager(  598): Attempted to add application window with unknown token Token{231e6620 null}.  Aborting.
W/WindowManager(  598): Exception when adding starting window
W/WindowManager(  598): java.lang.IllegalArgumentException: View=com.android.internal.policy.impl.PhoneWindow$DecorView{2d63c69c V.E..... R.....ID 0,0-0,0} not attached to window manager
W/WindowManager(  598): 	at android.view.WindowManagerGlobal.findViewLocked(WindowManagerGlobal.java:396)
W/WindowManager(  598): 	at android.view.WindowManagerGlobal.removeView(WindowManagerGlobal.java:322)
W/WindowManager(  598): 	at android.view.WindowManagerImpl.removeViewImmediate(WindowManagerImpl.java:116)
W/WindowManager(  598): 	at com.android.internal.policy.impl.PhoneWindowManager.addStartingWindow(PhoneWindowManager.java:2655)
W/WindowManager(  598): 	at com.android.server.wm.WindowManagerService$H.handleMessage(WindowManagerService.java:7901)
W/WindowManager(  598): 	at android.os.Handler.dispatchMessage(Handler.java:102)
W/WindowManager(  598): 	at android.os.Looper.loop(Looper.java:135)
W/WindowManager(  598): 	at android.os.HandlerThread.run(HandlerThread.java:61)
W/WindowManager(  598): 	at com.android.server.ServiceThread.run(ServiceThread.java:46)
W/WindowManager(  598): Token{1630e36f null} already running, starting window not displayed. Unable to add window -- token Token{1630e36f null} is not valid; is your activity running?
W/WindowManager(  598): view not successfully added to wm, removing view
W/WindowManager(  598): Token{1ea6ed0a null} already running, starting window not displayed. Unable to add window -- token Token{1ea6ed0a null} is not valid; is your activity running?
W/WindowManager(  598): view not successfully added to wm, removing view
W/WindowManager(  598): Attempted to add application window with unknown token Token{1630e36f null}.  Aborting.
W/WindowManager(  598): Exception when adding starting window
W/WindowManager(  598): java.lang.IllegalArgumentException: View=com.android.internal.policy.impl.PhoneWindow$DecorView{d50d807 V.E..... R.....ID 0,0-0,0} not attached to window manager
W/WindowManager(  598): 	at android.view.WindowManagerGlobal.findViewLocked(WindowManagerGlobal.java:396)
W/WindowManager(  598): 	at android.view.WindowManagerGlobal.removeView(WindowManagerGlobal.java:322)
W/WindowManager(  598): 	at android.view.WindowManagerImpl.removeViewImmediate(WindowManagerImpl.java:116)
W/WindowManager(  598): 	at com.android.internal.policy.impl.PhoneWindowManager.addStartingWindow(PhoneWindowManager.java:2655)
W/WindowManager(  598): 	at com.android.server.wm.WindowManagerService$H.handleMessage(WindowManagerService.java:7901)
W/WindowManager(  598): 	at android.os.Handler.dispatchMessage(Handler.java:102)
W/WindowManager(  598): 	at android.os.Looper.loop(Looper.java:135)
W/WindowManager(  598): 	at android.os.HandlerThread.run(HandlerThread.java:61)
W/WindowManager(  598): 	at com.android.server.ServiceThread.run(ServiceThread.java:46)
W/WindowManager(  598): Attempted to add application window with unknown token Token{1ea6ed0a null}.  Aborting.
W/WindowManager(  598): Exception when adding starting window
W/WindowManager(  598): java.lang.IllegalArgumentException: View=com.android.internal.policy.impl.PhoneWindow$DecorView{2dbee01e V.E..... R.....ID 0,0-0,0} not attached to window manager
W/WindowManager(  598): 	at android.view.WindowManagerGlobal.findViewLocked(WindowManagerGlobal.java:396)
W/WindowManager(  598): 	at android.view.WindowManagerGlobal.removeView(WindowManagerGlobal.java:322)
W/WindowManager(  598): 	at android.view.WindowManagerImpl.removeViewImmediate(WindowManagerImpl.java:116)
W/WindowManager(  598): 	at com.android.internal.policy.impl.PhoneWindowManager.addStartingWindow(PhoneWindowManager.java:2655)
W/WindowManager(  598): 	at com.android.server.wm.WindowManagerService$H.handleMessage(WindowManagerService.java:7901)
W/WindowManager(  598): 	at android.os.Handler.dispatchMessage(Handler.java:102)
W/WindowManager(  598): 	at android.os.Looper.loop(Looper.java:135)
W/WindowManager(  598): 	at android.os.HandlerThread.run(HandlerThread.java:61)
W/WindowManager(  598): 	at com.android.server.ServiceThread.run(ServiceThread.java:46)
E/Gallery2/DrmHelper(28680): Could not get drm file path
W/WindowManager(  598): Token{1e34df61 null} already running, starting window not displayed. Unable to add window -- token Token{1e34df61 null} is not valid; is your activity running?
W/WindowManager(  598): view not successfully added to wm, removing view
W/WindowManager(  598): Token{246781a4 null} already running, starting window not displayed. Unable to add window -- token Token{246781a4 null} is not valid; is your activity running?
W/WindowManager(  598): view not successfully added to wm, removing view
W/WindowManager(  598): Attempted to add application window with unknown token Token{1e34df61 null}.  Aborting.
W/WindowManager(  598): Exception when adding starting window
W/WindowManager(  598): java.lang.IllegalArgumentException: View=com.android.internal.policy.impl.PhoneWindow$DecorView{16477d91 V.E..... R.....ID 0,0-0,0} not attached to window manager
W/WindowManager(  598): 	at android.view.WindowManagerGlobal.findViewLocked(WindowManagerGlobal.java:396)
W/WindowManager(  598): 	at android.view.WindowManagerGlobal.removeView(WindowManagerGlobal.java:322)
W/WindowManager(  598): 	at android.view.WindowManagerImpl.removeViewImmediate(WindowManagerImpl.java:116)
W/WindowManager(  598): 	at com.android.internal.policy.impl.PhoneWindowManager.addStartingWindow(PhoneWindowManager.java:2655)
W/WindowManager(  598): 	at com.android.server.wm.WindowManagerService$H.handleMessage(WindowManagerService.java:7901)
W/WindowManager(  598): 	at android.os.Handler.dispatchMessage(Handler.java:102)
W/WindowManager(  598): 	at android.os.Looper.loop(Looper.java:135)
W/WindowManager(  598): 	at android.os.HandlerThread.run(HandlerThread.java:61)
W/WindowManager(  598): 	at com.android.server.ServiceThread.run(ServiceThread.java:46)
W/WindowManager(  598): Attempted to add application window with unknown token Token{246781a4 null}.  Aborting.
W/WindowManager(  598): Exception when adding starting window
W/WindowManager(  598): java.lang.IllegalArgumentException: View=com.android.internal.policy.impl.PhoneWindow$DecorView{25cdd9d0 V.E..... R.....ID 0,0-0,0} not attached to window manager
W/WindowManager(  598): 	at android.view.WindowManagerGlobal.findViewLocked(WindowManagerGlobal.java:396)
W/WindowManager(  598): 	at android.view.WindowManagerGlobal.removeView(WindowManagerGlobal.java:322)
W/WindowManager(  598): 	at android.view.WindowManagerImpl.removeViewImmediate(WindowManagerImpl.java:116)
W/WindowManager(  598): 	at com.android.internal.policy.impl.PhoneWindowManager.addStartingWindow(PhoneWindowManager.java:2655)
W/WindowManager(  598): 	at com.android.server.wm.WindowManagerService$H.handleMessage(WindowManagerService.java:7901)
W/WindowManager(  598): 	at android.os.Handler.dispatchMessage(Handler.java:102)
W/WindowManager(  598): 	at android.os.Looper.loop(Looper.java:135)
W/WindowManager(  598): 	at android.os.HandlerThread.run(HandlerThread.java:61)
W/WindowManager(  598): 	at com.android.server.ServiceThread.run(ServiceThread.java:46)
W/WindowManager(  598): Token{3be604c3 null} already running, starting window not displayed. Unable to add window -- token Token{3be604c3 null} is not valid; is your activity running?
W/WindowManager(  598): view not successfully added to wm, removing view
W/WindowManager(  598): Attempted to add application window with unknown token Token{3be604c3 null}.  Aborting.
W/WindowManager(  598): Exception when adding starting window
W/WindowManager(  598): java.lang.IllegalArgumentException: View=com.android.internal.policy.impl.PhoneWindow$DecorView{161140b V.E..... R.....ID 0,0-0,0} not attached to window manager
W/WindowManager(  598): 	at android.view.WindowManagerGlobal.findViewLocked(WindowManagerGlobal.java:396)
W/WindowManager(  598): 	at android.view.WindowManagerGlobal.removeView(WindowManagerGlobal.java:322)
W/WindowManager(  598): 	at android.view.WindowManagerImpl.removeViewImmediate(WindowManagerImpl.java:116)
W/WindowManager(  598): 	at com.android.internal.policy.impl.PhoneWindowManager.addStartingWindow(PhoneWindowManager.java:2655)
W/WindowManager(  598): 	at com.android.server.wm.WindowManagerService$H.handleMessage(WindowManagerService.java:7901)
W/WindowManager(  598): 	at android.os.Handler.dispatchMessage(Handler.java:102)
W/WindowManager(  598): 	at android.os.Looper.loop(Looper.java:135)
W/WindowManager(  598): 	at android.os.HandlerThread.run(HandlerThread.java:61)
W/WindowManager(  598): 	at com.android.server.ServiceThread.run(ServiceThread.java:46)
W/WindowManager(  598): Token{3bc80e6e null} already running, starting window not displayed. Unable to add window -- token Token{3bc80e6e null} is not valid; is your activity running?
W/WindowManager(  598): view not successfully added to wm, removing view
W/WindowManager(  598): Attempted to add application window with unknown token Token{3bc80e6e null}.  Aborting.
W/WindowManager(  598): Exception when adding starting window
W/WindowManager(  598): java.lang.IllegalArgumentException: View=com.android.internal.policy.impl.PhoneWindow$DecorView{e595832 V.E..... R.....ID 0,0-0,0} not attached to window manager
W/WindowManager(  598): 	at android.view.WindowManagerGlobal.findViewLocked(WindowManagerGlobal.java:396)
W/WindowManager(  598): 	at android.view.WindowManagerGlobal.removeView(WindowManagerGlobal.java:322)
W/WindowManager(  598): 	at android.view.WindowManagerImpl.removeViewImmediate(WindowManagerImpl.java:116)
W/WindowManager(  598): 	at com.android.internal.policy.impl.PhoneWindowManager.addStartingWindow(PhoneWindowManager.java:2655)
W/WindowManager(  598): 	at com.android.server.wm.WindowManagerService$H.handleMessage(WindowManagerService.java:7901)
W/WindowManager(  598): 	at android.os.Handler.dispatchMessage(Handler.java:102)
W/WindowManager(  598): 	at android.os.Looper.loop(Looper.java:135)
W/WindowManager(  598): 	at android.os.HandlerThread.run(HandlerThread.java:61)
W/WindowManager(  598): 	at com.android.server.ServiceThread.run(ServiceThread.java:46)
W/WindowManager(  598): Token{35ff4015 null} already running, starting window not displayed. Unable to add window -- token Token{35ff4015 null} is not valid; is your activity running?
W/WindowManager(  598): view not successfully added to wm, removing view
D/OpenGLRenderer(28680): Use EGL_SWAP_BEHAVIOR_PRESERVED: true
W/WindowManager(  598): Token{389a69e8 null} already running, starting window not displayed. Unable to add window -- token Token{389a69e8 null} is not valid; is your activity running?
W/WindowManager(  598): view not successfully added to wm, removing view
D/Atlas   (28680): Validating map...
W/WindowManager(  598): Attempted to add application window with unknown token Token{35ff4015 null}.  Aborting.
W/WindowManager(  598): Exception when adding starting window
W/WindowManager(  598): java.lang.IllegalArgumentException: View=com.android.internal.policy.impl.PhoneWindow$DecorView{34e315fb V.E..... R.....ID 0,0-0,0} not attached to window manager
W/WindowManager(  598): 	at android.view.WindowManagerGlobal.findViewLocked(WindowManagerGlobal.java:396)
W/WindowManager(  598): 	at android.view.WindowManagerGlobal.removeView(WindowManagerGlobal.java:322)
W/WindowManager(  598): 	at android.view.WindowManagerImpl.removeViewImmediate(WindowManagerImpl.java:116)
W/WindowManager(  598): 	at com.android.internal.policy.impl.PhoneWindowManager.addStartingWindow(PhoneWindowManager.java:2655)
W/WindowManager(  598): 	at com.android.server.wm.WindowManagerService$H.handleMessage(WindowManagerService.java:7901)
W/WindowManager(  598): 	at android.os.Handler.dispatchMessage(Handler.java:102)
W/WindowManager(  598): 	at android.os.Looper.loop(Looper.java:135)
W/WindowManager(  598): 	at android.os.HandlerThread.run(HandlerThread.java:61)
W/WindowManager(  598): 	at com.android.server.ServiceThread.run(ServiceThread.java:46)
W/WindowManager(  598): Attempted to add application window with unknown token Token{389a69e8 null}.  Aborting.
W/WindowManager(  598): Exception when adding starting window
W/WindowManager(  598): java.lang.IllegalArgumentException: View=com.android.internal.policy.impl.PhoneWindow$DecorView{2d3431e2 V.E..... R.....ID 0,0-0,0} not attached to window manager
W/WindowManager(  598): 	at android.view.WindowManagerGlobal.findViewLocked(WindowManagerGlobal.java:396)
W/WindowManager(  598): 	at android.view.WindowManagerGlobal.removeView(WindowManagerGlobal.java:322)
W/WindowManager(  598): 	at android.view.WindowManagerImpl.removeViewImmediate(WindowManagerImpl.java:116)
W/WindowManager(  598): 	at com.android.internal.policy.impl.PhoneWindowManager.addStartingWindow(PhoneWindowManager.java:2655)
W/WindowManager(  598): 	at com.android.server.wm.WindowManagerService$H.handleMessage(WindowManagerService.java:7901)
W/WindowManager(  598): 	at android.os.Handler.dispatchMessage(Handler.java:102)
W/WindowManager(  598): 	at android.os.Looper.loop(Looper.java:135)
W/WindowManager(  598): 	at android.os.HandlerThread.run(HandlerThread.java:61)
W/WindowManager(  598): 	at com.android.server.ServiceThread.run(ServiceThread.java:46)
W/WindowManager(  598): Token{321e59d7 null} already running, starting window not displayed. Unable to add window -- token Token{321e59d7 null} is not valid; is your activity running?
W/WindowManager(  598): view not successfully added to wm, removing view
V/WindowManager(  598): Adding window Window{164409cf u0 com.android.gallery3d/com.android.gallery3d.app.GalleryActivity} at 3 of 7 (before Window{194527d7 u0 Starting com.android.gallery3d})
W/WindowManager(  598): Attempted to add application window with unknown token Token{321e59d7 null}.  Aborting.
W/WindowManager(  598): Exception when adding starting window
W/WindowManager(  598): java.lang.IllegalArgumentException: View=com.android.internal.policy.impl.PhoneWindow$DecorView{3ea173eb V.E..... R.....ID 0,0-0,0} not attached to window manager
W/WindowManager(  598): 	at android.view.WindowManagerGlobal.findViewLocked(WindowManagerGlobal.java:396)
W/WindowManager(  598): 	at android.view.WindowManagerGlobal.removeView(WindowManagerGlobal.java:322)
W/WindowManager(  598): 	at android.view.WindowManagerImpl.removeViewImmediate(WindowManagerImpl.java:116)
W/WindowManager(  598): 	at com.android.internal.policy.impl.PhoneWindowManager.addStartingWindow(PhoneWindowManager.java:2655)
W/WindowManager(  598): 	at com.android.server.wm.WindowManagerService$H.handleMessage(WindowManagerService.java:7901)
W/WindowManager(  598): 	at android.os.Handler.dispatchMessage(Handler.java:102)
W/WindowManager(  598): 	at android.os.Looper.loop(Looper.java:135)
W/WindowManager(  598): 	at android.os.HandlerThread.run(HandlerThread.java:61)
W/WindowManager(  598): 	at com.android.server.ServiceThread.run(ServiceThread.java:46)
W/WindowManager(  598): Token{2920f692 null} already running, starting window not displayed. Unable to add window -- token Token{2920f692 null} is not valid; is your activity running?
W/WindowManager(  598): view not successfully added to wm, removing view
I/Adreno-EGL(28680): <qeglDrvAPI_eglInitialize:410>: EGL 1.4 QUALCOMM build: AU_LINUX_ANDROID_LA.AF.1.1.04.04.03.164.081_msm8960_LA.AF.1.1__release_AU ()
I/Adreno-EGL(28680): OpenGL ES Shader Compiler Version: E031.25.01.03
I/Adreno-EGL(28680): Build Date: 11/02/14 Sun
I/Adreno-EGL(28680): Local Branch: mybranch5454281
I/Adreno-EGL(28680): Remote Branch: quic/l_LNX.LA.3.6
I/Adreno-EGL(28680): Local Patches: NONE
I/Adreno-EGL(28680): Reconstruct Branch: AU_LINUX_ANDROID_LA.AF.1.1.04.04.03.164.081 + db92d1e + cb8de02 +  NOTHING
I/OpenGLRenderer(28680): Initialized EGL, version 1.4
W/WindowManager(  598): Attempted to add application window with unknown token Token{2920f692 null}.  Aborting.
W/WindowManager(  598): Exception when adding starting window
W/WindowManager(  598): java.lang.IllegalArgumentException: View=com.android.internal.policy.impl.PhoneWindow$DecorView{1910d792 V.E..... R.....ID 0,0-0,0} not attached to window manager
W/WindowManager(  598): 	at android.view.WindowManagerGlobal.findViewLocked(WindowManagerGlobal.java:396)
W/WindowManager(  598): 	at android.view.WindowManagerGlobal.removeView(WindowManagerGlobal.java:322)
W/WindowManager(  598): 	at android.view.WindowManagerImpl.removeViewImmediate(WindowManagerImpl.java:116)
W/WindowManager(  598): 	at com.android.internal.policy.impl.PhoneWindowManager.addStartingWindow(PhoneWindowManager.java:2655)
W/WindowManager(  598): 	at com.android.server.wm.WindowManagerService$H.handleMessage(WindowManagerService.java:7901)
W/WindowManager(  598): 	at android.os.Handler.dispatchMessage(Handler.java:102)
W/WindowManager(  598): 	at android.os.Looper.loop(Looper.java:135)
W/WindowManager(  598): 	at android.os.HandlerThread.run(HandlerThread.java:61)
W/WindowManager(  598): 	at com.android.server.ServiceThread.run(ServiceThread.java:46)
W/WindowManager(  598): Token{17403ea8 null} already running, starting window not displayed. Unable to add window -- token Token{17403ea8 null} is not valid; is your activity running?
W/WindowManager(  598): view not successfully added to wm, removing view
W/WindowManager(  598): Token{182d3597 null} already running, starting window not displayed. Unable to add window -- token Token{182d3597 null} is not valid; is your activity running?
W/WindowManager(  598): view not successfully added to wm, removing view
W/WindowManager(  598): Attempted to add application window with unknown token Token{17403ea8 null}.  Aborting.
W/WindowManager(  598): Exception when adding starting window
W/WindowManager(  598): java.lang.IllegalArgumentException: View=com.android.internal.policy.impl.PhoneWindow$DecorView{391feed5 V.E..... R.....ID 0,0-0,0} not attached to window manager
W/WindowManager(  598): 	at android.view.WindowManagerGlobal.findViewLocked(WindowManagerGlobal.java:396)
W/WindowManager(  598): 	at android.view.WindowManagerGlobal.removeView(WindowManagerGlobal.java:322)
W/WindowManager(  598): 	at android.view.WindowManagerImpl.removeViewImmediate(WindowManagerImpl.java:116)
W/WindowManager(  598): 	at com.android.internal.policy.impl.PhoneWindowManager.addStartingWindow(PhoneWindowManager.java:2655)
W/WindowManager(  598): 	at com.android.server.wm.WindowManagerService$H.handleMessage(WindowManagerService.java:7901)
W/WindowManager(  598): 	at android.os.Handler.dispatchMessage(Handler.java:102)
W/WindowManager(  598): 	at android.os.Looper.loop(Looper.java:135)
W/WindowManager(  598): 	at android.os.HandlerThread.run(HandlerThread.java:61)
W/WindowManager(  598): 	at com.android.server.ServiceThread.run(ServiceThread.java:46)
W/WindowManager(  598): Attempted to add application window with unknown token Token{182d3597 null}.  Aborting.
W/WindowManager(  598): Token{13788552 null} already running, starting window not displayed. Unable to add window -- token Token{13788552 null} is not valid; is your activity running?
W/WindowManager(  598): view not successfully added to wm, removing view
D/OpenGLRenderer(28680): Enabling debug mode 0
W/WindowManager(  598): Exception when adding starting window
W/WindowManager(  598): java.lang.IllegalArgumentException: View=com.android.internal.policy.impl.PhoneWindow$DecorView{1fd51c24 V.E..... R.....ID 0,0-0,0} not attached to window manager
W/WindowManager(  598): 	at android.view.WindowManagerGlobal.findViewLocked(WindowManagerGlobal.java:396)
W/WindowManager(  598): 	at android.view.WindowManagerGlobal.removeView(WindowManagerGlobal.java:322)
W/WindowManager(  598): 	at android.view.WindowManagerImpl.removeViewImmediate(WindowManagerImpl.java:116)
W/WindowManager(  598): 	at com.android.internal.policy.impl.PhoneWindowManager.addStartingWindow(PhoneWindowManager.java:2655)
W/WindowManager(  598): 	at com.android.server.wm.WindowManagerService$H.handleMessage(WindowManagerService.java:7901)
W/WindowManager(  598): 	at android.os.Handler.dispatchMessage(Handler.java:102)
W/WindowManager(  598): 	at android.os.Looper.loop(Looper.java:135)
W/WindowManager(  598): 	at android.os.HandlerThread.run(HandlerThread.java:61)
W/WindowManager(  598): 	at com.android.server.ServiceThread.run(ServiceThread.java:46)
W/WindowManager(  598): Attempted to add application window with unknown token Token{13788552 null}.  Aborting.
W/WindowManager(  598): Exception when adding starting window
W/WindowManager(  598): java.lang.IllegalArgumentException: View=com.android.internal.policy.impl.PhoneWindow$DecorView{156a9baf V.E..... R.....ID 0,0-0,0} not attached to window manager
W/WindowManager(  598): 	at android.view.WindowManagerGlobal.findViewLocked(WindowManagerGlobal.java:396)
W/WindowManager(  598): 	at android.view.WindowManagerGlobal.removeView(WindowManagerGlobal.java:322)
W/WindowManager(  598): 	at android.view.WindowManagerImpl.removeViewImmediate(WindowManagerImpl.java:116)
W/WindowManager(  598): 	at com.android.internal.policy.impl.PhoneWindowManager.addStartingWindow(PhoneWindowManager.java:2655)
W/WindowManager(  598): 	at com.android.server.wm.WindowManagerService$H.handleMessage(WindowManagerService.java:7901)
W/WindowManager(  598): 	at android.os.Handler.dispatchMessage(Handler.java:102)
W/WindowManager(  598): 	at android.os.Looper.loop(Looper.java:135)
W/WindowManager(  598): 	at android.os.HandlerThread.run(HandlerThread.java:61)
W/WindowManager(  598): 	at com.android.server.ServiceThread.run(ServiceThread.java:46)
W/WindowManager(  598): Token{326ef449 null} already running, starting window not displayed. Unable to add window -- token Token{326ef449 null} is not valid; is your activity running?
W/WindowManager(  598): view not successfully added to wm, removing view
W/WindowManager(  598): Attempted to add application window with unknown token Token{326ef449 null}.  Aborting.
W/WindowManager(  598): Exception when adding starting window
W/WindowManager(  598): java.lang.IllegalArgumentException: View=com.android.internal.policy.impl.PhoneWindow$DecorView{2a772a66 V.E..... R.....ID 0,0-0,0} not attached to window manager
W/WindowManager(  598): 	at android.view.WindowManagerGlobal.findViewLocked(WindowManagerGlobal.java:396)
W/WindowManager(  598): 	at android.view.WindowManagerGlobal.removeView(WindowManagerGlobal.java:322)
W/WindowManager(  598): 	at android.view.WindowManagerImpl.removeViewImmediate(WindowManagerImpl.java:116)
W/WindowManager(  598): 	at com.android.internal.policy.impl.PhoneWindowManager.addStartingWindow(PhoneWindowManager.java:2655)
W/WindowManager(  598): 	at com.android.server.wm.WindowManagerService$H.handleMessage(WindowManagerService.java:7901)
W/WindowManager(  598): 	at android.os.Handler.dispatchMessage(Handler.java:102)
W/WindowManager(  598): 	at android.os.Looper.loop(Looper.java:135)
W/WindowManager(  598): 	at android.os.HandlerThread.run(HandlerThread.java:61)
W/WindowManager(  598): 	at com.android.server.ServiceThread.run(ServiceThread.java:46)
W/WindowManager(  598): Attempted to add application window with unknown token Token{10d8bbac null}.  Aborting.
V/WindowManager(  598): Adding window Window{2877203e u0 SurfaceView} at 3 of 8 (before Window{164409cf u0 com.android.gallery3d/com.android.gallery3d.app.GalleryActivity})
W/WindowManager(  598): Token{10d8bbac null} already running, starting window not displayed. Unable to add window -- token Token{10d8bbac null} is not valid; is your activity running?
W/WindowManager(  598): view not successfully added to wm, removing view
W/WindowManager(  598): Exception when adding starting window
W/WindowManager(  598): java.lang.IllegalArgumentException: View=com.android.internal.policy.impl.PhoneWindow$DecorView{347fce9f V.E..... R.....ID 0,0-0,0} not attached to window manager
W/WindowManager(  598): 	at android.view.WindowManagerGlobal.findViewLocked(WindowManagerGlobal.java:396)
W/WindowManager(  598): 	at android.view.WindowManagerGlobal.removeView(WindowManagerGlobal.java:322)
W/WindowManager(  598): 	at android.view.WindowManagerImpl.removeViewImmediate(WindowManagerImpl.java:116)
W/WindowManager(  598): 	at com.android.internal.policy.impl.PhoneWindowManager.addStartingWindow(PhoneWindowManager.java:2655)
W/WindowManager(  598): 	at com.android.server.wm.WindowManagerService$H.handleMessage(WindowManagerService.java:7901)
W/WindowManager(  598): 	at android.os.Handler.dispatchMessage(Handler.java:102)
W/WindowManager(  598): 	at android.os.Looper.loop(Looper.java:135)
W/WindowManager(  598): 	at android.os.HandlerThread.run(HandlerThread.java:61)
W/WindowManager(  598): 	at com.android.server.ServiceThread.run(ServiceThread.java:46)
W/WindowManager(  598): Token{3537266b null} already running, starting window not displayed. Unable to add window -- token Token{3537266b null} is not valid; is your activity running?
W/WindowManager(  598): view not successfully added to wm, removing view
W/WindowManager(  598): Attempted to add application window with unknown token Token{3537266b null}.  Aborting.
W/WindowManager(  598): Exception when adding starting window
W/WindowManager(  598): java.lang.IllegalArgumentException: View=com.android.internal.policy.impl.PhoneWindow$DecorView{114f916 V.E..... R.....ID 0,0-0,0} not attached to window manager
W/WindowManager(  598): 	at android.view.WindowManagerGlobal.findViewLocked(WindowManagerGlobal.java:396)
W/WindowManager(  598): 	at android.view.WindowManagerGlobal.removeView(WindowManagerGlobal.java:322)
W/WindowManager(  598): 	at android.view.WindowManagerImpl.removeViewImmediate(WindowManagerImpl.java:116)
W/WindowManager(  598): 	at com.android.internal.policy.impl.PhoneWindowManager.addStartingWindow(PhoneWindowManager.java:2655)
W/WindowManager(  598): 	at com.android.server.wm.WindowManagerService$H.handleMessage(WindowManagerService.java:7901)
W/WindowManager(  598): 	at android.os.Handler.dispatchMessage(Handler.java:102)
W/WindowManager(  598): 	at android.os.Looper.loop(Looper.java:135)
W/WindowManager(  598): 	at android.os.HandlerThread.run(HandlerThread.java:61)
W/WindowManager(  598): 	at com.android.server.ServiceThread.run(ServiceThread.java:46)
W/WindowManager(  598): Attempted to add application window with unknown token Token{29cabc36 null}.  Aborting.
W/WindowManager(  598): Token{29cabc36 null} already running, starting window not displayed. Unable to add window -- token Token{29cabc36 null} is not valid; is your activity running?
W/WindowManager(  598): view not successfully added to wm, removing view
W/WindowManager(  598): Token{30eb687d null} already running, starting window not displayed. Unable to add window -- token Token{30eb687d null} is not valid; is your activity running?
W/WindowManager(  598): view not successfully added to wm, removing view
W/WindowManager(  598): Exception when adding starting window
W/WindowManager(  598): java.lang.IllegalArgumentException: View=com.android.internal.policy.impl.PhoneWindow$DecorView{34666269 V.E..... R.....ID 0,0-0,0} not attached to window manager
W/WindowManager(  598): 	at android.view.WindowManagerGlobal.findViewLocked(WindowManagerGlobal.java:396)
W/WindowManager(  598): 	at android.view.WindowManagerGlobal.removeView(WindowManagerGlobal.java:322)
W/WindowManager(  598): 	at android.view.WindowManagerImpl.removeViewImmediate(WindowManagerImpl.java:116)
W/WindowManager(  598): 	at com.android.internal.policy.impl.PhoneWindowManager.addStartingWindow(PhoneWindowManager.java:2655)
W/WindowManager(  598): 	at com.android.server.wm.WindowManagerService$H.handleMessage(WindowManagerService.java:7901)
W/WindowManager(  598): 	at android.os.Handler.dispatchMessage(Handler.java:102)
W/WindowManager(  598): 	at android.os.Looper.loop(Looper.java:135)
W/WindowManager(  598): 	at android.os.HandlerThread.run(HandlerThread.java:61)
W/WindowManager(  598): 	at com.android.server.ServiceThread.run(ServiceThread.java:46)
W/WindowManager(  598): Attempted to add application window with unknown token Token{30eb687d null}.  Aborting.
W/WindowManager(  598): Exception when adding starting window
W/WindowManager(  598): java.lang.IllegalArgumentException: View=com.android.internal.policy.impl.PhoneWindow$DecorView{29525a08 V.E..... R.....ID 0,0-0,0} not attached to window manager
W/WindowManager(  598): 	at android.view.WindowManagerGlobal.findViewLocked(WindowManagerGlobal.java:396)
W/WindowManager(  598): 	at android.view.WindowManagerGlobal.removeView(WindowManagerGlobal.java:322)
W/WindowManager(  598): 	at android.view.WindowManagerImpl.removeViewImmediate(WindowManagerImpl.java:116)
W/WindowManager(  598): 	at com.android.internal.policy.impl.PhoneWindowManager.addStartingWindow(PhoneWindowManager.java:2655)
W/WindowManager(  598): 	at com.android.server.wm.WindowManagerService$H.handleMessage(WindowManagerService.java:7901)
W/WindowManager(  598): 	at android.os.Handler.dispatchMessage(Handler.java:102)
W/WindowManager(  598): 	at android.os.Looper.loop(Looper.java:135)
W/WindowManager(  598): 	at android.os.HandlerThread.run(HandlerThread.java:61)
W/WindowManager(  598): 	at com.android.server.ServiceThread.run(ServiceThread.java:46)
W/WindowManager(  598): Token{218acd70 null} already running, starting window not displayed. Unable to add window -- token Token{218acd70 null} is not valid; is your activity running?
W/WindowManager(  598): view not successfully added to wm, removing view
W/WindowManager(  598): Attempted to add application window with unknown token Token{218acd70 null}.  Aborting.
W/WindowManager(  598): Exception when adding starting window
W/WindowManager(  598): java.lang.IllegalArgumentException: View=com.android.internal.policy.impl.PhoneWindow$DecorView{3c21bd23 V.E..... R.....ID 0,0-0,0} not attached to window manager
W/WindowManager(  598): 	at android.view.WindowManagerGlobal.findViewLocked(WindowManagerGlobal.java:396)
W/WindowManager(  598): 	at android.view.WindowManagerGlobal.removeView(WindowManagerGlobal.java:322)
W/WindowManager(  598): 	at android.view.WindowManagerImpl.removeViewImmediate(WindowManagerImpl.java:116)
W/WindowManager(  598): 	at com.android.internal.policy.impl.PhoneWindowManager.addStartingWindow(PhoneWindowManager.java:2655)
W/WindowManager(  598): 	at com.android.server.wm.WindowManagerService$H.handleMessage(WindowManagerService.java:7901)
W/WindowManager(  598): 	at android.os.Handler.dispatchMessage(Handler.java:102)
W/WindowManager(  598): 	at android.os.Looper.loop(Looper.java:135)
W/WindowManager(  598): 	at android.os.HandlerThread.run(HandlerThread.java:61)
W/WindowManager(  598): 	at com.android.server.ServiceThread.run(ServiceThread.java:46)
W/WindowManager(  598): Token{2656b2ff null} already running, starting window not displayed. Unable to add window -- token Token{2656b2ff null} is not valid; is your activity running?
W/WindowManager(  598): view not successfully added to wm, removing view
W/WindowManager(  598): Attempted to add application window with unknown token Token{2656b2ff null}.  Aborting.
W/WindowManager(  598): Exception when adding starting window
W/WindowManager(  598): java.lang.IllegalArgumentException: View=com.android.internal.policy.impl.PhoneWindow$DecorView{34e76daa V.E..... R.....ID 0,0-0,0} not attached to window manager
W/WindowManager(  598): 	at android.view.WindowManagerGlobal.findViewLocked(WindowManagerGlobal.java:396)
W/WindowManager(  598): 	at android.view.WindowManagerGlobal.removeView(WindowManagerGlobal.java:322)
W/WindowManager(  598): 	at android.view.WindowManagerImpl.removeViewImmediate(WindowManagerImpl.java:116)
W/WindowManager(  598): 	at com.android.internal.policy.impl.PhoneWindowManager.addStartingWindow(PhoneWindowManager.java:2655)
W/WindowManager(  598): 	at com.android.server.wm.WindowManagerService$H.handleMessage(WindowManagerService.java:7901)
W/WindowManager(  598): 	at android.os.Handler.dispatchMessage(Handler.java:102)
W/WindowManager(  598): 	at android.os.Looper.loop(Looper.java:135)
W/WindowManager(  598): 	at android.os.HandlerThread.run(HandlerThread.java:61)
W/WindowManager(  598): 	at com.android.server.ServiceThread.run(ServiceThread.java:46)
W/WindowManager(  598): Token{72a41da null} already running, starting window not displayed. Unable to add window -- token Token{72a41da null} is not valid; is your activity running?
W/WindowManager(  598): view not successfully added to wm, removing view
I/GLRootView(28680): onSurfaceChanged: 1080x1845, gl10: com.google.android.gles_jni.GLImpl@255ac150
W/WindowManager(  598): Attempted to add application window with unknown token Token{72a41da null}.  Aborting.
W/WindowManager(  598): Exception when adding starting window
W/WindowManager(  598): java.lang.IllegalArgumentException: View=com.android.internal.policy.impl.PhoneWindow$DecorView{31f2a54d V.E..... R.....ID 0,0-0,0} not attached to window manager
W/WindowManager(  598): 	at android.view.WindowManagerGlobal.findViewLocked(WindowManagerGlobal.java:396)
W/WindowManager(  598): 	at android.view.WindowManagerGlobal.removeView(WindowManagerGlobal.java:322)
W/WindowManager(  598): 	at android.view.WindowManagerImpl.removeViewImmediate(WindowManagerImpl.java:116)
W/WindowManager(  598): 	at com.android.internal.policy.impl.PhoneWindowManager.addStartingWindow(PhoneWindowManager.java:2655)
W/WindowManager(  598): 	at com.android.server.wm.WindowManagerService$H.handleMessage(WindowManagerService.java:7901)
W/WindowManager(  598): 	at android.os.Handler.dispatchMessage(Handler.java:102)
W/WindowManager(  598): 	at android.os.Looper.loop(Looper.java:135)
W/WindowManager(  598): 	at android.os.HandlerThread.run(HandlerThread.java:61)
W/WindowManager(  598): 	at com.android.server.ServiceThread.run(ServiceThread.java:46)
I/GLRootView(28680): layout content pane 1080x1845 (compensation 0)
W/WindowManager(  598): Token{320c7a71 null} already running, starting window not displayed. Unable to add window -- token Token{320c7a71 null} is not valid; is your activity running?
W/WindowManager(  598): view not successfully added to wm, removing view
W/WindowManager(  598): Attempted to add application window with unknown token Token{320c7a71 null}.  Aborting.
W/WindowManager(  598): Exception when adding starting window
W/WindowManager(  598): java.lang.IllegalArgumentException: View=com.android.internal.policy.impl.PhoneWindow$DecorView{3bf3947c V.E..... R.....ID 0,0-0,0} not attached to window manager
W/WindowManager(  598): 	at android.view.WindowManagerGlobal.findViewLocked(WindowManagerGlobal.java:396)
W/WindowManager(  598): 	at android.view.WindowManagerGlobal.removeView(WindowManagerGlobal.java:322)
W/WindowManager(  598): 	at android.view.WindowManagerImpl.removeViewImmediate(WindowManagerImpl.java:116)
W/WindowManager(  598): 	at com.android.internal.policy.impl.PhoneWindowManager.addStartingWindow(PhoneWindowManager.java:2655)
W/WindowManager(  598): 	at com.android.server.wm.WindowManagerService$H.handleMessage(WindowManagerService.java:7901)
W/WindowManager(  598): 	at android.os.Handler.dispatchMessage(Handler.java:102)
W/WindowManager(  598): 	at android.os.Looper.loop(Looper.java:135)
W/WindowManager(  598): 	at android.os.HandlerThread.run(HandlerThread.java:61)
W/WindowManager(  598): 	at com.android.server.ServiceThread.run(ServiceThread.java:46)
W/WindowManager(  598): Token{2ecd17f4 null} already running, starting window not displayed. Unable to add window -- token Token{2ecd17f4 null} is not valid; is your activity running?
W/WindowManager(  598): view not successfully added to wm, removing view
W/WindowManager(  598): Attempted to add application window with unknown token Token{2ecd17f4 null}.  Aborting.
W/WindowManager(  598): Exception when adding starting window
W/WindowManager(  598): java.lang.IllegalArgumentException: View=com.android.internal.policy.impl.PhoneWindow$DecorView{10246575 V.E..... R.....ID 0,0-0,0} not attached to window manager
W/WindowManager(  598): 	at android.view.WindowManagerGlobal.findViewLocked(WindowManagerGlobal.java:396)
W/WindowManager(  598): 	at android.view.WindowManagerGlobal.removeView(WindowManagerGlobal.java:322)
W/WindowManager(  598): 	at android.view.WindowManagerImpl.removeViewImmediate(WindowManagerImpl.java:116)
W/WindowManager(  598): 	at com.android.internal.policy.impl.PhoneWindowManager.addStartingWindow(PhoneWindowManager.java:2655)
W/WindowManager(  598): 	at com.android.server.wm.WindowManagerService$H.handleMessage(WindowManagerService.java:7901)
W/WindowManager(  598): 	at android.os.Handler.dispatchMessage(Handler.java:102)
W/WindowManager(  598): 	at android.os.Looper.loop(Looper.java:135)
W/WindowManager(  598): 	at android.os.HandlerThread.run(HandlerThread.java:61)
W/WindowManager(  598): 	at com.android.server.ServiceThread.run(ServiceThread.java:46)
W/WindowManager(  598): Token{1f42cf53 null} already running, starting window not displayed. Unable to add window -- token Token{1f42cf53 null} is not valid; is your activity running?
W/WindowManager(  598): view not successfully added to wm, removing view
E/Sensors (  598): Acc old sensor_state 2176, new sensor_state : 2177 en : 1
W/WindowManager(  598): Token{16b1c684 null} already running, starting window not displayed. Unable to add window -- token Token{16b1c684 null} is not valid; is your activity running?
W/WindowManager(  598): view not successfully added to wm, removing view
W/WindowManager(  598): Attempted to add application window with unknown token Token{1f42cf53 null}.  Aborting.
W/WindowManager(  598): Exception when adding starting window
W/WindowManager(  598): java.lang.IllegalArgumentException: View=com.android.internal.policy.impl.PhoneWindow$DecorView{34814d44 V.E..... R.....ID 0,0-0,0} not attached to window manager
W/WindowManager(  598): 	at android.view.WindowManagerGlobal.findViewLocked(WindowManagerGlobal.java:396)
W/WindowManager(  598): 	at android.view.WindowManagerGlobal.removeView(WindowManagerGlobal.java:322)
W/WindowManager(  598): 	at android.view.WindowManagerImpl.removeViewImmediate(WindowManagerImpl.java:116)
W/WindowManager(  598): 	at com.android.internal.policy.impl.PhoneWindowManager.addStartingWindow(PhoneWindowManager.java:2655)
W/WindowManager(  598): 	at com.android.server.wm.WindowManagerService$H.handleMessage(WindowManagerService.java:7901)
W/WindowManager(  598): 	at android.os.Handler.dispatchMessage(Handler.java:102)
W/WindowManager(  598): 	at android.os.Looper.loop(Looper.java:135)
W/WindowManager(  598): 	at android.os.HandlerThread.run(HandlerThread.java:61)
W/WindowManager(  598): 	at com.android.server.ServiceThread.run(ServiceThread.java:46)
W/WindowManager(  598): Attempted to add application window with unknown token Token{16b1c684 null}.  Aborting.
W/WindowManager(  598): Token{f3e8f23 null} already running, starting window not displayed. Unable to add window -- token Token{f3e8f23 null} is not valid; is your activity running?
W/WindowManager(  598): view not successfully added to wm, removing view
W/WindowManager(  598): Exception when adding starting window
W/WindowManager(  598): java.lang.IllegalArgumentException: View=com.android.internal.policy.impl.PhoneWindow$DecorView{1c54f14f V.E..... R.....ID 0,0-0,0} not attached to window manager
W/WindowManager(  598): 	at android.view.WindowManagerGlobal.findViewLocked(WindowManagerGlobal.java:396)
W/WindowManager(  598): 	at android.view.WindowManagerGlobal.removeView(WindowManagerGlobal.java:322)
W/WindowManager(  598): 	at android.view.WindowManagerImpl.removeViewImmediate(WindowManagerImpl.java:116)
W/WindowManager(  598): 	at com.android.internal.policy.impl.PhoneWindowManager.addStartingWindow(PhoneWindowManager.java:2655)
W/WindowManager(  598): 	at com.android.server.wm.WindowManagerService$H.handleMessage(WindowManagerService.java:7901)
W/WindowManager(  598): 	at android.os.Handler.dispatchMessage(Handler.java:102)
W/WindowManager(  598): 	at android.os.Looper.loop(Looper.java:135)
W/WindowManager(  598): 	at android.os.HandlerThread.run(HandlerThread.java:61)
W/WindowManager(  598): 	at com.android.server.ServiceThread.run(ServiceThread.java:46)
W/WindowManager(  598): Attempted to add application window with unknown token Token{f3e8f23 null}.  Aborting.
W/WindowManager(  598): Exception when adding starting window
W/WindowManager(  598): java.lang.IllegalArgumentException: View=com.android.internal.policy.impl.PhoneWindow$DecorView{20edb686 V.E..... R.....ID 0,0-0,0} not attached to window manager
