W/WindowManager(  598): 	at android.os.BinderProxy.sendDeathNotice(Binder.java:551)
I/WindowState(  598): WIN DEATH: null
I/WindowState(  598): WIN DEATH: Window{f65e257 u0 com.android.gallery3d/com.android.gallery3d.app.GalleryActivity}
W/WindowManager(  598): Force-removing child win Window{17dc422d u0 SurfaceView} from container Window{f65e257 u0 com.android.gallery3d/com.android.gallery3d.app.GalleryActivity}
W/InputDispatcher(  598): Attempted to unregister already unregistered input channel '9579f8a com.android.gallery3d/com.android.gallery3d.app.GalleryActivity (server)'
W/WindowManager(  598): Failed looking up window
W/WindowManager(  598): java.lang.IllegalArgumentException: Requested window android.os.BinderProxy@3fa21144 does not exist
W/WindowManager(  598): 	at com.android.server.wm.WindowManagerService.windowForClientLocked(WindowManagerService.java:8758)
W/WindowManager(  598): 	at com.android.server.wm.WindowManagerService.windowForClientLocked(WindowManagerService.java:8749)
W/WindowManager(  598): 	at com.android.server.wm.WindowState$DeathRecipient.binderDied(WindowState.java:1140)
W/WindowManager(  598): 	at android.os.BinderProxy.sendDeathNotice(Binder.java:551)
I/WindowState(  598): WIN DEATH: null
I/WindowState(  598): WIN DEATH: Window{9579f8a u0 com.android.gallery3d/com.android.gallery3d.app.GalleryActivity}
W/WindowManager(  598): Force-removing child win Window{28198a18 u0 SurfaceView} from container Window{9579f8a u0 com.android.gallery3d/com.android.gallery3d.app.GalleryActivity}
I/WindowState(  598): WIN DEATH: Window{343732e0 u0 SurfaceView}
W/InputDispatcher(  598): Attempted to unregister already unregistered input channel '2aee9b09 com.android.gallery3d/com.android.gallery3d.app.GalleryActivity (server)'
I/WindowState(  598): WIN DEATH: Window{2aee9b09 u0 com.android.gallery3d/com.android.gallery3d.app.GalleryActivity}
W/WindowManager(  598): Force-removing child win Window{26af172f u0 SurfaceView} from container Window{2aee9b09 u0 com.android.gallery3d/com.android.gallery3d.app.GalleryActivity}
W/InputDispatcher(  598): Attempted to unregister already unregistered input channel '1879d3f0 com.android.gallery3d/com.android.gallery3d.app.GalleryActivity (server)'
I/WindowState(  598): WIN DEATH: Window{1879d3f0 u0 com.android.gallery3d/com.android.gallery3d.app.GalleryActivity}
W/WindowManager(  598): Force-removing child win Window{253263ee u0 SurfaceView} from container Window{1879d3f0 u0 com.android.gallery3d/com.android.gallery3d.app.GalleryActivity}
W/InputDispatcher(  598): Attempted to unregister already unregistered input channel '125dcb41 com.android.gallery3d/com.android.gallery3d.app.GalleryActivity (server)'
W/InputDispatcher(  598): Attempted to unregister already unregistered input channel '217adf04 com.android.gallery3d/com.android.gallery3d.app.GalleryActivity (server)'
W/WindowManager(  598): Failed looking up window
W/WindowManager(  598): java.lang.IllegalArgumentException: Requested window android.os.BinderProxy@2ccaf10e does not exist
W/WindowManager(  598): 	at com.android.server.wm.WindowManagerService.windowForClientLocked(WindowManagerService.java:8758)
W/WindowManager(  598): 	at com.android.server.wm.WindowManagerService.windowForClientLocked(WindowManagerService.java:8749)
W/WindowManager(  598): 	at com.android.server.wm.WindowState$DeathRecipient.binderDied(WindowState.java:1140)
W/WindowManager(  598): 	at android.os.BinderProxy.sendDeathNotice(Binder.java:551)
I/WindowState(  598): WIN DEATH: null
I/WindowState(  598): WIN DEATH: Window{125dcb41 u0 com.android.gallery3d/com.android.gallery3d.app.GalleryActivity}
W/WindowManager(  598): Force-removing child win Window{29bb8e27 u0 SurfaceView} from container Window{125dcb41 u0 com.android.gallery3d/com.android.gallery3d.app.GalleryActivity}
W/WindowManager(  598): Failed looking up window
W/WindowManager(  598): java.lang.IllegalArgumentException: Requested window android.os.BinderProxy@1b2388e6 does not exist
W/WindowManager(  598): 	at com.android.server.wm.WindowManagerService.windowForClientLocked(WindowManagerService.java:8758)
W/WindowManager(  598): 	at com.android.server.wm.WindowManagerService.windowForClientLocked(WindowManagerService.java:8749)
W/WindowManager(  598): 	at com.android.server.wm.WindowState$DeathRecipient.binderDied(WindowState.java:1140)
W/WindowManager(  598): 	at android.os.BinderProxy.sendDeathNotice(Binder.java:551)
I/WindowState(  598): WIN DEATH: null
I/WindowState(  598): WIN DEATH: Window{217adf04 u0 com.android.gallery3d/com.android.gallery3d.app.GalleryActivity}
W/WindowManager(  598): Force-removing child win Window{21f1f722 u0 SurfaceView} from container Window{217adf04 u0 com.android.gallery3d/com.android.gallery3d.app.GalleryActivity}
W/InputDispatcher(  598): Attempted to unregister already unregistered input channel '21dd0ca0 com.android.gallery3d/com.android.gallery3d.app.GalleryActivity (server)'
I/WindowState(  598): WIN DEATH: Window{21dd0ca0 u0 com.android.gallery3d/com.android.gallery3d.app.GalleryActivity}
W/WindowManager(  598): Force-removing child win Window{2e5e841e u0 SurfaceView} from container Window{21dd0ca0 u0 com.android.gallery3d/com.android.gallery3d.app.GalleryActivity}
W/InputDispatcher(  598): Attempted to unregister already unregistered input channel '3fe1bbef com.android.gallery3d/com.android.gallery3d.app.GalleryActivity (server)'
W/WindowManager(  598): Failed looking up window
W/WindowManager(  598): java.lang.IllegalArgumentException: Requested window android.os.BinderProxy@325c5ced does not exist
W/WindowManager(  598): 	at com.android.server.wm.WindowManagerService.windowForClientLocked(WindowManagerService.java:8758)
W/WindowManager(  598): 	at com.android.server.wm.WindowManagerService.windowForClientLocked(WindowManagerService.java:8749)
W/WindowManager(  598): 	at com.android.server.wm.WindowState$DeathRecipient.binderDied(WindowState.java:1140)
W/WindowManager(  598): 	at android.os.BinderProxy.sendDeathNotice(Binder.java:551)
I/WindowState(  598): WIN DEATH: null
I/WindowState(  598): WIN DEATH: Window{3fe1bbef u0 com.android.gallery3d/com.android.gallery3d.app.GalleryActivity}
W/WindowManager(  598): Force-removing child win Window{1dbdf185 u0 SurfaceView} from container Window{3fe1bbef u0 com.android.gallery3d/com.android.gallery3d.app.GalleryActivity}
W/InputDispatcher(  598): Attempted to unregister already unregistered input channel '38186047 com.android.gallery3d/com.android.gallery3d.app.GalleryActivity (server)'
E/Sensors (  598): Acc old sensor_state 2177, new sensor_state : 2176 en : 0
W/WindowManager(  598): Failed looking up window
W/WindowManager(  598): java.lang.IllegalArgumentException: Requested window android.os.BinderProxy@43a06fc does not exist
W/WindowManager(  598): 	at com.android.server.wm.WindowManagerService.windowForClientLocked(WindowManagerService.java:8758)
W/WindowManager(  598): 	at com.android.server.wm.WindowManagerService.windowForClientLocked(WindowManagerService.java:8749)
W/WindowManager(  598): 	at com.android.server.wm.WindowState$DeathRecipient.binderDied(WindowState.java:1140)
W/WindowManager(  598): 	at android.os.BinderProxy.sendDeathNotice(Binder.java:551)
I/WindowState(  598): WIN DEATH: null
I/WindowState(  598): WIN DEATH: Window{38186047 u0 com.android.gallery3d/com.android.gallery3d.app.GalleryActivity}
W/WindowManager(  598): Force-removing child win Window{3ab4499d u0 SurfaceView} from container Window{38186047 u0 com.android.gallery3d/com.android.gallery3d.app.GalleryActivity}
W/InputDispatcher(  598): Attempted to unregister already unregistered input channel '66f33e1 com.android.gallery3d/com.android.gallery3d.app.GalleryActivity (server)'
I/WindowState(  598): WIN DEATH: Window{66f33e1 u0 com.android.gallery3d/com.android.gallery3d.app.GalleryActivity}
W/WindowManager(  598): Force-removing child win Window{330fb7c7 u0 SurfaceView} from container Window{66f33e1 u0 com.android.gallery3d/com.android.gallery3d.app.GalleryActivity}
W/InputDispatcher(  598): Attempted to unregister already unregistered input channel '29dfe024 com.android.gallery3d/com.android.gallery3d.app.GalleryActivity (server)'
I/ActivityManager(  598): Process com.android.gallery3d (pid 10631) has died
W/ActivityManager(  598): Force removing ActivityRecord{18aabedb u0 com.android.gallery3d/.app.GalleryActivity t9}: app died, no saved state
W/WindowManager(  598): Failed looking up window
W/WindowManager(  598): java.lang.IllegalArgumentException: Requested window android.os.BinderProxy@202dd506 does not exist
W/WindowManager(  598): 	at com.android.server.wm.WindowManagerService.windowForClientLocked(WindowManagerService.java:8758)
W/WindowManager(  598): 	at com.android.server.wm.WindowManagerService.windowForClientLocked(WindowManagerService.java:8749)
W/WindowManager(  598): 	at com.android.server.wm.WindowState$DeathRecipient.binderDied(WindowState.java:1140)
W/WindowManager(  598): 	at android.os.BinderProxy.sendDeathNotice(Binder.java:551)
I/WindowState(  598): WIN DEATH: null
I/WindowState(  598): WIN DEATH: Window{29dfe024 u0 com.android.gallery3d/com.android.gallery3d.app.GalleryActivity}
W/WindowManager(  598): Force-removing child win Window{c4cad42 u0 SurfaceView} from container Window{29dfe024 u0 com.android.gallery3d/com.android.gallery3d.app.GalleryActivity}
W/InputDispatcher(  598): Attempted to unregister already unregistered input channel '473916c com.android.gallery3d/com.android.gallery3d.app.GalleryActivity (server)'
W/WindowManager(  598): Failed looking up window
W/WindowManager(  598): java.lang.IllegalArgumentException: Requested window android.os.BinderProxy@a75978d does not exist
W/WindowManager(  598): 	at com.android.server.wm.WindowManagerService.windowForClientLocked(WindowManagerService.java:8758)
W/WindowManager(  598): 	at com.android.server.wm.WindowManagerService.windowForClientLocked(WindowManagerService.java:8749)
W/WindowManager(  598): 	at com.android.server.wm.WindowState$DeathRecipient.binderDied(WindowState.java:1140)
W/WindowManager(  598): 	at android.os.BinderProxy.sendDeathNotice(Binder.java:551)
I/WindowState(  598): WIN DEATH: null
I/WindowState(  598): WIN DEATH: Window{473916c u0 com.android.gallery3d/com.android.gallery3d.app.GalleryActivity}
W/WindowManager(  598): Force-removing child win Window{b15b3ca u0 SurfaceView} from container Window{473916c u0 com.android.gallery3d/com.android.gallery3d.app.GalleryActivity}
I/WindowState(  598): WIN DEATH: Window{2623fcf9 u0 SurfaceView}
W/InputDispatcher(  598): Attempted to unregister already unregistered input channel '7fbf543 com.android.gallery3d/com.android.gallery3d.app.GalleryActivity (server)'
I/art     (  598): Background partial concurrent mark sweep GC freed 54665(1870KB) AllocSpace objects, 14(16MB) LOS objects, 29% free, 37MB/53MB, paused 2.716ms total 159.698ms
I/WindowState(  598): WIN DEATH: Window{7fbf543 u0 com.android.gallery3d/com.android.gallery3d.app.GalleryActivity}
I/art     (  598): WaitForGcToComplete blocked for 47.149ms for cause HeapTrim
W/InputDispatcher(  598): Attempted to unregister already unregistered input channel '26181912 com.android.gallery3d/com.android.gallery3d.app.GalleryActivity (server)'
W/WindowManager(  598): Failed looking up window
W/WindowManager(  598): java.lang.IllegalArgumentException: Requested window android.os.BinderProxy@28b75059 does not exist
W/WindowManager(  598): 	at com.android.server.wm.WindowManagerService.windowForClientLocked(WindowManagerService.java:8758)
W/WindowManager(  598): 	at com.android.server.wm.WindowManagerService.windowForClientLocked(WindowManagerService.java:8749)
W/WindowManager(  598): 	at com.android.server.wm.WindowState$DeathRecipient.binderDied(WindowState.java:1140)
W/WindowManager(  598): 	at android.os.BinderProxy.sendDeathNotice(Binder.java:551)
I/WindowState(  598): WIN DEATH: null
I/WindowState(  598): WIN DEATH: Window{26181912 u0 com.android.gallery3d/com.android.gallery3d.app.GalleryActivity}
W/WindowManager(  598): Failed looking up window
W/WindowManager(  598): java.lang.IllegalArgumentException: Requested window android.os.BinderProxy@10c0335 does not exist
W/WindowManager(  598): 	at com.android.server.wm.WindowManagerService.windowForClientLocked(WindowManagerService.java:8758)
W/WindowManager(  598): 	at com.android.server.wm.WindowManagerService.windowForClientLocked(WindowManagerService.java:8749)
W/WindowManager(  598): 	at com.android.server.wm.WindowState$DeathRecipient.binderDied(WindowState.java:1140)
W/WindowManager(  598): 	at android.os.BinderProxy.sendDeathNotice(Binder.java:551)
I/WindowState(  598): WIN DEATH: null
V/WindowManager(  598): Adding window Window{1f5b9bf2 u0 Starting com.android.gallery3d} at 5 of 9 (after Window{39e13b2d u0 Starting com.android.gallery3d})
I/ActivityManager(  598): Start proc 14692:com.android.gallery3d/u0a37 for activity com.android.gallery3d/.app.GalleryActivity
I/ActivityManager(  598): START u0 {act=android.intent.action.VIEW dat=file:///storage//sdcard0//tzeench//reference.jpg typ=image/* flg=0x10000000 cmp=com.android.gallery3d/.app.GalleryActivity} from uid 2000 on display 0
D/AndroidRuntime(14677): Shutting down VM
V/WindowManager(  598): addAppToken: AppWindowToken{3e7921f9 token=Token{1f62a0c0 ActivityRecord{12b15243 u0 com.android.gallery3d/.app.GalleryActivity t9}}} to stack=1 task=9 at 179
V/WindowManager(  598): Adding window Window{89bc7d8 u0 Starting com.android.gallery3d} at 6 of 10 (after Window{1f5b9bf2 u0 Starting com.android.gallery3d})
W/ResourcesManager(14692): Asset path '/system/framework/com.google.android.media.effects.jar' does not exist or contains no resources.
V/StateManager(14692): startState class com.android.gallery3d.app.SinglePhotoPage
E/Gallery2/DrmHelper(14692): Could not get drm file path
D/OpenGLRenderer(14692): Use EGL_SWAP_BEHAVIOR_PRESERVED: true
D/Atlas   (14692): Validating map...
V/WindowManager(  598): Adding window Window{14fe851c u0 com.android.gallery3d/com.android.gallery3d.app.GalleryActivity} at 6 of 10 (before Window{89bc7d8 u0 Starting com.android.gallery3d})
I/Adreno-EGL(14692): <qeglDrvAPI_eglInitialize:410>: EGL 1.4 QUALCOMM build: AU_LINUX_ANDROID_LA.AF.1.1.04.04.03.164.081_msm8960_LA.AF.1.1__release_AU ()
I/Adreno-EGL(14692): OpenGL ES Shader Compiler Version: E031.25.01.03
I/Adreno-EGL(14692): Build Date: 11/02/14 Sun
I/Adreno-EGL(14692): Local Branch: mybranch5454281
I/Adreno-EGL(14692): Remote Branch: quic/l_LNX.LA.3.6
I/Adreno-EGL(14692): Local Patches: NONE
I/Adreno-EGL(14692): Reconstruct Branch: AU_LINUX_ANDROID_LA.AF.1.1.04.04.03.164.081 + db92d1e + cb8de02 +  NOTHING
I/OpenGLRenderer(14692): Initialized EGL, version 1.4
D/OpenGLRenderer(14692): Enabling debug mode 0
V/WindowManager(  598): Adding window Window{b86fa u0 SurfaceView} at 6 of 11 (before Window{14fe851c u0 com.android.gallery3d/com.android.gallery3d.app.GalleryActivity})
I/ActivityManager(  598): Displayed com.android.gallery3d/.app.GalleryActivity: +402ms (total +457ms)
I/GLRootView(14692): onSurfaceChanged: 1080x1845, gl10: com.google.android.gles_jni.GLImpl@255ac150
I/GLRootView(14692): layout content pane 1080x1845 (compensation 0)
W/InputMethodManagerService(  598): Got RemoteException sending setActive(false) notification to pid 10631 uid 10037
E/Sensors (  598): Acc old sensor_state 2176, new sensor_state : 2177 en : 1
I/Timeline(  598): Timeline: Activity_windows_visible id: ActivityRecord{12b15243 u0 com.android.gallery3d/.app.GalleryActivity t9} time:3377519
I/GLRootView(14692): layout content pane 1080x1845 (compensation 0)
D/PhotoView(14692): compensation = 0, CameraRelativeFrame = Rect(0, 0 - 0, 0), mCameraRect = Rect(0, 0 - 0, 0)
D/AndroidRuntime(14720): >>>>>> START com.android.internal.os.RuntimeInit uid 2000 <<<<<<
D/AndroidRuntime(14720): CheckJNI is OFF
D/AndroidRuntime(14720): Calling main entry com.android.commands.input.Input
I/Input   (14720): injectKeyEvent: KeyEvent { action=ACTION_DOWN, keyCode=KEYCODE_BACK, scanCode=0, metaState=0, flags=0x0, repeatCount=0, eventTime=3377702, downTime=3377702, deviceId=-1, source=0x101 }
I/Input   (14720): injectKeyEvent: KeyEvent { action=ACTION_UP, keyCode=KEYCODE_BACK, scanCode=0, metaState=0, flags=0x0, repeatCount=0, eventTime=3377702, downTime=3377702, deviceId=-1, source=0x101 }
V/StateManager(14692): no more state, finish activity
V/StateManager(14692): finishState com.android.gallery3d.app.SinglePhotoPage@2c7298fe
D/AndroidRuntime(14720): Shutting down VM
E/Sensors (  598): Acc old sensor_state 2177, new sensor_state : 2176 en : 0
V/StateManager(14692): restoreFromState
V/StateManager(14692): restoreFromState class com.android.gallery3d.app.SinglePhotoPage
E/Gallery2/DrmHelper(14692): Could not get drm file path
V/WindowManager(  598): Adding window Window{30beae4d u0 com.android.gallery3d/com.android.gallery3d.app.GalleryActivity} at 5 of 11 (before Window{1f5b9bf2 u0 Starting com.android.gallery3d})
V/WindowManager(  598): Adding window Window{2da5e613 u0 SurfaceView} at 5 of 12 (before Window{30beae4d u0 com.android.gallery3d/com.android.gallery3d.app.GalleryActivity})
I/GLRootView(14692): onSurfaceChanged: 1080x1845, gl10: com.google.android.gles_jni.GLImpl@2c760ba4
I/GLRootView(14692): layout content pane 1080x1845 (compensation 0)
I/ActivityManager(  598): Displayed com.android.gallery3d/.app.GalleryActivity: +961ms (total +185ms)
E/Sensors (  598): Acc old sensor_state 2176, new sensor_state : 2177 en : 1
W/GalleryExif(14692): Failed to read EXIF orientation
W/GalleryExif(14692): java.io.EOFException
W/GalleryExif(14692): 	at com.android.gallery3d.exif.CountedDataInputStream.readOrThrow(CountedDataInputStream.java:84)
W/GalleryExif(14692): 	at com.android.gallery3d.exif.CountedDataInputStream.readShort(CountedDataInputStream.java:100)
W/GalleryExif(14692): 	at com.android.gallery3d.exif.ExifParser.seekTiffData(ExifParser.java:784)
W/GalleryExif(14692): 	at com.android.gallery3d.exif.ExifParser.<init>(ExifParser.java:210)
W/GalleryExif(14692): 	at com.android.gallery3d.exif.ExifParser.parse(ExifParser.java:254)
W/GalleryExif(14692): 	at com.android.gallery3d.exif.ExifReader.read(ExifReader.java:46)
W/GalleryExif(14692): 	at com.android.gallery3d.exif.ExifInterface.readExif(ExifInterface.java:748)
W/GalleryExif(14692): 	at com.android.gallery3d.data.Exif.getOrientation(Exif.java:38)
W/GalleryExif(14692): 	at com.android.gallery3d.data.UriImage.openOrDownloadInner(UriImage.java:105)
W/GalleryExif(14692): 	at com.android.gallery3d.data.UriImage.openFileOrDownloadTempFile(UriImage.java:83)
W/GalleryExif(14692): 	at com.android.gallery3d.data.UriImage.prepareInputFile(UriImage.java:170)
W/GalleryExif(14692): 	at com.android.gallery3d.data.UriImage.access$300(UriImage.java:42)
W/GalleryExif(14692): 	at com.android.gallery3d.data.UriImage$RegionDecoderJob.run(UriImage.java:185)
W/GalleryExif(14692): 	at com.android.gallery3d.data.UriImage$RegionDecoderJob.run(UriImage.java:174)
W/GalleryExif(14692): 	at com.android.gallery3d.util.ThreadPool$Worker.run(ThreadPool.java:133)
W/GalleryExif(14692): 	at java.util.concurrent.ThreadPoolExecutor.runWorker(ThreadPoolExecutor.java:1112)
W/GalleryExif(14692): 	at java.util.concurrent.ThreadPoolExecutor$Worker.run(ThreadPoolExecutor.java:587)
W/GalleryExif(14692): 	at java.lang.Thread.run(Thread.java:818)
W/GalleryExif(14692): 	at com.android.gallery3d.util.PriorityThreadFactory$1.run(PriorityThreadFactory.java:44)
D/skia    (14692): --- decoder->buildTileIndex returned false
W/DecodeUtils(14692): java.io.IOException: Image failed to decode using JPEG decoder
W/DecodeUtils(14692): 	at android.graphics.BitmapRegionDecoder.nativeNewInstance(Native Method)
W/DecodeUtils(14692): 	at android.graphics.BitmapRegionDecoder.newInstance(BitmapRegionDecoder.java:89)
W/DecodeUtils(14692): 	at com.android.gallery3d.data.DecodeUtils.createBitmapRegionDecoder(DecodeUtils.java:232)
W/DecodeUtils(14692): 	at com.android.gallery3d.data.UriImage$RegionDecoderJob.run(UriImage.java:186)
W/DecodeUtils(14692): 	at com.android.gallery3d.data.UriImage$RegionDecoderJob.run(UriImage.java:174)
W/DecodeUtils(14692): 	at com.android.gallery3d.util.ThreadPool$Worker.run(ThreadPool.java:133)
W/DecodeUtils(14692): 	at java.util.concurrent.ThreadPoolExecutor.runWorker(ThreadPoolExecutor.java:1112)
W/DecodeUtils(14692): 	at java.util.concurrent.ThreadPoolExecutor$Worker.run(ThreadPoolExecutor.java:587)
W/DecodeUtils(14692): 	at java.lang.Thread.run(Thread.java:818)
W/DecodeUtils(14692): 	at com.android.gallery3d.util.PriorityThreadFactory$1.run(PriorityThreadFactory.java:44)
W/Worker  (14692): Exception in running a job
W/Worker  (14692): java.lang.NullPointerException: Attempt to invoke virtual method 'int android.graphics.BitmapRegionDecoder.getWidth()' on a null object reference
W/Worker  (14692): 	at com.android.gallery3d.data.UriImage$RegionDecoderJob.run(UriImage.java:188)
W/Worker  (14692): 	at com.android.gallery3d.data.UriImage$RegionDecoderJob.run(UriImage.java:174)
W/Worker  (14692): 	at com.android.gallery3d.util.ThreadPool$Worker.run(ThreadPool.java:133)
W/Worker  (14692): 	at java.util.concurrent.ThreadPoolExecutor.runWorker(ThreadPoolExecutor.java:1112)
W/Worker  (14692): 	at java.util.concurrent.ThreadPoolExecutor$Worker.run(ThreadPoolExecutor.java:587)
W/Worker  (14692): 	at java.lang.Thread.run(Thread.java:818)
W/Worker  (14692): 	at com.android.gallery3d.util.PriorityThreadFactory$1.run(PriorityThreadFactory.java:44)
W/SinglePhotoDataAdapter(14692): fail to get region decoder, try to request thumb image
D/skia    (14692): --- decoder->decode returned false
D/skia    (14692): --- decoder->decode returned false
W/SinglePhotoDataAdapter(14692): fail to decode thumb
W/SinglePhotoDataAdapter(14692): java.lang.NullPointerException: Attempt to invoke virtual method 'int android.graphics.Bitmap.getWidth()' on a null object reference
W/SinglePhotoDataAdapter(14692): 	at com.android.gallery3d.app.SinglePhotoDataAdapter.onDecodeThumbComplete(SinglePhotoDataAdapter.java:151)
W/SinglePhotoDataAdapter(14692): 	at com.android.gallery3d.app.SinglePhotoDataAdapter.access$200(SinglePhotoDataAdapter.java:39)
W/SinglePhotoDataAdapter(14692): 	at com.android.gallery3d.app.SinglePhotoDataAdapter$1.handleMessage(SinglePhotoDataAdapter.java:70)
W/SinglePhotoDataAdapter(14692): 	at android.os.Handler.dispatchMessage(Handler.java:102)
W/SinglePhotoDataAdapter(14692): 	at com.android.gallery3d.ui.SynchronizedHandler.dispatchMessage(SynchronizedHandler.java:36)
W/SinglePhotoDataAdapter(14692): 	at android.os.Looper.loop(Looper.java:135)
W/SinglePhotoDataAdapter(14692): 	at android.app.ActivityThread.main(ActivityThread.java:5294)
W/SinglePhotoDataAdapter(14692): 	at java.lang.reflect.Method.invoke(Native Method)
W/SinglePhotoDataAdapter(14692): 	at java.lang.reflect.Method.invoke(Method.java:372)
W/SinglePhotoDataAdapter(14692): 	at com.android.internal.os.ZygoteInit$MethodAndArgsCaller.run(ZygoteInit.java:904)
W/SinglePhotoDataAdapter(14692): 	at com.android.internal.os.ZygoteInit.main(ZygoteInit.java:699)
I/Timeline(14692): Timeline: Activity_idle id: android.os.BinderProxy@a37eb36 time:3378020
I/Timeline(  598): Timeline: Activity_windows_visible id: ActivityRecord{169241ff u0 com.android.gallery3d/.app.GalleryActivity t9} time:3378118
V/StateManager(14692): destroy
I/GLRootView(14692): layout content pane 1080x1845 (compensation 0)
D/PhotoView(14692): compensation = 0, CameraRelativeFrame = Rect(0, 0 - 0, 0), mCameraRect = Rect(0, 0 - 0, 0)
