--------- beginning of main
W/OpenGLRenderer( 1193): Incorrectly called buildLayer on View: ShortcutAndWidgetContainer, destroying layer...
W/OpenGLRenderer( 1193): Incorrectly called buildLayer on View: ShortcutAndWidgetContainer, destroying layer...
D/AndroidRuntime(19086): >>>>>> START com.android.internal.os.RuntimeInit uid 2000 <<<<<<
D/AndroidRuntime(19086): CheckJNI is OFF
D/AndroidRuntime(19086): Calling main entry com.android.commands.am.Am
--------- beginning of system
I/ActivityManager(  598): START u0 {act=android.intent.action.VIEW dat=file:///storage//sdcard0//tzeench//fuzzed.jpg typ=image/* flg=0x10000000 cmp=com.android.gallery3d/.app.GalleryActivity} from uid 2000 on display 0
V/WindowManager(  598): addAppToken: AppWindowToken{3ca10a42 token=Token{21d488d ActivityRecord{3783b524 u0 com.android.gallery3d/.app.GalleryActivity t9}}} to stack=1 task=9 at 224
D/AndroidRuntime(19086): Shutting down VM
V/StateManager(18931): startState class com.android.gallery3d.app.SinglePhotoPage
V/WindowManager(  598): Adding window Window{1ab9888e u0 com.android.gallery3d/com.android.gallery3d.app.GalleryActivity} at 8 of 11 (after Window{1647a85c u0 com.android.gallery3d/com.android.gallery3d.app.GalleryActivity})
V/WindowManager(  598): Adding window Window{2bf684bc u0 SurfaceView} at 8 of 12 (before Window{1ab9888e u0 com.android.gallery3d/com.android.gallery3d.app.GalleryActivity})
I/GLRootView(18931): onSurfaceChanged: 1080x1845, gl10: com.google.android.gles_jni.GLImpl@2c760ba4
I/GLRootView(18931): layout content pane 1080x1845 (compensation 0)
I/ActivityManager(  598): Displayed com.android.gallery3d/.app.GalleryActivity: +170ms
E/Sensors (  598): Acc old sensor_state 2176, new sensor_state : 2177 en : 1
I/Timeline(18931): Timeline: Activity_idle id: android.os.BinderProxy@53dca37 time:3513469
F/libc    (18931): Fatal signal 7 (SIGBUS), code 2, fault addr 0xa0801000 in tid 18993 (thread-pool-1)
I/DEBUG   (  230): property debug.db.uid not set; NOT waiting for gdb.
I/DEBUG   (  230): HINT: adb shell setprop debug.db.uid 100000
I/DEBUG   (  230): HINT: adb forward tcp:5039 tcp:5039
I/DEBUG   (  230): *** *** *** *** *** *** *** *** *** *** *** *** *** *** *** ***
I/DEBUG   (  230): Build fingerprint: 'samsung/jfltexx/jflte:5.0.1/LRX22C/I9505XXUHOB7:user/release-keys'
I/DEBUG   (  230): Revision: '11'
I/DEBUG   (  230): ABI: 'arm'
I/DEBUG   (  230): pid: 18931, tid: 18993, name: thread-pool-1  >>> com.android.gallery3d <<<
I/DEBUG   (  230): signal 7 (SIGBUS), code 2 (BUS_ADRERR), fault addr 0xa0801000
I/DEBUG   (  230):     r0 b4994770  r1 a0800dc4  r2 00000400  r3 00000000
I/DEBUG   (  230):     r4 b4b06480  r5 00000400  r6 b4b48a90  r7 b4994a30
I/DEBUG   (  230):     r8 af2be7e5  r9 aeafb4f8  sl a0801000  fp 00000002
I/DEBUG   (  230):     ip 00000001  sp aeafb460  lr 00000280  pc b6e400b4  cpsr 200f0030
I/DEBUG   (  230): 
I/DEBUG   (  230): backtrace:
I/DEBUG   (  230):     #00 pc 000110b4  /system/lib/libc.so (__memcpy_base+219)
I/DEBUG   (  230):     #01 pc 0000027c  <unknown>
I/Timeline(  598): Timeline: Activity_windows_visible id: ActivityRecord{3783b524 u0 com.android.gallery3d/.app.GalleryActivity t9} time:3514168
I/DEBUG   (  230): 
I/DEBUG   (  230): Tombstone written to: /data/tombstones/tombstone_06
W/ActivityManager(  598):   Force finishing activity 1 com.android.gallery3d/.app.GalleryActivity
I/BootReceiver(  598): Copying /data/tombstones/tombstone_06 to DropBox (SYSTEM_TOMBSTONE)
E/Sensors (  598): Acc old sensor_state 2177, new sensor_state : 2176 en : 0
I/OpenGLRenderer(  598): Initialized EGL, version 1.4
I/WindowState(  598): WIN DEATH: Window{1ab9888e u0 com.android.gallery3d/com.android.gallery3d.app.GalleryActivity}
I/WindowState(  598): WIN DEATH: Window{2bf684bc u0 SurfaceView}
I/WindowState(  598): WIN DEATH: Window{1647a85c u0 com.android.gallery3d/com.android.gallery3d.app.GalleryActivity}
W/WindowManager(  598): Force-removing child win Window{14bf7c3a u0 SurfaceView} from container Window{1647a85c u0 com.android.gallery3d/com.android.gallery3d.app.GalleryActivity}
W/WindowManager(  598): Failed looking up window
W/WindowManager(  598): java.lang.IllegalArgumentException: Requested window android.os.BinderProxy@24f6e765 does not exist
W/WindowManager(  598): 	at com.android.server.wm.WindowManagerService.windowForClientLocked(WindowManagerService.java:8758)
W/WindowManager(  598): 	at com.android.server.wm.WindowManagerService.windowForClientLocked(WindowManagerService.java:8749)
W/WindowManager(  598): 	at com.android.server.wm.WindowState$DeathRecipient.binderDied(WindowState.java:1140)
W/WindowManager(  598): 	at android.os.BinderProxy.sendDeathNotice(Binder.java:551)
I/WindowState(  598): WIN DEATH: null
I/Zygote  (  241): Process 18931 exited due to signal (7)
I/ActivityManager(  598): Process com.android.gallery3d (pid 18931) has died
V/WindowManager(  598): Adding window Window{114e2a16 u0 Starting com.android.gallery3d} at 6 of 12 (before Window{2bf684bc u0 SurfaceView EXITING})
I/ActivityManager(  598): Start proc 19126:com.android.gallery3d/u0a37 for activity com.android.gallery3d/.app.GalleryActivity
W/art     (  598): Long monitor contention event with owner method=void com.android.server.am.ActivityManagerService$AppDeathRecipient.binderDied() from ActivityManagerService.java:1229 waiters=0 for 212ms
I/Finsky  ( 1708): [1] com.google.android.finsky.utils.df.onTrimMemory(25): Memory trim requested to level 5
W/ResourcesManager(19126): Asset path '/system/framework/com.google.android.media.effects.jar' does not exist or contains no resources.
V/StateManager(19126): restoreFromState
V/StateManager(19126): restoreFromState class com.android.gallery3d.app.SinglePhotoPage
E/Gallery2/DrmHelper(19126): Could not get drm file path
D/OpenGLRenderer(19126): Use EGL_SWAP_BEHAVIOR_PRESERVED: true
D/Atlas   (19126): Validating map...
V/WindowManager(  598): Adding window Window{2b144b20 u0 com.android.gallery3d/com.android.gallery3d.app.GalleryActivity} at 6 of 11 (before Window{114e2a16 u0 Starting com.android.gallery3d})
I/Adreno-EGL(19126): <qeglDrvAPI_eglInitialize:410>: EGL 1.4 QUALCOMM build: AU_LINUX_ANDROID_LA.AF.1.1.04.04.03.164.081_msm8960_LA.AF.1.1__release_AU ()
I/Adreno-EGL(19126): OpenGL ES Shader Compiler Version: E031.25.01.03
I/Adreno-EGL(19126): Build Date: 11/02/14 Sun
I/Adreno-EGL(19126): Local Branch: mybranch5454281
I/Adreno-EGL(19126): Remote Branch: quic/l_LNX.LA.3.6
I/Adreno-EGL(19126): Local Patches: NONE
I/Adreno-EGL(19126): Reconstruct Branch: AU_LINUX_ANDROID_LA.AF.1.1.04.04.03.164.081 + db92d1e + cb8de02 +  NOTHING
I/OpenGLRenderer(19126): Initialized EGL, version 1.4
D/OpenGLRenderer(19126): Enabling debug mode 0
V/WindowManager(  598): Adding window Window{3ea0269e u0 SurfaceView} at 6 of 12 (before Window{2b144b20 u0 com.android.gallery3d/com.android.gallery3d.app.GalleryActivity})
I/GLRootView(19126): onSurfaceChanged: 1080x1845, gl10: com.google.android.gles_jni.GLImpl@1bb0198b
I/GLRootView(19126): layout content pane 1080x1845 (compensation 0)
I/ActivityManager(  598): Displayed com.android.gallery3d/.app.GalleryActivity: +598ms
E/Sensors (  598): Acc old sensor_state 2176, new sensor_state : 2177 en : 1
I/Timeline(19126): Timeline: Activity_idle id: android.os.BinderProxy@3f32a27c time:3515153
I/Timeline(  598): Timeline: Activity_windows_visible id: ActivityRecord{dbd6d71 u0 com.android.gallery3d/.app.GalleryActivity t9} time:3515168
I/GLRootView(19126): layout content pane 1080x1845 (compensation 0)
D/PhotoView(19126): compensation = 0, CameraRelativeFrame = Rect(0, 0 - 0, 0), mCameraRect = Rect(0, 0 - 0, 0)
I/art     (19126): Background partial concurrent mark sweep GC freed 440(37KB) AllocSpace objects, 1(81KB) LOS objects, 34% free, 30MB/46MB, paused 9.521ms total 24.688ms
D/lights  (  598): set_light_leds: type=0, color=0x00ffff6000, fM=0, fOnMS=0, fOffMs=0.
D/lights  (  598): write_leds: color=0x00ff6000, delay_on=0, delay_off=0, blink="0x00ff6000 0 0".
