--------- beginning of main
I/DEBUG   (  232): *** *** *** *** *** *** *** *** *** *** *** *** *** *** *** ***
I/DEBUG   (  232): Build fingerprint: 'samsung/jfltexx/jflte:5.0.1/LRX22C/I9505XXUHOB7:user/release-keys'
I/DEBUG   (  232): Revision: '11'
I/DEBUG   (  232): ABI: 'arm'
I/DEBUG   (  232): pid: 3885, tid: 4011, name: thread-pool-3  >>> com.android.gallery3d <<<
I/DEBUG   (  232): signal 7 (SIGBUS), code 2 (BUS_ADRERR), fault addr 0x9fe2e000
I/DEBUG   (  232):     r0 aedbe030  r1 9fe2ddc8  r2 00000400  r3 0000edc8
I/DEBUG   (  232):     r4 aee8ec90  r5 00000400  r6 aeddad60  r7 00000050
I/DEBUG   (  232):     r8 aedbe430  r9 00000000  sl 9fe2e040  fp aedbe430
I/DEBUG   (  232):     ip 00000006  sp a12db3c8  lr 00000280  pc b6e740a8  cpsr 800f0030
I/DEBUG   (  232): 
I/DEBUG   (  232): backtrace:
I/DEBUG   (  232):     #00 pc 000110a8  /system/lib/libc.so (__memcpy_base+207)
I/DEBUG   (  232):     #01 pc 0000027c  <unknown>
D/AndroidRuntime(23829): >>>>>> START com.android.internal.os.RuntimeInit uid 2000 <<<<<<
D/AndroidRuntime(23829): CheckJNI is OFF
D/AndroidRuntime(23829): Calling main entry com.android.commands.am.Am
--------- beginning of system
I/ActivityManager(  599): START u0 {act=android.intent.action.VIEW dat=file:///storage//sdcard0//tzeench//fuzzed.jpg typ=image/* flg=0x10000000 cmp=com.android.gallery3d/.app.GalleryActivity} from uid 2000 on display 0
V/WindowManager(  599): addAppToken: AppWindowToken{305a01b9 token=Token{2c402780 ActivityRecord{2189bc03 u0 com.android.gallery3d/.app.GalleryActivity t3641}}} to stack=1 task=3641 at 2
D/AndroidRuntime(23829): Shutting down VM
E/art     (23829): Thread attaching while runtime is shutting down: Binder_1
I/AndroidRuntime(23829): NOTE: attach of thread 'Binder_1' failed
I/DEBUG   (  232): 
I/DEBUG   (  232): Tombstone written to: /data/tombstones/tombstone_03
I/Choreographer( 3885): Skipped 49 frames!  The application may be doing too much work on its main thread.
I/BootReceiver(  599): Copying /data/tombstones/tombstone_03 to DropBox (SYSTEM_TOMBSTONE)
W/ActivityManager(  599): Activity pause timeout for ActivityRecord{3d11fd9a u0 com.android.gallery3d/.app.GalleryActivity t3641}
E/Sensors (  599): Acc old sensor_state 2177, new sensor_state : 2176 en : 0
I/OpenGLRenderer(  599): Initialized EGL, version 1.4
W/InputDispatcher(  599): channel '208e3eaf com.android.gallery3d/com.android.gallery3d.app.GalleryActivity (server)' ~ Consumer closed input channel or an error occurred.  events=0x9
E/InputDispatcher(  599): channel '208e3eaf com.android.gallery3d/com.android.gallery3d.app.GalleryActivity (server)' ~ Channel is unrecoverably broken and will be disposed!
W/InputDispatcher(  599): channel '24261d54 com.android.gallery3d/com.android.gallery3d.app.GalleryActivity (server)' ~ Consumer closed input channel or an error occurred.  events=0x9
E/InputDispatcher(  599): channel '24261d54 com.android.gallery3d/com.android.gallery3d.app.GalleryActivity (server)' ~ Channel is unrecoverably broken and will be disposed!
W/InputDispatcher(  599): Attempted to unregister already unregistered input channel '208e3eaf com.android.gallery3d/com.android.gallery3d.app.GalleryActivity (server)'
I/WindowState(  599): WIN DEATH: Window{208e3eaf u0 com.android.gallery3d/com.android.gallery3d.app.GalleryActivity}
W/WindowManager(  599): Force-removing child win Window{8a71245 u0 SurfaceView} from container Window{208e3eaf u0 com.android.gallery3d/com.android.gallery3d.app.GalleryActivity}
W/InputDispatcher(  599): Attempted to unregister already unregistered input channel '24261d54 com.android.gallery3d/com.android.gallery3d.app.GalleryActivity (server)'
W/WindowManager(  599): Failed looking up window
W/WindowManager(  599): java.lang.IllegalArgumentException: Requested window android.os.BinderProxy@1e0432bc does not exist
W/WindowManager(  599): 	at com.android.server.wm.WindowManagerService.windowForClientLocked(WindowManagerService.java:8758)
W/WindowManager(  599): 	at com.android.server.wm.WindowManagerService.windowForClientLocked(WindowManagerService.java:8749)
W/WindowManager(  599): 	at com.android.server.wm.WindowState$DeathRecipient.binderDied(WindowState.java:1140)
W/WindowManager(  599): 	at android.os.BinderProxy.sendDeathNotice(Binder.java:551)
I/WindowState(  599): WIN DEATH: null
I/WindowState(  599): WIN DEATH: Window{24261d54 u0 com.android.gallery3d/com.android.gallery3d.app.GalleryActivity}
I/Zygote  (  243): Process 3885 exited due to signal (7)
I/WindowState(  599): WIN DEATH: Window{c4aa5f2 u0 SurfaceView}
I/ActivityManager(  599): Process com.android.gallery3d (pid 3885) has died
W/ActivityManager(  599): Force removing ActivityRecord{3d11fd9a u0 com.android.gallery3d/.app.GalleryActivity t3641}: app died, no saved state
V/WindowManager(  599): Adding window Window{a56b661 u0 Starting com.android.gallery3d} at 5 of 9 (after Window{24261d54 u0 com.android.gallery3d/com.android.gallery3d.app.GalleryActivity EXITING})
I/art     (  599): Background sticky concurrent mark sweep GC freed 96850(4MB) AllocSpace objects, 27(432KB) LOS objects, 7% free, 51MB/56MB, paused 4.180ms total 127.319ms
I/ActivityManager(  599): Start proc 23859:com.android.gallery3d/u0a37 for activity com.android.gallery3d/.app.GalleryActivity
W/ResourcesManager(23859): Asset path '/system/framework/com.google.android.media.effects.jar' does not exist or contains no resources.
V/StateManager(23859): startState class com.android.gallery3d.app.SinglePhotoPage
E/Gallery2/DrmHelper(23859): Could not get drm file path
D/OpenGLRenderer(23859): Use EGL_SWAP_BEHAVIOR_PRESERVED: true
D/Atlas   (23859): Validating map...
V/WindowManager(  599): Adding window Window{2500005b u0 com.android.gallery3d/com.android.gallery3d.app.GalleryActivity} at 3 of 8 (before Window{a56b661 u0 Starting com.android.gallery3d})
I/Adreno-EGL(23859): <qeglDrvAPI_eglInitialize:410>: EGL 1.4 QUALCOMM build: AU_LINUX_ANDROID_LA.AF.1.1.04.04.03.164.081_msm8960_LA.AF.1.1__release_AU ()
I/Adreno-EGL(23859): OpenGL ES Shader Compiler Version: E031.25.01.03
I/Adreno-EGL(23859): Build Date: 11/02/14 Sun
I/Adreno-EGL(23859): Local Branch: mybranch5454281
I/Adreno-EGL(23859): Remote Branch: quic/l_LNX.LA.3.6
I/Adreno-EGL(23859): Local Patches: NONE
I/Adreno-EGL(23859): Reconstruct Branch: AU_LINUX_ANDROID_LA.AF.1.1.04.04.03.164.081 + db92d1e + cb8de02 +  NOTHING
I/OpenGLRenderer(23859): Initialized EGL, version 1.4
D/OpenGLRenderer(23859): Enabling debug mode 0
V/WindowManager(  599): Adding window Window{30a8f9d1 u0 SurfaceView} at 3 of 9 (before Window{2500005b u0 com.android.gallery3d/com.android.gallery3d.app.GalleryActivity})
W/ProcessCpuTracker(  599): Skipping unknown process pid 23855
W/ProcessCpuTracker(  599): Skipping unknown process pid 23856
W/ProcessCpuTracker(  599): Skipping unknown process pid 23858
I/ActivityManager(  599): Displayed com.android.gallery3d/.app.GalleryActivity: +622ms
I/Timeline(  599): Timeline: Activity_windows_visible id: ActivityRecord{2189bc03 u0 com.android.gallery3d/.app.GalleryActivity t3641} time:13953589
W/ProcessCpuTracker(  599): Skipping unknown process pid 23879
W/ProcessCpuTracker(  599): Skipping unknown process pid 23885
W/ProcessCpuTracker(  599): Skipping unknown process pid 23890
W/ProcessCpuTracker(  599): Skipping unknown process pid 23893
I/GLRootView(23859): onSurfaceChanged: 1080x1845, gl10: com.google.android.gles_jni.GLImpl@1d8a1663
I/GLRootView(23859): layout content pane 1080x1845 (compensation 0)
E/Sensors (  599): Acc old sensor_state 2176, new sensor_state : 2177 en : 1
I/GLRootView(23859): layout content pane 1080x1845 (compensation 0)
D/PhotoView(23859): compensation = 0, CameraRelativeFrame = Rect(0, 0 - 0, 0), mCameraRect = Rect(0, 0 - 0, 0)
I/Timeline(23859): Timeline: Activity_idle id: android.os.BinderProxy@10730af4 time:13953970
D/lights  (  599): set_light_leds: type=0, color=0x00ffff6000, fM=0, fOnMS=0, fOffMs=0.
D/lights  (  599): write_leds: color=0x00ff6000, delay_on=0, delay_off=0, blink="0x00ff6000 0 0".
