--------- beginning of main
W/OpenGLRenderer( 1188): Incorrectly called buildLayer on View: ShortcutAndWidgetContainer, destroying layer...
W/OpenGLRenderer( 1188): Incorrectly called buildLayer on View: ShortcutAndWidgetContainer, destroying layer...
D/AndroidRuntime(30583): >>>>>> START com.android.internal.os.RuntimeInit uid 2000 <<<<<<
D/AndroidRuntime(30583): CheckJNI is OFF
D/AndroidRuntime(30583): Calling main entry com.android.commands.am.Am
--------- beginning of system
I/ActivityManager(  599): START u0 {act=android.intent.action.VIEW dat=file:///storage//sdcard0//tzeench//fuzzed.jpg typ=image/* flg=0x10000000 cmp=com.android.gallery3d/.app.GalleryActivity} from uid 2000 on display 0
D/AndroidRuntime(30583): Shutting down VM
V/WindowManager(  599): addAppToken: AppWindowToken{38e0fe66 token=Token{2279a6c1 ActivityRecord{32029ba8 u0 com.android.gallery3d/.app.GalleryActivity t3685}}} to stack=1 task=3685 at 196
V/StateManager(28909): startState class com.android.gallery3d.app.SinglePhotoPage
V/WindowManager(  599): Adding window Window{5ee9af2 u0 com.android.gallery3d/com.android.gallery3d.app.GalleryActivity} at 44 of 47 (after Window{21f310b7 u0 com.android.gallery3d/com.android.gallery3d.app.GalleryActivity})
V/WindowManager(  599): Adding window Window{3d1337c0 u0 SurfaceView} at 44 of 48 (before Window{5ee9af2 u0 com.android.gallery3d/com.android.gallery3d.app.GalleryActivity})
I/GLRootView(28909): onSurfaceChanged: 1080x1845, gl10: com.google.android.gles_jni.GLImpl@9ab1b67
I/GLRootView(28909): layout content pane 1080x1845 (compensation 0)
I/ActivityManager(  599): Displayed com.android.gallery3d/.app.GalleryActivity: +196ms
E/Sensors (  599): Acc old sensor_state 2176, new sensor_state : 2177 en : 1
F/libc    (30583): Fatal signal 11 (SIGSEGV), code 1, fault addr 0xb459e710 in tid 30597 (Binder_2)
I/DEBUG   (  232): property debug.db.uid not set; NOT waiting for gdb.
I/DEBUG   (  232): HINT: adb shell setprop debug.db.uid 100000
I/DEBUG   (  232): HINT: adb forward tcp:5039 tcp:5039
D/skia    (28909): --- decoder->buildTileIndex returned false
W/DecodeUtils(28909): java.io.IOException: Image failed to decode using JPEG decoder
W/DecodeUtils(28909): 	at android.graphics.BitmapRegionDecoder.nativeNewInstance(Native Method)
W/DecodeUtils(28909): 	at android.graphics.BitmapRegionDecoder.newInstance(BitmapRegionDecoder.java:89)
W/DecodeUtils(28909): 	at com.android.gallery3d.data.DecodeUtils.createBitmapRegionDecoder(DecodeUtils.java:232)
W/DecodeUtils(28909): 	at com.android.gallery3d.data.UriImage$RegionDecoderJob.run(UriImage.java:186)
W/DecodeUtils(28909): 	at com.android.gallery3d.data.UriImage$RegionDecoderJob.run(UriImage.java:174)
W/DecodeUtils(28909): 	at com.android.gallery3d.util.ThreadPool$Worker.run(ThreadPool.java:133)
W/DecodeUtils(28909): 	at java.util.concurrent.ThreadPoolExecutor.runWorker(ThreadPoolExecutor.java:1112)
W/DecodeUtils(28909): 	at java.util.concurrent.ThreadPoolExecutor$Worker.run(ThreadPoolExecutor.java:587)
W/DecodeUtils(28909): 	at java.lang.Thread.run(Thread.java:818)
W/DecodeUtils(28909): 	at com.android.gallery3d.util.PriorityThreadFactory$1.run(PriorityThreadFactory.java:44)
W/Worker  (28909): Exception in running a job
W/Worker  (28909): java.lang.NullPointerException: Attempt to invoke virtual method 'int android.graphics.BitmapRegionDecoder.getWidth()' on a null object reference
W/Worker  (28909): 	at com.android.gallery3d.data.UriImage$RegionDecoderJob.run(UriImage.java:188)
W/Worker  (28909): 	at com.android.gallery3d.data.UriImage$RegionDecoderJob.run(UriImage.java:174)
W/Worker  (28909): 	at com.android.gallery3d.util.ThreadPool$Worker.run(ThreadPool.java:133)
W/Worker  (28909): 	at java.util.concurrent.ThreadPoolExecutor.runWorker(ThreadPoolExecutor.java:1112)
W/Worker  (28909): 	at java.util.concurrent.ThreadPoolExecutor$Worker.run(ThreadPoolExecutor.java:587)
W/Worker  (28909): 	at java.lang.Thread.run(Thread.java:818)
W/Worker  (28909): 	at com.android.gallery3d.util.PriorityThreadFactory$1.run(PriorityThreadFactory.java:44)
W/SinglePhotoDataAdapter(28909): fail to get region decoder, try to request thumb image
D/skia    (28909): --- decoder->decode returned false
W/SinglePhotoDataAdapter(28909): fail to decode thumb
W/SinglePhotoDataAdapter(28909): java.lang.NullPointerException: Attempt to invoke virtual method 'int android.graphics.Bitmap.getWidth()' on a null object reference
W/SinglePhotoDataAdapter(28909): 	at com.android.gallery3d.app.SinglePhotoDataAdapter.onDecodeThumbComplete(SinglePhotoDataAdapter.java:151)
W/SinglePhotoDataAdapter(28909): 	at com.android.gallery3d.app.SinglePhotoDataAdapter.access$200(SinglePhotoDataAdapter.java:39)
W/SinglePhotoDataAdapter(28909): 	at com.android.gallery3d.app.SinglePhotoDataAdapter$1.handleMessage(SinglePhotoDataAdapter.java:70)
W/SinglePhotoDataAdapter(28909): 	at android.os.Handler.dispatchMessage(Handler.java:102)
W/SinglePhotoDataAdapter(28909): 	at com.android.gallery3d.ui.SynchronizedHandler.dispatchMessage(SynchronizedHandler.java:36)
W/SinglePhotoDataAdapter(28909): 	at android.os.Looper.loop(Looper.java:135)
W/SinglePhotoDataAdapter(28909): 	at android.app.ActivityThread.main(ActivityThread.java:5294)
W/SinglePhotoDataAdapter(28909): 	at java.lang.reflect.Method.invoke(Native Method)
W/SinglePhotoDataAdapter(28909): 	at java.lang.reflect.Method.invoke(Method.java:372)
W/SinglePhotoDataAdapter(28909): 	at com.android.internal.os.ZygoteInit$MethodAndArgsCaller.run(ZygoteInit.java:904)
W/SinglePhotoDataAdapter(28909): 	at com.android.internal.os.ZygoteInit.main(ZygoteInit.java:699)
I/Timeline(28909): Timeline: Activity_idle id: android.os.BinderProxy@2e900326 time:33050335
E/DEBUG   (  232): unexpected waitpid response: n=30597, status=00000000
E/DEBUG   (  232): tid exited before attach completed: tid 30597
I/GLRootView(28909): layout content pane 1080x1845 (compensation 0)
D/PhotoView(28909): compensation = 0, CameraRelativeFrame = Rect(0, 0 - 0, 0), mCameraRect = Rect(0, 0 - 0, 0)
I/Timeline(  599): Timeline: Activity_windows_visible id: ActivityRecord{32029ba8 u0 com.android.gallery3d/.app.GalleryActivity t3685} time:33051023
