--------- beginning of main
W/art     (  599): Long monitor contention event with owner method=int com.android.server.wm.WindowManagerService.relayoutWindow(com.android.server.wm.Session, android.view.IWindow, int, android.view.WindowManager$LayoutParams, int, int, int, int, android.graphics.Rect, android.graphics.Rect, android.graphics.Rect, android.graphics.Rect, android.graphics.Rect, android.content.res.Configuration, android.view.Surface) from WindowManagerService.java:3082 waiters=1 for 123ms
D/AndroidRuntime( 9725): >>>>>> START com.android.internal.os.RuntimeInit uid 2000 <<<<<<
D/AndroidRuntime( 9725): CheckJNI is OFF
I/Timeline(  599): Timeline: Activity_windows_visible id: ActivityRecord{23904248 u0 com.cyanogenmod.trebuchet/com.android.launcher3.Launcher t529} time:34411786
I/MediaFocusControl(  599):  AudioFocus  abandonAudioFocus() from android.media.AudioManager@255f5585
D/AndroidRuntime( 9725): Calling main entry com.android.commands.am.Am
--------- beginning of system
I/ActivityManager(  599): START u0 {act=android.intent.action.VIEW dat=file:///storage//sdcard0//tzeench//fuzzed.webm typ=video/* flg=0x10000000 cmp=com.android.gallery3d/.app.MovieActivity} from uid 2000 on display 0
V/WindowManager(  599): addAppToken: AppWindowToken{390c15ca token=Token{2136ad35 ActivityRecord{3956a36c u0 com.android.gallery3d/.app.MovieActivity t3687}}} to stack=1 task=3687 at 154
D/AndroidRuntime( 9725): Shutting down VM
W/OpenGLRenderer( 1188): Incorrectly called buildLayer on View: ShortcutAndWidgetContainer, destroying layer...
W/OpenGLRenderer( 1188): Incorrectly called buildLayer on View: ShortcutAndWidgetContainer, destroying layer...
D/CodeauroraVideoView( 4540): setVideoURI uri = file:///storage//sdcard0//tzeench//fuzzed.webm
E/MediaPlayer-JNI( 4540): QCMediaPlayer mediaplayer NOT present
E/Gallery2/DrmHelper( 4540): Could not get drm file path
I/MediaFocusControl(  599):  AudioFocus  requestAudioFocus() from android.media.AudioManager@3cd9d2de req=2flags=0x0
V/WindowManager(  599): Adding window Window{2ab9312b u0 com.android.gallery3d/com.android.gallery3d.app.MovieActivity} at 429 of 432 (after Window{6166c41 u0 com.android.gallery3d/com.android.gallery3d.app.MovieActivity})
F/libc    ( 9725): Fatal signal 11 (SIGSEGV), code 1, fault addr 0xb459e710 in tid 9741 (Binder_2)
I/DEBUG   (  232): property debug.db.uid not set; NOT waiting for gdb.
I/DEBUG   (  232): HINT: adb shell setprop debug.db.uid 100000
I/DEBUG   (  232): HINT: adb forward tcp:5039 tcp:5039
E/DEBUG   (  232): unexpected waitpid response: n=9741, status=00000000
E/DEBUG   (  232): tid exited before attach completed: tid 9741
V/WindowManager(  599): Adding window Window{349b1f21 u0 SurfaceView} at 429 of 433 (before Window{2ab9312b u0 com.android.gallery3d/com.android.gallery3d.app.MovieActivity})
E/MediaPlayer-JNI( 4540): QCMediaPlayer mediaplayer NOT present
W/ALooperRoster( 7336): failed to post message. Target handler 0 still registered, but object gone.
W/MatroskaExtractor( 7336): Corrupt webm source: <no-scheme URI suppressed>
D/ExtendedUtils( 7336): Try creating ExtendedExtractor
E/QCExtractor( 7336):  ExtendedExtractor failed to instantiate extractor 
E/ExtendedExtractor( 7336): Failed to instantiate extractor 
D/ExtendedUtils( 7336): Couldn't create the extended extractor, return default one
I/FFmpegExtractor( 7336): android-source:0xb344c060
I/FFMPEG  ( 7336): [matroska,webm @ 0xb36f9400] Read error at pos. 4650 (0x122a)
I/FFMPEG  ( 7336): [matroska,webm @ 0xb36f9400] Duplicate element
I/FFMPEG  ( 7336): [matroska,webm @ 0xb36f9400] Read error at pos. 171 (0xab)
I/FFMPEG  ( 7336): [matroska,webm @ 0xb36f9400] Duplicate element
I/FFMPEG  ( 7336): Last message repeated 2 times
I/FFMPEG  ( 7336): [vorbis @ 0xb343b800] Codebook lookup type not supported. 
I/FFMPEG  ( 7336): [vorbis @ 0xb343b800]  Vorbis setup header packet corrupt (codebooks). 
I/FFMPEG  ( 7336): [vorbis @ 0xb343b800] Setup header corrupt.
I/FFMPEG  ( 7336): [matroska,webm @ 0xb36f9400] Failed to open codec in av_find_stream_info
I/FFMPEG  ( 7336): [vorbis @ 0xb343c000] Codebook lookup type not supported. 
I/FFMPEG  ( 7336): [vorbis @ 0xb343c000]  Vorbis setup header packet corrupt (codebooks). 
I/FFMPEG  ( 7336): [vorbis @ 0xb343c000] Setup header corrupt.
I/FFMPEG  ( 7336): [matroska,webm @ 0xb36f9400] Failed to open codec in av_find_stream_info
I/FFMPEG  ( 7336): [Vorbis parser @ 0xb345a640] Invalid Setup header
I/FFMPEG  ( 7336): [vorbis @ 0xb343b800] Codebook lookup type not supported. 
I/FFMPEG  ( 7336): [vorbis @ 0xb343b800]  Vorbis setup header packet corrupt (codebooks). 
I/FFMPEG  ( 7336): [vorbis @ 0xb343b800] Setup header corrupt.
I/FFMPEG  ( 7336): [Vorbis parser @ 0xb345a640] Invalid Setup header
I/FFMPEG  ( 7336): [Vorbis parser @ 0xb345ab40] Invalid Setup header
I/FFMPEG  ( 7336): [Vorbis parser @ 0xb345a640] Invalid Setup header
I/FFMPEG  ( 7336): Last message repeated 4 times
I/FFMPEG  ( 7336): [Vorbis parser @ 0xb345ab40] Invalid Setup header
I/FFMPEG  ( 7336): Last message repeated 3 times
I/FFMPEG  ( 7336): [Vorbis parser @ 0xb345a640] Invalid Setup header
I/FFMPEG  ( 7336): Last message repeated 22 times
I/FFMPEG  ( 7336): [Vorbis parser @ 0xb345ab40] Invalid Setup header
I/FFMPEG  ( 7336): Last message repeated 4 times
I/FFMPEG  ( 7336): [Vorbis parser @ 0xb345ac80] Invalid Setup header
I/FFMPEG  ( 7336): Last message repeated 1 times
I/FFMPEG  ( 7336): [Vorbis parser @ 0xb345adc0] Invalid Setup header
I/FFMPEG  ( 7336): Last message repeated 67 times
I/FFMPEG  ( 7336): [Vorbis parser @ 0xb345af00] Invalid Setup header
I/FFMPEG  ( 7336): Last message repeated 1 times
I/FFMPEG  ( 7336): [Vorbis parser @ 0xb345b040] Invalid Setup header
I/FFMPEG  ( 7336): [Vorbis parser @ 0xb345b180] Invalid Setup header
I/FFMPEG  ( 7336): Last message repeated 19 times
I/FFMPEG  ( 7336): [Vorbis parser @ 0xb345b2c0] Invalid Setup header
I/FFMPEG  ( 7336): Last message repeated 9 times
I/FFMPEG  ( 7336): [Vorbis parser @ 0xb345b400] Invalid Setup header
I/FFMPEG  ( 7336): Last message repeated 42 times
I/FFMPEG  ( 7336): [Vorbis parser @ 0xb345b540] Invalid Setup header
I/FFMPEG  ( 7336): [Vorbis parser @ 0xb345b680] Invalid Setup header
I/FFMPEG  ( 7336): Last message repeated 1 times
I/FFMPEG  ( 7336): [Vorbis parser @ 0xb345b7c0] Invalid Setup header
I/FFMPEG  ( 7336): Last message repeated 10 times
I/FFMPEG  ( 7336): [Vorbis parser @ 0xb345b900] Invalid Setup header
I/FFMPEG  ( 7336): [Vorbis parser @ 0xb345ba40] Invalid Setup header
I/FFMPEG  ( 7336): Last message repeated 20 times
I/FFMPEG  ( 7336): [Vorbis parser @ 0xb345bb80] Invalid Setup header
I/FFMPEG  ( 7336): Last message repeated 15 times
I/FFMPEG  ( 7336): [Vorbis parser @ 0xb345be00] Invalid Setup header
I/FFMPEG  ( 7336): Last message repeated 2 times
I/FFMPEG  ( 7336): [Vorbis parser @ 0xb345bf40] Invalid Setup header
I/FFMPEG  ( 7336): Last message repeated 1 times
I/FFMPEG  ( 7336): [Vorbis parser @ 0xb345c080] Invalid Setup header
I/FFMPEG  ( 7336): Last message repeated 2 times
I/FFMPEG  ( 7336): [Vorbis parser @ 0xb345c1c0] Invalid Setup header
I/FFMPEG  ( 7336): Last message repeated 2 times
I/FFMPEG  ( 7336): [Vorbis parser @ 0xb345c300] Invalid Setup header
I/FFMPEG  ( 7336): Last message repeated 1 times
I/FFMPEG  ( 7336): [Vorbis parser @ 0xb345c440] Invalid Setup header
I/FFMPEG  ( 7336): Last message repeated 31 times
I/FFMPEG  ( 7336): Input #0, matroska,webm, from 'android-source:0xb344c060':
I/FFMPEG  ( 7336):   Metadata:
I/FFMPEG  ( 7336):     encoder         : Lavf53.17.0
I/FFMPEG  ( 7336):   Duration: 00:00:05.57, start: 0.000000, bitrate: 329 kb/s
I/FFMPEG  ( 7336):     Stream #0:0: Video: vp8, yuv420p, 560x320, SAR 1:1 DAR 7:4, 30 fps, 30 tbr, 1k tbn, 1k tbc (default)
I/FFMPEG  ( 7336):     Stream #0:1(eng): Audio: vorbis, 48000 Hz, 1 channels, fltp (default)
I/FFMPEG  ( 7336):     Stream #0:2: Video: vp8, yuv420p, 560x320, SAR 1:1 DAR 7:4, 30 fps, 30 tbr, 1k tbn, 1k tbc (default)
I/FFMPEG  ( 7336):     Stream #0:3(eng): Audio: vorbis, 48000 Hz, 1 channels, fltp (default)
D/FFmpegExtractor( 7336): FFmpegExtrator, url: android-source:0xb344c060, format_name: matroska,webm, format_long_name: Matroska / WebM
D/FFmpegExtractor( 7336): suppoted codec(vp8) by official Stagefright
D/FFmpegExtractor( 7336): suppoted codec(vorbis) by official Stagefright
D/FFmpegExtractor( 7336): ffmpeg detected media content as 'video/x-matroska' with confidence 0.08
W/MatroskaExtractor( 7336): Corrupt webm source: <no-scheme URI suppressed>
D/ExtendedUtils( 7336): Try creating ExtendedExtractor
E/QCExtractor( 7336):  ExtendedExtractor failed to instantiate extractor 
E/ExtendedExtractor( 7336): Failed to instantiate extractor 
D/ExtendedUtils( 7336): Couldn't create the extended extractor, return default one
E/GenericSource( 7336): Failed to init from data source!
E/MediaPlayer( 4540): error (1, -2147483648)
I/ActivityManager(  599): Displayed com.android.gallery3d/.app.MovieActivity: +854ms
E/MediaPlayer( 4540): Error (1,-2147483648)
D/CodeauroraVideoView( 4540): Error: 1,-2147483648
V/WindowManager(  599): not Base app: Adding window Window{3b79159 u0 com.android.gallery3d/com.android.gallery3d.app.MovieActivity} at 431 of 434
