--------- beginning of main
W/art     (  599): Long monitor contention event with owner method=void com.android.server.am.ActivityManagerService.activityPaused(android.os.IBinder) from ActivityManagerService.java:6476 waiters=0 for 271ms
I/Timeline(  599): Timeline: Activity_windows_visible id: ActivityRecord{30cfdf8b u0 com.android.gallery3d/.app.MovieActivity t3687} time:35313804
D/AndroidRuntime( 3107): >>>>>> START com.android.internal.os.RuntimeInit uid 2000 <<<<<<
D/AndroidRuntime( 3107): CheckJNI is OFF
D/AndroidRuntime( 3107): Calling main entry com.android.commands.am.Am
--------- beginning of system
I/ActivityManager(  599): START u0 {act=android.intent.action.VIEW dat=file:///storage//sdcard0//tzeench//fuzzed.webm typ=video/* flg=0x10000000 cmp=com.android.gallery3d/.app.MovieActivity} from uid 2000 on display 0
W/art     (  599): Long monitor contention event with owner method=void com.android.server.wm.WindowManagerService$H.handleMessage(android.os.Message) from WindowManagerService.java:7881 waiters=0 for 216ms
W/art     (  599): Long monitor contention event with owner method=void com.android.server.wm.WindowManagerService$H.handleMessage(android.os.Message) from WindowManagerService.java:7881 waiters=2 for 138ms
I/Timeline( 1188): Timeline: Activity_idle id: android.os.BinderProxy@8504708 time:35314452
I/Choreographer( 4540): Skipped 35 frames!  The application may be doing too much work on its main thread.
W/art     (  599): Long monitor contention event with owner method=int com.android.server.am.ActivityStackSupervisor.startActivityMayWait(android.app.IApplicationThread, int, java.lang.String, android.content.Intent, java.lang.String, android.service.voice.IVoiceInteractionSession, com.android.internal.app.IVoiceInteractor, android.os.IBinder, java.lang.String, int, int, android.app.ProfilerInfo, android.app.IActivityManager$WaitResult, android.content.res.Configuration, android.os.Bundle, int, android.app.IActivityContainer, com.android.server.am.TaskRecord) from ActivityStackSupervisor.java:882 waiters=0 for 679ms
I/Choreographer(  599): Skipped 53 frames!  The application may be doing too much work on its main thread.
W/art     (  599): Long monitor contention event with owner method=int com.android.server.am.ActivityStackSupervisor.startActivityMayWait(android.app.IApplicationThread, int, java.lang.String, android.content.Intent, java.lang.String, android.service.voice.IVoiceInteractionSession, com.android.internal.app.IVoiceInteractor, android.os.IBinder, java.lang.String, int, int, android.app.ProfilerInfo, android.app.IActivityManager$WaitResult, android.content.res.Configuration, android.os.Bundle, int, android.app.IActivityContainer, com.android.server.am.TaskRecord) from ActivityStackSupervisor.java:882 waiters=1 for 398ms
W/art     (  599): Long monitor contention event with owner method=int com.android.server.am.ActivityStackSupervisor.startActivityMayWait(android.app.IApplicationThread, int, java.lang.String, android.content.Intent, java.lang.String, android.service.voice.IVoiceInteractionSession, com.android.internal.app.IVoiceInteractor, android.os.IBinder, java.lang.String, int, int, android.app.ProfilerInfo, android.app.IActivityManager$WaitResult, android.content.res.Configuration, android.os.Bundle, int, android.app.IActivityContainer, com.android.server.am.TaskRecord) from ActivityStackSupervisor.java:882 waiters=2 for 256ms
D/AndroidRuntime( 3107): Shutting down VM
V/WindowManager(  599): addAppToken: AppWindowToken{3e5be89d token=Token{4b78b74 ActivityRecord{34b92747 u0 com.android.gallery3d/.app.MovieActivity t3687}}} to stack=1 task=3687 at 339
W/art     (  599): Long monitor contention event with owner method=int com.android.server.am.ActivityStackSupervisor.startActivityMayWait(android.app.IApplicationThread, int, java.lang.String, android.content.Intent, java.lang.String, android.service.voice.IVoiceInteractionSession, com.android.internal.app.IVoiceInteractor, android.os.IBinder, java.lang.String, int, int, android.app.ProfilerInfo, android.app.IActivityManager$WaitResult, android.content.res.Configuration, android.os.Bundle, int, android.app.IActivityContainer, com.android.server.am.TaskRecord) from ActivityStackSupervisor.java:882 waiters=3 for 203ms
F/libc    ( 3107): Fatal signal 11 (SIGSEGV), code 1, fault addr 0xb459e710 in tid 3118 (Binder_2)
I/DEBUG   (  232): property debug.db.uid not set; NOT waiting for gdb.
I/DEBUG   (  232): HINT: adb shell setprop debug.db.uid 100000
I/DEBUG   (  232): HINT: adb forward tcp:5039 tcp:5039
W/art     (  599): Long monitor contention event with owner method=int com.android.server.wm.WindowManagerService.relayoutWindow(com.android.server.wm.Session, android.view.IWindow, int, android.view.WindowManager$LayoutParams, int, int, int, int, android.graphics.Rect, android.graphics.Rect, android.graphics.Rect, android.graphics.Rect, android.graphics.Rect, android.content.res.Configuration, android.view.Surface) from WindowManagerService.java:3082 waiters=0 for 104ms
W/art     (  599): Long monitor contention event with owner method=int com.android.server.wm.WindowManagerService.relayoutWindow(com.android.server.wm.Session, android.view.IWindow, int, android.view.WindowManager$LayoutParams, int, int, int, int, android.graphics.Rect, android.graphics.Rect, android.graphics.Rect, android.graphics.Rect, android.graphics.Rect, android.content.res.Configuration, android.view.Surface) from WindowManagerService.java:3082 waiters=1 for 105ms
E/DEBUG   (  232): unexpected waitpid response: n=3118, status=00000000
E/DEBUG   (  232): tid exited before attach completed: tid 3118
W/art     (  599): Long monitor contention event with owner method=void com.android.server.wm.WindowManagerService$H.handleMessage(android.os.Message) from WindowManagerService.java:7881 waiters=1 for 127ms
W/InputMethodManagerService(  599): Starting input on non-focused client com.android.internal.view.IInputMethodClient$Stub$Proxy@243d3cd5 (uid=10037 pid=4540)
W/art     (  599): Long monitor contention event with owner method=void com.android.server.am.ActivityManagerService.activityPaused(android.os.IBinder) from ActivityManagerService.java:6476 waiters=0 for 409ms
W/art     (  599): Long monitor contention event with owner method=void com.android.server.am.ActivityManagerService.activityPaused(android.os.IBinder) from ActivityManagerService.java:6476 waiters=1 for 410ms
W/art     (  599): Long monitor contention event with owner method=void com.android.server.am.ActivityManagerService.activityPaused(android.os.IBinder) from ActivityManagerService.java:6476 waiters=2 for 319ms
W/art     (  599): Long monitor contention event with owner method=void com.android.server.am.ActivityManagerService.activityPaused(android.os.IBinder) from ActivityManagerService.java:6476 waiters=3 for 300ms
D/CodeauroraVideoView( 4540): setVideoURI uri = file:///storage//sdcard0//tzeench//fuzzed.webm
E/MediaPlayer-JNI( 4540): QCMediaPlayer mediaplayer NOT present
E/Gallery2/DrmHelper( 4540): Could not get drm file path
I/MediaFocusControl(  599):  AudioFocus  requestAudioFocus() from android.media.AudioManager@6c90205 req=2flags=0x0
V/WindowManager(  599): Adding window Window{285ae2c2 u0 com.android.gallery3d/com.android.gallery3d.app.MovieActivity} at 882 of 885 (after Window{100947d6 u0 com.android.gallery3d/com.android.gallery3d.app.MovieActivity})
V/WindowManager(  599): Adding window Window{104fcc10 u0 SurfaceView} at 882 of 886 (before Window{285ae2c2 u0 com.android.gallery3d/com.android.gallery3d.app.MovieActivity})
