--------- beginning of main
W/art     (  599): Long monitor contention event with owner method=int com.android.server.wm.WindowManagerService.relayoutWindow(com.android.server.wm.Session, android.view.IWindow, int, android.view.WindowManager$LayoutParams, int, int, int, int, android.graphics.Rect, android.graphics.Rect, android.graphics.Rect, android.graphics.Rect, android.graphics.Rect, android.content.res.Configuration, android.view.Surface) from WindowManagerService.java:3082 waiters=1 for 155ms
W/art     (  599): Long monitor contention event with owner method=void com.android.server.am.ActivityManagerService.activityPaused(android.os.IBinder) from ActivityManagerService.java:6476 waiters=0 for 228ms
D/AndroidRuntime(19509): >>>>>> START com.android.internal.os.RuntimeInit uid 2000 <<<<<<
D/AndroidRuntime(19509): CheckJNI is OFF
D/AndroidRuntime(19509): Calling main entry com.android.commands.am.Am
--------- beginning of system
I/ActivityManager(  599): START u0 {act=android.intent.action.VIEW dat=file:///storage//sdcard0//tzeench//fuzzed.webm typ=video/* flg=0x10000000 cmp=com.android.gallery3d/.app.MovieActivity} from uid 2000 on display 0
W/art     (  599): Long monitor contention event with owner method=void com.android.server.wm.WindowAnimator$1.run() from WindowAnimator.java:130 waiters=1 for 114ms
I/Choreographer( 1188): Skipped 45 frames!  The application may be doing too much work on its main thread.
D/AndroidRuntime(19509): Shutting down VM
V/WindowManager(  599): addAppToken: AppWindowToken{1f74dd3c token=Token{1505032f ActivityRecord{20550d0e u0 com.android.gallery3d/.app.MovieActivity t3687}}} to stack=1 task=3687 at 218
W/InputMethodManagerService(  599): Starting input on non-focused client com.android.internal.view.IInputMethodClient$Stub$Proxy@243d3cd5 (uid=10037 pid=4540)
I/Timeline( 1188): Timeline: Activity_idle id: android.os.BinderProxy@8504708 time:34754383
D/CodeauroraVideoView( 4540): setVideoURI uri = file:///storage//sdcard0//tzeench//fuzzed.webm
E/MediaPlayer-JNI( 4540): QCMediaPlayer mediaplayer NOT present
E/Gallery2/DrmHelper( 4540): Could not get drm file path
I/MediaFocusControl(  599):  AudioFocus  requestAudioFocus() from android.media.AudioManager@2b3e3eeb req=2flags=0x0
V/WindowManager(  599): Adding window Window{194ccf35 u0 com.android.gallery3d/com.android.gallery3d.app.MovieActivity} at 592 of 595 (after Window{22beb9f8 u0 com.android.gallery3d/com.android.gallery3d.app.MovieActivity})
W/art     (  599): Long monitor contention event with owner method=int com.android.server.wm.WindowManagerService.relayoutWindow(com.android.server.wm.Session, android.view.IWindow, int, android.view.WindowManager$LayoutParams, int, int, int, int, android.graphics.Rect, android.graphics.Rect, android.graphics.Rect, android.graphics.Rect, android.graphics.Rect, android.content.res.Configuration, android.view.Surface) from WindowManagerService.java:3082 waiters=1 for 125ms
V/WindowManager(  599): Adding window Window{328cf53b u0 SurfaceView} at 592 of 596 (before Window{194ccf35 u0 com.android.gallery3d/com.android.gallery3d.app.MovieActivity})
W/art     (  599): Long monitor contention event with owner method=int com.android.server.wm.WindowManagerService.relayoutWindow(com.android.server.wm.Session, android.view.IWindow, int, android.view.WindowManager$LayoutParams, int, int, int, int, android.graphics.Rect, android.graphics.Rect, android.graphics.Rect, android.graphics.Rect, android.graphics.Rect, android.content.res.Configuration, android.view.Surface) from WindowManagerService.java:3082 waiters=0 for 108ms
E/MediaPlayer-JNI( 4540): QCMediaPlayer mediaplayer NOT present
W/ALooperRoster(19148): failed to post message. Target handler 0 still registered, but object gone.
D/ExtendedUtils(19148): extended extractor not needed, return default
I/Choreographer( 4540): Skipped 30 frames!  The application may be doing too much work on its main thread.
W/OpenGLRenderer( 1188): Incorrectly called buildLayer on View: ShortcutAndWidgetContainer, destroying layer...
W/OpenGLRenderer( 1188): Incorrectly called buildLayer on View: ShortcutAndWidgetContainer, destroying layer...
I/ActivityManager(  599): Displayed com.android.gallery3d/.app.MovieActivity: +1s135ms
I/Timeline(  599): Timeline: Activity_windows_visible id: ActivityRecord{23904248 u0 com.cyanogenmod.trebuchet/com.android.launcher3.Launcher t529} time:34755427
E/MediaPlayer( 4540): Should have subtitle controller already set
D/MediaPlayer( 4540): getMetadata
W/art     (  599): Long monitor contention event with owner method=int com.android.server.wm.WindowManagerService.relayoutWindow(com.android.server.wm.Session, android.view.IWindow, int, android.view.WindowManager$LayoutParams, int, int, int, int, android.graphics.Rect, android.graphics.Rect, android.graphics.Rect, android.graphics.Rect, android.graphics.Rect, android.content.res.Configuration, android.view.Surface) from WindowManagerService.java:3082 waiters=1 for 212ms
V/CodeauroraVideoView( 4540): surfaceChanged() start()
I/Choreographer( 4540): Skipped 40 frames!  The application may be doing too much work on its main thread.
V/CodeauroraVideoView( 4540): surfaceChanged() start()
D/NuPlayerDriver(19148): start(0xb5aae040)
I/GenericSource(19148): start
I/ExtendedUtils(19148): No channel mask, try channel count
W/ExtendedUtils(19148): No bitrate info
I/NuPlayer(19148): Could not offload audio decode, pcm offload decided :0
W/OMXNodeInstance(19148): [3e:google.vp8.decoder] component does not support metadata mode; using fallback
E/ACodec  (19148): [OMX.google.vp8.decoder] storeMetaDataInBuffers failed w/ err -1010
I/ACodec  (19148): [OMX.google.vp8.decoder] DRC Mode: Port Reconfig Mode
E/OMXNodeInstance(19148): getParameter(3e:google.vp8.decoder, ParamVideoAndroidVp8Encoder(0x6f600007)) ERROR: UnsupportedIndex(0x8000101a)
F/SoftVorbis(19148): frameworks/av/media/libstagefright/codecs/vorbis/dec/SoftVorbis.cpp:276 CHECK_EQ( 0,_vorbis_unpack_books(mVi, &bits)) failed: 0 vs. -133
F/libc    (19148): Fatal signal 6 (SIGABRT), code -6 in tid 19568 (.vorbis.decoder)
I/DEBUG   (  232): property debug.db.uid not set; NOT waiting for gdb.
I/DEBUG   (  232): HINT: adb shell setprop debug.db.uid 100000
I/DEBUG   (  232): HINT: adb forward tcp:5039 tcp:5039
W/MediaPlayer( 4540): info/warning (3, 0)
W/art     (  599): Long monitor contention event with owner method=int com.android.server.wm.WindowManagerService.relayoutWindow(com.android.server.wm.Session, android.view.IWindow, int, android.view.WindowManager$LayoutParams, int, int, int, int, android.graphics.Rect, android.graphics.Rect, android.graphics.Rect, android.graphics.Rect, android.graphics.Rect, android.content.res.Configuration, android.view.Surface) from WindowManagerService.java:3082 waiters=0 for 125ms
I/DEBUG   (  232): *** *** *** *** *** *** *** *** *** *** *** *** *** *** *** ***
I/DEBUG   (  232): Build fingerprint: 'samsung/jfltexx/jflte:5.0.1/LRX22C/I9505XXUHOB7:user/release-keys'
I/DEBUG   (  232): Revision: '11'
I/DEBUG   (  232): ABI: 'arm'
I/DEBUG   (  232): pid: 19148, tid: 19568, name: .vorbis.decoder  >>> /system/bin/mediaserver <<<
I/DEBUG   (  232): signal 6 (SIGABRT), code -6 (SI_TKILL), fault addr --------
W/NativeCrashListener(  599): Couldn't find ProcessRecord for pid 19148
I/DEBUG   (  232): Abort message: 'frameworks/av/media/libstagefright/codecs/vorbis/dec/SoftVorbis.cpp:276 CHECK_EQ( 0,_vorbis_unpack_books(mVi, &bits)) failed: 0 vs. -133'
E/DEBUG   (  232): AM write failure (32 / Broken pipe)
I/DEBUG   (  232):     r0 00000000  r1 00004c70  r2 00000006  r3 00000000
I/DEBUG   (  232):     r4 b1200db8  r5 00000006  r6 00000000  r7 0000010c
I/DEBUG   (  232):     r8 b3852740  r9 b1200c1c  sl 00000001  fp b1200c58
I/DEBUG   (  232):     ip 00004c70  sp b1200788  lr b6eb3869  pc b6ed7488  cpsr 60000010
I/DEBUG   (  232): 
I/DEBUG   (  232): backtrace:
I/DEBUG   (  232):     #00 pc 00038488  /system/lib/libc.so (tgkill+12)
I/DEBUG   (  232):     #01 pc 00014865  /system/lib/libc.so (pthread_kill+52)
I/DEBUG   (  232):     #02 pc 000155bb  /system/lib/libc.so (raise+10)
I/DEBUG   (  232):     #03 pc 00011d25  /system/lib/libc.so (__libc_android_abort+36)
I/DEBUG   (  232):     #04 pc 000100d8  /system/lib/libc.so (abort+4)
I/DEBUG   (  232):     #05 pc 00001e0d  /system/lib/liblog.so (__android_log_assert+88)
I/DEBUG   (  232):     #06 pc 00002b79  /system/lib/libstagefright_soft_vorbisdec.so (android::SoftVorbis::onQueueFilled(unsigned int)+244)
I/DEBUG   (  232):     #07 pc 00016351  /system/lib/libstagefright_omx.so (android::SimpleSoftOMXComponent::onMessageReceived(android::sp<android::AMessage> const&)+220)
I/DEBUG   (  232):     #08 pc 00016497  /system/lib/libstagefright_omx.so
I/DEBUG   (  232):     #09 pc 0000b3b3  /system/lib/libstagefright_foundation.so (android::ALooperRoster::deliverMessage(android::sp<android::AMessage> const&)+166)
I/DEBUG   (  232):     #10 pc 0000ad35  /system/lib/libstagefright_foundation.so (android::ALooper::loop()+220)
I/DEBUG   (  232):     #11 pc 0000ef95  /system/lib/libutils.so (android::Thread::_threadLoop(void*)+112)
I/DEBUG   (  232):     #12 pc 0000eb05  /system/lib/libutils.so
I/DEBUG   (  232):     #13 pc 00014053  /system/lib/libc.so (__pthread_start(void*)+30)
I/DEBUG   (  232):     #14 pc 00012083  /system/lib/libc.so (__start_thread+6)
