--------- beginning of main
W/art     (  599): Long monitor contention event with owner method=void com.android.server.wm.WindowManagerService$H.handleMessage(android.os.Message) from WindowManagerService.java:7881 waiters=0 for 174ms
I/Timeline( 1188): Timeline: Activity_idle id: android.os.BinderProxy@8504708 time:34928590
D/AndroidRuntime(24540): >>>>>> START com.android.internal.os.RuntimeInit uid 2000 <<<<<<
D/AndroidRuntime(24540): CheckJNI is OFF
W/art     (  599): Long monitor contention event with owner method=int com.android.server.wm.WindowManagerService.relayoutWindow(com.android.server.wm.Session, android.view.IWindow, int, android.view.WindowManager$LayoutParams, int, int, int, int, android.graphics.Rect, android.graphics.Rect, android.graphics.Rect, android.graphics.Rect, android.graphics.Rect, android.content.res.Configuration, android.view.Surface) from WindowManagerService.java:3082 waiters=0 for 152ms
D/AndroidRuntime(24540): Calling main entry com.android.commands.am.Am
--------- beginning of system
I/ActivityManager(  599): START u0 {act=android.intent.action.VIEW dat=file:///storage//sdcard0//tzeench//fuzzed.webm typ=video/* flg=0x10000000 cmp=com.android.gallery3d/.app.MovieActivity} from uid 2000 on display 0
W/art     (  599): Long monitor contention event with owner method=void com.android.server.wm.WindowManagerService$H.handleMessage(android.os.Message) from WindowManagerService.java:7881 waiters=1 for 142ms
W/art     (  599): Long monitor contention event with owner method=void com.android.server.wm.WindowManagerService$H.handleMessage(android.os.Message) from WindowManagerService.java:7881 waiters=2 for 219ms
W/art     (  599): Long monitor contention event with owner method=int com.android.server.wm.WindowManagerService.relayoutWindow(com.android.server.wm.Session, android.view.IWindow, int, android.view.WindowManager$LayoutParams, int, int, int, int, android.graphics.Rect, android.graphics.Rect, android.graphics.Rect, android.graphics.Rect, android.graphics.Rect, android.content.res.Configuration, android.view.Surface) from WindowManagerService.java:3082 waiters=2 for 157ms
W/art     (  599): Long monitor contention event with owner method=int com.android.server.am.ActivityStackSupervisor.startActivityMayWait(android.app.IApplicationThread, int, java.lang.String, android.content.Intent, java.lang.String, android.service.voice.IVoiceInteractionSession, com.android.internal.app.IVoiceInteractor, android.os.IBinder, java.lang.String, int, int, android.app.ProfilerInfo, android.app.IActivityManager$WaitResult, android.content.res.Configuration, android.os.Bundle, int, android.app.IActivityContainer, com.android.server.am.TaskRecord) from ActivityStackSupervisor.java:882 waiters=0 for 329ms
D/AndroidRuntime(24540): Shutting down VM
V/WindowManager(  599): addAppToken: AppWindowToken{26ef6782 token=Token{5e1d2cd ActivityRecord{7370064 u0 com.android.gallery3d/.app.MovieActivity t3687}}} to stack=1 task=3687 at 253
I/Timeline(  599): Timeline: Activity_windows_visible id: ActivityRecord{23904248 u0 com.cyanogenmod.trebuchet/com.android.launcher3.Launcher t529} time:34929458
D/CodeauroraVideoView( 4540): setVideoURI uri = file:///storage//sdcard0//tzeench//fuzzed.webm
E/MediaPlayer-JNI( 4540): QCMediaPlayer mediaplayer NOT present
E/Gallery2/DrmHelper( 4540): Could not get drm file path
I/MediaFocusControl(  599):  AudioFocus  requestAudioFocus() from android.media.AudioManager@1243c130 req=2flags=0x0
W/OpenGLRenderer( 1188): Incorrectly called buildLayer on View: ShortcutAndWidgetContainer, destroying layer...
W/OpenGLRenderer( 1188): Incorrectly called buildLayer on View: ShortcutAndWidgetContainer, destroying layer...
V/WindowManager(  599): Adding window Window{1cf29283 u0 com.android.gallery3d/com.android.gallery3d.app.MovieActivity} at 678 of 681 (after Window{16ed6107 u0 com.android.gallery3d/com.android.gallery3d.app.MovieActivity})
V/WindowManager(  599): Adding window Window{1c62fc39 u0 SurfaceView} at 678 of 682 (before Window{1cf29283 u0 com.android.gallery3d/com.android.gallery3d.app.MovieActivity})
W/ProcessCpuTracker(  599): Skipping unknown process pid 24569
W/art     (  599): Long monitor contention event with owner method=int com.android.server.wm.WindowManagerService.relayoutWindow(com.android.server.wm.Session, android.view.IWindow, int, android.view.WindowManager$LayoutParams, int, int, int, int, android.graphics.Rect, android.graphics.Rect, android.graphics.Rect, android.graphics.Rect, android.graphics.Rect, android.content.res.Configuration, android.view.Surface) from WindowManagerService.java:3082 waiters=0 for 121ms
E/MediaPlayer-JNI( 4540): QCMediaPlayer mediaplayer NOT present
W/ALooperRoster(24026): failed to post message. Target handler 0 still registered, but object gone.
D/ExtendedUtils(24026): extended extractor not needed, return default
I/Choreographer( 4540): Skipped 36 frames!  The application may be doing too much work on its main thread.
I/ActivityManager(  599): Displayed com.android.gallery3d/.app.MovieActivity: +1s235ms
E/MediaPlayer( 4540): Should have subtitle controller already set
D/MediaPlayer( 4540): getMetadata
D/lights  (  599): set_light_leds: type=0, color=0x00ffff6000, fM=0, fOnMS=0, fOffMs=0.
D/lights  (  599): write_leds: color=0x00ff6000, delay_on=0, delay_off=0, blink="0x00ff6000 0 0".
D/ALSADevice(24026): standby: handle 0xb587a680 h 0x0
V/CodeauroraVideoView( 4540): surfaceChanged() start()
D/alsa_ucm(24026): snd_use_case_set(): uc_mgr 0xb586f7c0 identifier _verb value Inactive
D/alsa_ucm(24026): Set mixer controls for HiFi enable 0
D/alsa_ucm(24026): Setting mixer control: SLIMBUS_0_RX Audio Mixer MultiMedia1, value: 0
D/alsa_ucm(24026): snd_use_case_set(): uc_mgr 0xb586f7c0 identifier _disdev value Speaker
D/alsa_ucm(24026): Set mixer controls for Speaker enable 0
D/alsa_ucm(24026): Setting mixer control: RX5 MIX1 INP1, value: ZERO
D/alsa_ucm(24026): Setting mixer control: RX5 MIX1 INP2, value: ZERO
D/alsa_ucm(24026): Setting mixer control: LINEOUT2 Volume, value: 0
D/alsa_ucm(24026): Setting mixer control: LINEOUT4 Volume, value: 0
D/alsa_ucm(24026): Setting mixer control: RX5 Digital Volume, value: 0
D/AudioUsbALSA(24026): exitPlaybackThread, mproxypfdPlayback: -1
D/AudioUsbALSA(24026): closeDevice handle 0x0
D/AudioUsbALSA(24026): closeDevice handle 0x0
D/NuPlayerDriver(24026): start(0xb38501c0)
I/GenericSource(24026): start
I/ExtendedUtils(24026): No channel mask, try channel count
W/ExtendedUtils(24026): No bitrate info
I/NuPlayer(24026): Could not offload audio decode, pcm offload decided :0
W/OMXNodeInstance(24026): [3e:google.vp8.decoder] component does not support metadata mode; using fallback
E/ACodec  (24026): [OMX.google.vp8.decoder] storeMetaDataInBuffers failed w/ err -1010
I/ACodec  (24026): [OMX.google.vp8.decoder] DRC Mode: Port Reconfig Mode
E/OMXNodeInstance(24026): getParameter(3e:google.vp8.decoder, ParamVideoAndroidVp8Encoder(0x6f600007)) ERROR: UnsupportedIndex(0x8000101a)
F/SoftVorbis(24026): frameworks/av/media/libstagefright/codecs/vorbis/dec/SoftVorbis.cpp:276 CHECK_EQ( 0,_vorbis_unpack_books(mVi, &bits)) failed: 0 vs. -133
F/libc    (24026): Fatal signal 6 (SIGABRT), code -6 in tid 24597 (.vorbis.decoder)
I/DEBUG   (  232): property debug.db.uid not set; NOT waiting for gdb.
I/DEBUG   (  232): HINT: adb shell setprop debug.db.uid 100000
I/DEBUG   (  232): HINT: adb forward tcp:5039 tcp:5039
W/MediaPlayer( 4540): info/warning (3, 0)
I/DEBUG   (  232): *** *** *** *** *** *** *** *** *** *** *** *** *** *** *** ***
I/DEBUG   (  232): Build fingerprint: 'samsung/jfltexx/jflte:5.0.1/LRX22C/I9505XXUHOB7:user/release-keys'
I/DEBUG   (  232): Revision: '11'
I/DEBUG   (  232): ABI: 'arm'
I/DEBUG   (  232): pid: 24026, tid: 24597, name: .vorbis.decoder  >>> /system/bin/mediaserver <<<
E/DEBUG   (  232): AM write failure (32 / Broken pipe)
I/DEBUG   (  232): signal 6 (SIGABRT), code -6 (SI_TKILL), fault addr --------
W/NativeCrashListener(  599): Couldn't find ProcessRecord for pid 24026
I/DEBUG   (  232): Abort message: 'frameworks/av/media/libstagefright/codecs/vorbis/dec/SoftVorbis.cpp:276 CHECK_EQ( 0,_vorbis_unpack_books(mVi, &bits)) failed: 0 vs. -133'
I/DEBUG   (  232):     r0 00000000  r1 00006015  r2 00000006  r3 00000000
I/DEBUG   (  232):     r4 b116cdb8  r5 00000006  r6 00000000  r7 0000010c
I/DEBUG   (  232):     r8 b5a9d830  r9 b116cc1c  sl 00000001  fp b116cc58
I/DEBUG   (  232):     ip 00006015  sp b116c788  lr b6ec7869  pc b6eeb488  cpsr 60000010
I/DEBUG   (  232): 
I/DEBUG   (  232): backtrace:
I/DEBUG   (  232):     #00 pc 00038488  /system/lib/libc.so (tgkill+12)
I/DEBUG   (  232):     #01 pc 00014865  /system/lib/libc.so (pthread_kill+52)
I/DEBUG   (  232):     #02 pc 000155bb  /system/lib/libc.so (raise+10)
I/DEBUG   (  232):     #03 pc 00011d25  /system/lib/libc.so (__libc_android_abort+36)
I/DEBUG   (  232):     #04 pc 000100d8  /system/lib/libc.so (abort+4)
I/DEBUG   (  232):     #05 pc 00001e0d  /system/lib/liblog.so (__android_log_assert+88)
I/DEBUG   (  232):     #06 pc 00002b79  /system/lib/libstagefright_soft_vorbisdec.so (android::SoftVorbis::onQueueFilled(unsigned int)+244)
I/DEBUG   (  232):     #07 pc 00016351  /system/lib/libstagefright_omx.so (android::SimpleSoftOMXComponent::onMessageReceived(android::sp<android::AMessage> const&)+220)
I/DEBUG   (  232):     #08 pc 00016497  /system/lib/libstagefright_omx.so
I/DEBUG   (  232):     #09 pc 0000b3b3  /system/lib/libstagefright_foundation.so (android::ALooperRoster::deliverMessage(android::sp<android::AMessage> const&)+166)
I/DEBUG   (  232):     #10 pc 0000ad35  /system/lib/libstagefright_foundation.so (android::ALooper::loop()+220)
I/DEBUG   (  232):     #11 pc 0000ef95  /system/lib/libutils.so (android::Thread::_threadLoop(void*)+112)
I/DEBUG   (  232):     #12 pc 0000eb05  /system/lib/libutils.so
I/DEBUG   (  232):     #13 pc 00014053  /system/lib/libc.so (__pthread_start(void*)+30)
I/DEBUG   (  232):     #14 pc 00012083  /system/lib/libc.so (__start_thread+6)
I/Timeline(  599): Timeline: Activity_windows_visible id: ActivityRecord{7370064 u0 com.android.gallery3d/.app.MovieActivity t3687} time:34931354
